Archive member included to satisfy reference by file (symbol)

c:/program files (x86)/atollic/truestudio for stm32 9.2.0/armtools/bin/../lib/gcc/arm-atollic-eabi/6.3.1/../../../../arm-atollic-eabi/lib/armv7e-m/fpu\libc.a(lib_a-assert.o)
                              Src\circularbuffer.o (__assert_func)
c:/program files (x86)/atollic/truestudio for stm32 9.2.0/armtools/bin/../lib/gcc/arm-atollic-eabi/6.3.1/../../../../arm-atollic-eabi/lib/armv7e-m/fpu\libc.a(lib_a-errno.o)
                              Src\syscalls.o (__errno)
c:/program files (x86)/atollic/truestudio for stm32 9.2.0/armtools/bin/../lib/gcc/arm-atollic-eabi/6.3.1/../../../../arm-atollic-eabi/lib/armv7e-m/fpu\libc.a(lib_a-fiprintf.o)
                              c:/program files (x86)/atollic/truestudio for stm32 9.2.0/armtools/bin/../lib/gcc/arm-atollic-eabi/6.3.1/../../../../arm-atollic-eabi/lib/armv7e-m/fpu\libc.a(lib_a-assert.o) (fiprintf)
c:/program files (x86)/atollic/truestudio for stm32 9.2.0/armtools/bin/../lib/gcc/arm-atollic-eabi/6.3.1/../../../../arm-atollic-eabi/lib/armv7e-m/fpu\libc.a(lib_a-impure.o)
                              Middlewares\Third_Party\FreeRTOS\Source\portable\MemMang\heap_4.o (_impure_ptr)
c:/program files (x86)/atollic/truestudio for stm32 9.2.0/armtools/bin/../lib/gcc/arm-atollic-eabi/6.3.1/../../../../arm-atollic-eabi/lib/armv7e-m/fpu\libc.a(lib_a-init.o)
                              startup\startup_stm32f405xx.o (__libc_init_array)
c:/program files (x86)/atollic/truestudio for stm32 9.2.0/armtools/bin/../lib/gcc/arm-atollic-eabi/6.3.1/../../../../arm-atollic-eabi/lib/armv7e-m/fpu\libc.a(lib_a-malloc.o)
                              Middlewares\Third_Party\FreeRTOS\Source\portable\MemMang\heap_4.o (malloc)
c:/program files (x86)/atollic/truestudio for stm32 9.2.0/armtools/bin/../lib/gcc/arm-atollic-eabi/6.3.1/../../../../arm-atollic-eabi/lib/armv7e-m/fpu\libc.a(lib_a-mallocr.o)
                              c:/program files (x86)/atollic/truestudio for stm32 9.2.0/armtools/bin/../lib/gcc/arm-atollic-eabi/6.3.1/../../../../arm-atollic-eabi/lib/armv7e-m/fpu\libc.a(lib_a-malloc.o) (_malloc_r)
c:/program files (x86)/atollic/truestudio for stm32 9.2.0/armtools/bin/../lib/gcc/arm-atollic-eabi/6.3.1/../../../../arm-atollic-eabi/lib/armv7e-m/fpu\libc.a(lib_a-memcpy-stub.o)
                              Middlewares\Third_Party\FreeRTOS\Source\queue.o (memcpy)
c:/program files (x86)/atollic/truestudio for stm32 9.2.0/armtools/bin/../lib/gcc/arm-atollic-eabi/6.3.1/../../../../arm-atollic-eabi/lib/armv7e-m/fpu\libc.a(lib_a-memset.o)
                              Middlewares\Third_Party\FreeRTOS\Source\CMSIS_RTOS\cmsis_os.o (memset)
c:/program files (x86)/atollic/truestudio for stm32 9.2.0/armtools/bin/../lib/gcc/arm-atollic-eabi/6.3.1/../../../../arm-atollic-eabi/lib/armv7e-m/fpu\libc.a(lib_a-mstats.o)
                              Middlewares\Third_Party\FreeRTOS\Source\portable\MemMang\heap_4.o (mallinfo)
c:/program files (x86)/atollic/truestudio for stm32 9.2.0/armtools/bin/../lib/gcc/arm-atollic-eabi/6.3.1/../../../../arm-atollic-eabi/lib/armv7e-m/fpu\libc.a(lib_a-strcasecmp.o)
                              Src\nextionDisplay.o (strcasecmp)
c:/program files (x86)/atollic/truestudio for stm32 9.2.0/armtools/bin/../lib/gcc/arm-atollic-eabi/6.3.1/../../../../arm-atollic-eabi/lib/armv7e-m/fpu\libc.a(lib_a-strchr.o)
                              Src\nextionDisplay.o (strchr)
c:/program files (x86)/atollic/truestudio for stm32 9.2.0/armtools/bin/../lib/gcc/arm-atollic-eabi/6.3.1/../../../../arm-atollic-eabi/lib/armv7e-m/fpu\libc.a(lib_a-vfiprintf.o)
                              c:/program files (x86)/atollic/truestudio for stm32 9.2.0/armtools/bin/../lib/gcc/arm-atollic-eabi/6.3.1/../../../../arm-atollic-eabi/lib/armv7e-m/fpu\libc.a(lib_a-fiprintf.o) (_vfiprintf_r)
c:/program files (x86)/atollic/truestudio for stm32 9.2.0/armtools/bin/../lib/gcc/arm-atollic-eabi/6.3.1/../../../../arm-atollic-eabi/lib/armv7e-m/fpu\libc.a(lib_a-vsnprintf.o)
                              Src\nextionDisplay.o (vsnprintf)
c:/program files (x86)/atollic/truestudio for stm32 9.2.0/armtools/bin/../lib/gcc/arm-atollic-eabi/6.3.1/../../../../arm-atollic-eabi/lib/armv7e-m/fpu\libc.a(lib_a-wsetup.o)
                              c:/program files (x86)/atollic/truestudio for stm32 9.2.0/armtools/bin/../lib/gcc/arm-atollic-eabi/6.3.1/../../../../arm-atollic-eabi/lib/armv7e-m/fpu\libc.a(lib_a-vfiprintf.o) (__swsetup_r)
c:/program files (x86)/atollic/truestudio for stm32 9.2.0/armtools/bin/../lib/gcc/arm-atollic-eabi/6.3.1/../../../../arm-atollic-eabi/lib/armv7e-m/fpu\libc.a(lib_a-abort.o)
                              c:/program files (x86)/atollic/truestudio for stm32 9.2.0/armtools/bin/../lib/gcc/arm-atollic-eabi/6.3.1/../../../../arm-atollic-eabi/lib/armv7e-m/fpu\libc.a(lib_a-assert.o) (abort)
[...]
Memory Configuration

Name             Origin             Length             Attributes
RAM              0x20000000         0x00020000         xrw
CCMRAM           0x10000000         0x00010000         xrw
FLASH            0x08000000         0x00100000         xr
*default*        0x00000000         0xffffffff

Linker script and memory map

LOAD c:/program files (x86)/atollic/truestudio for stm32 9.2.0/armtools/bin/../lib/gcc/arm-atollic-eabi/6.3.1/armv7e-m/fpu/crti.o
LOAD c:/program files (x86)/atollic/truestudio for stm32 9.2.0/armtools/bin/../lib/gcc/arm-atollic-eabi/6.3.1/armv7e-m/fpu/crtbegin.o
LOAD Drivers\STM32F4xx_HAL_Driver\Src\stm32f4xx_hal.o
LOAD Drivers\STM32F4xx_HAL_Driver\Src\stm32f4xx_hal_adc.o
LOAD Drivers\STM32F4xx_HAL_Driver\Src\stm32f4xx_hal_adc_ex.o
LOAD Drivers\STM32F4xx_HAL_Driver\Src\stm32f4xx_hal_can.o
LOAD Drivers\STM32F4xx_HAL_Driver\Src\stm32f4xx_hal_cortex.o
LOAD Drivers\STM32F4xx_HAL_Driver\Src\stm32f4xx_hal_dma.o
LOAD Drivers\STM32F4xx_HAL_Driver\Src\stm32f4xx_hal_dma_ex.o
LOAD Drivers\STM32F4xx_HAL_Driver\Src\stm32f4xx_hal_exti.o
LOAD Drivers\STM32F4xx_HAL_Driver\Src\stm32f4xx_hal_flash.o
LOAD Drivers\STM32F4xx_HAL_Driver\Src\stm32f4xx_hal_flash_ex.o
LOAD Drivers\STM32F4xx_HAL_Driver\Src\stm32f4xx_hal_flash_ramfunc.o
LOAD Drivers\STM32F4xx_HAL_Driver\Src\stm32f4xx_hal_gpio.o
LOAD Drivers\STM32F4xx_HAL_Driver\Src\stm32f4xx_hal_i2c.o
LOAD Drivers\STM32F4xx_HAL_Driver\Src\stm32f4xx_hal_i2c_ex.o
LOAD Drivers\STM32F4xx_HAL_Driver\Src\stm32f4xx_hal_pwr.o
LOAD Drivers\STM32F4xx_HAL_Driver\Src\stm32f4xx_hal_pwr_ex.o
LOAD Drivers\STM32F4xx_HAL_Driver\Src\stm32f4xx_hal_rcc.o
LOAD Drivers\STM32F4xx_HAL_Driver\Src\stm32f4xx_hal_rcc_ex.o
LOAD Drivers\STM32F4xx_HAL_Driver\Src\stm32f4xx_hal_spi.o
LOAD Drivers\STM32F4xx_HAL_Driver\Src\stm32f4xx_hal_tim.o
LOAD Drivers\STM32F4xx_HAL_Driver\Src\stm32f4xx_hal_tim_ex.o
LOAD Drivers\STM32F4xx_HAL_Driver\Src\stm32f4xx_hal_uart.o
LOAD Drivers\STM32F4xx_HAL_Driver\Src\stm32f4xx_ll_adc.o
LOAD Middlewares\Third_Party\FreeRTOS\Source\CMSIS_RTOS\cmsis_os.o
LOAD Middlewares\Third_Party\FreeRTOS\Source\croutine.o
LOAD Middlewares\Third_Party\FreeRTOS\Source\event_groups.o
LOAD Middlewares\Third_Party\FreeRTOS\Source\list.o
LOAD Middlewares\Third_Party\FreeRTOS\Source\portable\GCC\ARM_CM4F\port.o
LOAD Middlewares\Third_Party\FreeRTOS\Source\portable\MemMang\heap_4.o
LOAD Middlewares\Third_Party\FreeRTOS\Source\queue.o
LOAD Middlewares\Third_Party\FreeRTOS\Source\stream_buffer.o
LOAD Middlewares\Third_Party\FreeRTOS\Source\tasks.o
LOAD Middlewares\Third_Party\FreeRTOS\Source\timers.o
LOAD Src\circularbuffer.o
LOAD Src\freertos.o
LOAD Src\main.o
LOAD Src\nextionDisplay.o
LOAD Src\sensorsTask.o
LOAD Src\stm32f4xx_hal_msp.o
LOAD Src\stm32f4xx_it.o
LOAD Src\stm_bme_280.o
LOAD Src\syscalls.o
LOAD Src\system_stm32f4xx.o
LOAD startup\startup_stm32f405xx.o
                0x00000080                malloc_getpagesize_P = 0x80
START GROUP
LOAD c:/program files (x86)/atollic/truestudio for stm32 9.2.0/armtools/bin/../lib/gcc/arm-atollic-eabi/6.3.1/../../../../arm-atollic-eabi/lib/armv7e-m/fpu\libc.a
LOAD c:/program files (x86)/atollic/truestudio for stm32 9.2.0/armtools/bin/../lib/gcc/arm-atollic-eabi/6.3.1/../../../../arm-atollic-eabi/lib/armv7e-m/fpu\libm.a
END GROUP
START GROUP
LOAD c:/program files (x86)/atollic/truestudio for stm32 9.2.0/armtools/bin/../lib/gcc/arm-atollic-eabi/6.3.1/armv7e-m/fpu\libgcc.a
LOAD c:/program files (x86)/atollic/truestudio for stm32 9.2.0/armtools/bin/../lib/gcc/arm-atollic-eabi/6.3.1/../../../../arm-atollic-eabi/lib/armv7e-m/fpu\libc.a
END GROUP
START GROUP
LOAD c:/program files (x86)/atollic/truestudio for stm32 9.2.0/armtools/bin/../lib/gcc/arm-atollic-eabi/6.3.1/armv7e-m/fpu\libgcc.a
LOAD c:/program files (x86)/atollic/truestudio for stm32 9.2.0/armtools/bin/../lib/gcc/arm-atollic-eabi/6.3.1/../../../../arm-atollic-eabi/lib/armv7e-m/fpu\libc.a
LOAD c:/program files (x86)/atollic/truestudio for stm32 9.2.0/armtools/bin/../lib/gcc/arm-atollic-eabi/6.3.1/../../../../arm-atollic-eabi/lib/armv7e-m/fpu\libnosys.a
END GROUP
LOAD c:/program files (x86)/atollic/truestudio for stm32 9.2.0/armtools/bin/../lib/gcc/arm-atollic-eabi/6.3.1/armv7e-m/fpu/crtend.o
LOAD c:/program files (x86)/atollic/truestudio for stm32 9.2.0/armtools/bin/../lib/gcc/arm-atollic-eabi/6.3.1/armv7e-m/fpu/crtn.o
                0x20020000                _estack = 0x20020000
                0x00000400                _Min_Heap_Size = 0x400
                0x00000800                _Min_Stack_Size = 0x800

.isr_vector     0x08000000      0x188
                0x08000000                . = ALIGN (0x4)
 *(.isr_vector)
 .isr_vector    0x08000000      0x188 startup\startup_stm32f405xx.o
                0x08000000                g_pfnVectors
                0x08000188                . = ALIGN (0x4)

.text           0x08000190     0xd4c4
                0x08000190                . = ALIGN (0x4)
 *(.text)
 .text          0x08000190       0x40 c:/program files (x86)/atollic/truestudio for stm32 9.2.0/armtools/bin/../lib/gcc/arm-atollic-eabi/6.3.1/armv7e-m/fpu/crtbegin.o
 .text          0x080001d0       0xa0 c:/program files (x86)/atollic/truestudio for stm32 9.2.0/armtools/bin/../lib/gcc/arm-atollic-eabi/6.3.1/../../../../arm-atollic-eabi/lib/armv7e-m/fpu\libc.a(lib_a-memchr.o)
                0x080001d0                memchr
 .text          0x08000270       0x10 c:/program files (x86)/atollic/truestudio for stm32 9.2.0/armtools/bin/../lib/gcc/arm-atollic-eabi/6.3.1/../../../../arm-atollic-eabi/lib/armv7e-m/fpu\libc.a(lib_a-strlen.o)
                0x08000270                strlen
 .text          0x08000280      0x370 c:/program files (x86)/atollic/truestudio for stm32 9.2.0/armtools/bin/../lib/gcc/arm-atollic-eabi/6.3.1/armv7e-m/fpu\libgcc.a(_arm_addsubdf3.o)
                0x08000280                __aeabi_drsub
                0x08000288                __aeabi_dsub
                0x08000288                __subdf3
                0x0800028c                __aeabi_dadd
                0x0800028c                __adddf3
                0x08000504                __floatunsidf
                0x08000504                __aeabi_ui2d
                0x08000524                __floatsidf
                0x08000524                __aeabi_i2d
                0x08000548                __aeabi_f2d
                0x08000548                __extendsfdf2
                0x08000584                __floatundidf
                0x08000584                __aeabi_ul2d
                0x08000594                __floatdidf
                0x08000594                __aeabi_l2d
 .text          0x080005f0      0x424 c:/program files (x86)/atollic/truestudio for stm32 9.2.0/armtools/bin/../lib/gcc/arm-atollic-eabi/6.3.1/armv7e-m/fpu\libgcc.a(_arm_muldivdf3.o)
                0x080005f0                __aeabi_dmul
                0x080005f0                __muldf3
                0x08000844                __divdf3
                0x08000844                __aeabi_ddiv
 .text          0x08000a14      0x110 c:/program files (x86)/atollic/truestudio for stm32 9.2.0/armtools/bin/../lib/gcc/arm-atollic-eabi/6.3.1/armv7e-m/fpu\libgcc.a(_arm_cmpdf2.o)
                0x08000a14                __gtdf2
                0x08000a14                __gedf2
                0x08000a1c                __ltdf2
                0x08000a1c                __ledf2
                0x08000a24                __nedf2
                0x08000a24                __eqdf2
                0x08000a24                __cmpdf2
                0x08000aa0                __aeabi_cdrcmple
                0x08000ab0                __aeabi_cdcmpeq
                0x08000ab0                __aeabi_cdcmple
                0x08000ac0                __aeabi_dcmpeq
                0x08000ad4                __aeabi_dcmplt
                0x08000ae8                __aeabi_dcmple
                0x08000afc                __aeabi_dcmpge
                0x08000b10                __aeabi_dcmpgt
 .text          0x08000b24       0x2c c:/program files (x86)/atollic/truestudio for stm32 9.2.0/armtools/bin/../lib/gcc/arm-atollic-eabi/6.3.1/armv7e-m/fpu\libgcc.a(_arm_unorddf2.o)
                0x08000b24                __unorddf2
                0x08000b24                __aeabi_dcmpun
 .text          0x08000b50       0x50 c:/program files (x86)/atollic/truestudio for stm32 9.2.0/armtools/bin/../lib/gcc/arm-atollic-eabi/6.3.1/armv7e-m/fpu\libgcc.a(_arm_fixdfsi.o)
                0x08000b50                __aeabi_d2iz
                0x08000b50                __fixdfsi
 .text          0x08000ba0       0xa0 c:/program files (x86)/atollic/truestudio for stm32 9.2.0/armtools/bin/../lib/gcc/arm-atollic-eabi/6.3.1/armv7e-m/fpu\libgcc.a(_aeabi_ldivmod.o)
                0x08000ba0                __aeabi_ldivmod
 .text          0x08000c40       0x30 c:/program files (x86)/atollic/truestudio for stm32 9.2.0/armtools/bin/../lib/gcc/arm-atollic-eabi/6.3.1/armv7e-m/fpu\libgcc.a(_aeabi_uldivmod.o)
                0x08000c40                __aeabi_uldivmod
 .text          0x08000c70      0x2dc c:/program files (x86)/atollic/truestudio for stm32 9.2.0/armtools/bin/../lib/gcc/arm-atollic-eabi/6.3.1/armv7e-m/fpu\libgcc.a(_udivmoddi4.o)
                0x08000c70                __udivmoddi4
 .text          0x08000f4c        0x4 c:/program files (x86)/atollic/truestudio for stm32 9.2.0/armtools/bin/../lib/gcc/arm-atollic-eabi/6.3.1/armv7e-m/fpu\libgcc.a(_dvmd_tls.o)
                0x08000f4c                __aeabi_idiv0
                0x08000f4c                __aeabi_ldiv0
 *(.text*)
 .text.HAL_Init
                0x08000f50       0x44 Drivers\STM32F4xx_HAL_Driver\Src\stm32f4xx_hal.o
                0x08000f50                HAL_Init
 .text.HAL_InitTick
                0x08000f94       0x60 Drivers\STM32F4xx_HAL_Driver\Src\stm32f4xx_hal.o
                0x08000f94                HAL_InitTick
 .text.HAL_IncTick
                0x08000ff4       0x28 Drivers\STM32F4xx_HAL_Driver\Src\stm32f4xx_hal.o
                0x08000ff4                HAL_IncTick
 .text.HAL_GetTick
                0x0800101c       0x18 Drivers\STM32F4xx_HAL_Driver\Src\stm32f4xx_hal.o
                0x0800101c                HAL_GetTick
 .text.HAL_ADC_Init
                0x08001034       0x86 Drivers\STM32F4xx_HAL_Driver\Src\stm32f4xx_hal_adc.o
                0x08001034                HAL_ADC_Init
 *fill*         0x080010ba        0x2 
 .text.HAL_ADC_ConfigChannel
                0x080010bc      0x248 Drivers\STM32F4xx_HAL_Driver\Src\stm32f4xx_hal_adc.o
                0x080010bc                HAL_ADC_ConfigChannel
 .text.ADC_Init
                0x08001304      0x1f8 Drivers\STM32F4xx_HAL_Driver\Src\stm32f4xx_hal_adc.o
 .text.HAL_CAN_Init
                0x080014fc      0x1f4 Drivers\STM32F4xx_HAL_Driver\Src\stm32f4xx_hal_can.o
                0x080014fc                HAL_CAN_Init
 .text.__NVIC_SetPriorityGrouping
                0x080016f0       0x48 Drivers\STM32F4xx_HAL_Driver\Src\stm32f4xx_hal_cortex.o
 .text.__NVIC_GetPriorityGrouping
                0x08001738       0x1c Drivers\STM32F4xx_HAL_Driver\Src\stm32f4xx_hal_cortex.o
 .text.__NVIC_EnableIRQ
                0x08001754       0x3c Drivers\STM32F4xx_HAL_Driver\Src\stm32f4xx_hal_cortex.o
 .text.__NVIC_SetPriority
                0x08001790       0x54 Drivers\STM32F4xx_HAL_Driver\Src\stm32f4xx_hal_cortex.o
 .text.NVIC_EncodePriority
                0x080017e4       0x62 Drivers\STM32F4xx_HAL_Driver\Src\stm32f4xx_hal_cortex.o
 *fill*         0x08001846        0x2 
 .text.SysTick_Config
                0x08001848       0x44 Drivers\STM32F4xx_HAL_Driver\Src\stm32f4xx_hal_cortex.o
 .text.HAL_NVIC_SetPriorityGrouping
                0x0800188c       0x16 Drivers\STM32F4xx_HAL_Driver\Src\stm32f4xx_hal_cortex.o
                0x0800188c                HAL_NVIC_SetPriorityGrouping
 .text.HAL_NVIC_SetPriority
                0x080018a2       0x38 Drivers\STM32F4xx_HAL_Driver\Src\stm32f4xx_hal_cortex.o
                0x080018a2                HAL_NVIC_SetPriority
 .text.HAL_NVIC_EnableIRQ
                0x080018da       0x1c Drivers\STM32F4xx_HAL_Driver\Src\stm32f4xx_hal_cortex.o
                0x080018da                HAL_NVIC_EnableIRQ
 .text.HAL_SYSTICK_Config
                0x080018f6       0x18 Drivers\STM32F4xx_HAL_Driver\Src\stm32f4xx_hal_cortex.o
                0x080018f6                HAL_SYSTICK_Config
 .text.HAL_DMA_Abort
                0x0800190e       0xe0 Drivers\STM32F4xx_HAL_Driver\Src\stm32f4xx_hal_dma.o
                0x0800190e                HAL_DMA_Abort
 .text.HAL_DMA_Abort_IT
                0x080019ee       0x44 Drivers\STM32F4xx_HAL_Driver\Src\stm32f4xx_hal_dma.o
                0x080019ee                HAL_DMA_Abort_IT
 *fill*         0x08001a32        0x2 
 .text.HAL_GPIO_Init
                0x08001a34      0x334 Drivers\STM32F4xx_HAL_Driver\Src\stm32f4xx_hal_gpio.o
                0x08001a34                HAL_GPIO_Init
 .text.HAL_GPIO_WritePin
                0x08001d68       0x32 Drivers\STM32F4xx_HAL_Driver\Src\stm32f4xx_hal_gpio.o
                0x08001d68                HAL_GPIO_WritePin
 .text.HAL_GPIO_TogglePin
                0x08001d9a       0x34 Drivers\STM32F4xx_HAL_Driver\Src\stm32f4xx_hal_gpio.o
                0x08001d9a                HAL_GPIO_TogglePin
 *fill*         0x08001dce        0x2 
 .text.HAL_I2C_Init
                0x08001dd0      0x270 Drivers\STM32F4xx_HAL_Driver\Src\stm32f4xx_hal_i2c.o
                0x08001dd0                HAL_I2C_Init
 .text.HAL_RCC_OscConfig
                0x08002040      0x4f0 Drivers\STM32F4xx_HAL_Driver\Src\stm32f4xx_hal_rcc.o
                0x08002040                HAL_RCC_OscConfig
 .text.HAL_RCC_ClockConfig
                0x08002530      0x1cc Drivers\STM32F4xx_HAL_Driver\Src\stm32f4xx_hal_rcc.o
                0x08002530                HAL_RCC_ClockConfig
 .text.HAL_RCC_GetSysClockFreq
                0x080026fc      0x16c Drivers\STM32F4xx_HAL_Driver\Src\stm32f4xx_hal_rcc.o
                0x080026fc                HAL_RCC_GetSysClockFreq
 .text.HAL_RCC_GetHCLKFreq
                0x08002868       0x18 Drivers\STM32F4xx_HAL_Driver\Src\stm32f4xx_hal_rcc.o
                0x08002868                HAL_RCC_GetHCLKFreq
 .text.HAL_RCC_GetPCLK1Freq
                0x08002880       0x28 Drivers\STM32F4xx_HAL_Driver\Src\stm32f4xx_hal_rcc.o
                0x08002880                HAL_RCC_GetPCLK1Freq
 .text.HAL_RCC_GetPCLK2Freq
                0x080028a8       0x28 Drivers\STM32F4xx_HAL_Driver\Src\stm32f4xx_hal_rcc.o
                0x080028a8                HAL_RCC_GetPCLK2Freq
 .text.HAL_SPI_Init
                0x080028d0      0x110 Drivers\STM32F4xx_HAL_Driver\Src\stm32f4xx_hal_spi.o
                0x080028d0                HAL_SPI_Init
 .text.HAL_SPI_Transmit
                0x080029e0      0x274 Drivers\STM32F4xx_HAL_Driver\Src\stm32f4xx_hal_spi.o
                0x080029e0                HAL_SPI_Transmit
 .text.HAL_SPI_TransmitReceive
                0x08002c54      0x340 Drivers\STM32F4xx_HAL_Driver\Src\stm32f4xx_hal_spi.o
                0x08002c54                HAL_SPI_TransmitReceive
 .text.SPI_WaitFlagStateUntilTimeout
                0x08002f94      0x110 Drivers\STM32F4xx_HAL_Driver\Src\stm32f4xx_hal_spi.o
 .text.SPI_EndRxTxTransaction
                0x080030a4       0x84 Drivers\STM32F4xx_HAL_Driver\Src\stm32f4xx_hal_spi.o
 .text.HAL_TIM_PWM_Init
                0x08003128       0x9e Drivers\STM32F4xx_HAL_Driver\Src\stm32f4xx_hal_tim.o
                0x08003128                HAL_TIM_PWM_Init
 *fill*         0x080031c6        0x2 
 .text.HAL_TIM_PWM_Start
                0x080031c8      0x190 Drivers\STM32F4xx_HAL_Driver\Src\stm32f4xx_hal_tim.o
                0x080031c8                HAL_TIM_PWM_Start
 .text.HAL_TIM_IC_Init
                0x08003358       0x9e Drivers\STM32F4xx_HAL_Driver\Src\stm32f4xx_hal_tim.o
                0x08003358                HAL_TIM_IC_Init
 .text.HAL_TIM_Encoder_Init
                0x080033f6      0x14c Drivers\STM32F4xx_HAL_Driver\Src\stm32f4xx_hal_tim.o
                0x080033f6                HAL_TIM_Encoder_Init
 .text.HAL_TIM_IC_ConfigChannel
                0x08003542      0x138 Drivers\STM32F4xx_HAL_Driver\Src\stm32f4xx_hal_tim.o
                0x08003542                HAL_TIM_IC_ConfigChannel
 *fill*         0x0800367a        0x2 
 .text.HAL_TIM_PWM_ConfigChannel
                0x0800367c      0x184 Drivers\STM32F4xx_HAL_Driver\Src\stm32f4xx_hal_tim.o
                0x0800367c                HAL_TIM_PWM_ConfigChannel
 .text.TIM_Base_SetConfig
                0x08003800      0x140 Drivers\STM32F4xx_HAL_Driver\Src\stm32f4xx_hal_tim.o
                0x08003800                TIM_Base_SetConfig
 .text.TIM_OC1_SetConfig
                0x08003940       0xe0 Drivers\STM32F4xx_HAL_Driver\Src\stm32f4xx_hal_tim.o
 .text.TIM_OC2_SetConfig
                0x08003a20       0xec Drivers\STM32F4xx_HAL_Driver\Src\stm32f4xx_hal_tim.o
                0x08003a20                TIM_OC2_SetConfig
 .text.TIM_OC3_SetConfig
                0x08003b0c       0xe8 Drivers\STM32F4xx_HAL_Driver\Src\stm32f4xx_hal_tim.o
 .text.TIM_OC4_SetConfig
                0x08003bf4       0xac Drivers\STM32F4xx_HAL_Driver\Src\stm32f4xx_hal_tim.o
 .text.TIM_TI1_SetConfig
                0x08003ca0       0xe8 Drivers\STM32F4xx_HAL_Driver\Src\stm32f4xx_hal_tim.o
                0x08003ca0                TIM_TI1_SetConfig
 .text.TIM_TI2_SetConfig
                0x08003d88       0x7a Drivers\STM32F4xx_HAL_Driver\Src\stm32f4xx_hal_tim.o
 .text.TIM_TI3_SetConfig
                0x08003e02       0x78 Drivers\STM32F4xx_HAL_Driver\Src\stm32f4xx_hal_tim.o
 .text.TIM_TI4_SetConfig
                0x08003e7a       0x7a Drivers\STM32F4xx_HAL_Driver\Src\stm32f4xx_hal_tim.o
 .text.TIM_CCxChannelCmd
                0x08003ef4       0x4a Drivers\STM32F4xx_HAL_Driver\Src\stm32f4xx_hal_tim.o
                0x08003ef4                TIM_CCxChannelCmd
 *fill*         0x08003f3e        0x2 
 .text.HAL_TIMEx_MasterConfigSynchronization
                0x08003f40       0xf8 Drivers\STM32F4xx_HAL_Driver\Src\stm32f4xx_hal_tim_ex.o
                0x08003f40                HAL_TIMEx_MasterConfigSynchronization
 .text.HAL_UART_Init
                0x08004038       0x9a Drivers\STM32F4xx_HAL_Driver\Src\stm32f4xx_hal_uart.o
                0x08004038                HAL_UART_Init
 .text.HAL_UART_Transmit
                0x080040d2      0x122 Drivers\STM32F4xx_HAL_Driver\Src\stm32f4xx_hal_uart.o
                0x080040d2                HAL_UART_Transmit
 .text.HAL_UART_Receive_IT
                0x080041f4       0x60 Drivers\STM32F4xx_HAL_Driver\Src\stm32f4xx_hal_uart.o
                0x080041f4                HAL_UART_Receive_IT
 .text.HAL_UART_IRQHandler
                0x08004254      0x51c Drivers\STM32F4xx_HAL_Driver\Src\stm32f4xx_hal_uart.o
                0x08004254                HAL_UART_IRQHandler
 .text.HAL_UART_TxCpltCallback
                0x08004770       0x14 Drivers\STM32F4xx_HAL_Driver\Src\stm32f4xx_hal_uart.o
                0x08004770                HAL_UART_TxCpltCallback
 .text.HAL_UART_ErrorCallback
                0x08004784       0x14 Drivers\STM32F4xx_HAL_Driver\Src\stm32f4xx_hal_uart.o
                0x08004784                HAL_UART_ErrorCallback
 .text.HAL_UARTEx_RxEventCallback
                0x08004798       0x18 Drivers\STM32F4xx_HAL_Driver\Src\stm32f4xx_hal_uart.o
                0x08004798                HAL_UARTEx_RxEventCallback
 .text.UART_WaitOnFlagUntilTimeout
                0x080047b0       0xdc Drivers\STM32F4xx_HAL_Driver\Src\stm32f4xx_hal_uart.o
 .text.UART_Start_Receive_IT
                0x0800488c       0x74 Drivers\STM32F4xx_HAL_Driver\Src\stm32f4xx_hal_uart.o
                0x0800488c                UART_Start_Receive_IT
 .text.UART_EndRxTransfer
                0x08004900       0xc6 Drivers\STM32F4xx_HAL_Driver\Src\stm32f4xx_hal_uart.o
 .text.UART_DMAAbortOnError
                0x080049c6       0x28 Drivers\STM32F4xx_HAL_Driver\Src\stm32f4xx_hal_uart.o
 .text.UART_Transmit_IT
                0x080049ee       0x9e Drivers\STM32F4xx_HAL_Driver\Src\stm32f4xx_hal_uart.o
 .text.UART_EndTransmit_IT
                0x08004a8c       0x30 Drivers\STM32F4xx_HAL_Driver\Src\stm32f4xx_hal_uart.o
 .text.UART_Receive_IT
                0x08004abc      0x176 Drivers\STM32F4xx_HAL_Driver\Src\stm32f4xx_hal_uart.o
 *fill*         0x08004c32        0x2 
 .text.UART_SetConfig
                0x08004c34      0x360 Drivers\STM32F4xx_HAL_Driver\Src\stm32f4xx_hal_uart.o
 .text.makeFreeRtosPriority
                0x08004f94       0x30 Middlewares\Third_Party\FreeRTOS\Source\CMSIS_RTOS\cmsis_os.o
 .text.osKernelStart
                0x08004fc4        0xe Middlewares\Third_Party\FreeRTOS\Source\CMSIS_RTOS\cmsis_os.o
                0x08004fc4                osKernelStart
 .text.osThreadCreate
                0x08004fd2       0x98 Middlewares\Third_Party\FreeRTOS\Source\CMSIS_RTOS\cmsis_os.o
                0x08004fd2                osThreadCreate
 .text.osDelay  0x0800506a       0x28 Middlewares\Third_Party\FreeRTOS\Source\CMSIS_RTOS\cmsis_os.o
                0x0800506a                osDelay
 .text.vListInitialise
                0x08005092       0x40 Middlewares\Third_Party\FreeRTOS\Source\list.o
                0x08005092                vListInitialise
 .text.vListInitialiseItem
                0x080050d2       0x1a Middlewares\Third_Party\FreeRTOS\Source\list.o
                0x080050d2                vListInitialiseItem
 .text.vListInsertEnd
                0x080050ec       0x48 Middlewares\Third_Party\FreeRTOS\Source\list.o
                0x080050ec                vListInsertEnd
 .text.vListInsert
                0x08005134       0x72 Middlewares\Third_Party\FreeRTOS\Source\list.o
                0x08005134                vListInsert
 .text.uxListRemove
                0x080051a6       0x54 Middlewares\Third_Party\FreeRTOS\Source\list.o
                0x080051a6                uxListRemove
 *fill*         0x080051fa        0x2 
 .text.pxPortInitialiseStack
                0x080051fc       0x68 Middlewares\Third_Party\FreeRTOS\Source\portable\GCC\ARM_CM4F\port.o
                0x080051fc                pxPortInitialiseStack
 .text.prvTaskExitError
                0x08005264       0x54 Middlewares\Third_Party\FreeRTOS\Source\portable\GCC\ARM_CM4F\port.o
 *fill*         0x080052b8        0x8 
 .text.SVC_Handler
                0x080052c0       0x28 Middlewares\Third_Party\FreeRTOS\Source\portable\GCC\ARM_CM4F\port.o
                0x080052c0                SVC_Handler
 .text.prvPortStartFirstTask
                0x080052e8       0x28 Middlewares\Third_Party\FreeRTOS\Source\portable\GCC\ARM_CM4F\port.o
 .text.xPortStartScheduler
                0x08005310      0x13c Middlewares\Third_Party\FreeRTOS\Source\portable\GCC\ARM_CM4F\port.o
                0x08005310                xPortStartScheduler
 .text.vPortEnterCritical
                0x0800544c       0x5c Middlewares\Third_Party\FreeRTOS\Source\portable\GCC\ARM_CM4F\port.o
                0x0800544c                vPortEnterCritical
 .text.vPortExitCritical
                0x080054a8       0x50 Middlewares\Third_Party\FreeRTOS\Source\portable\GCC\ARM_CM4F\port.o
                0x080054a8                vPortExitCritical
 *fill*         0x080054f8        0x8 
 .text.PendSV_Handler
                0x08005500       0x68 Middlewares\Third_Party\FreeRTOS\Source\portable\GCC\ARM_CM4F\port.o
                0x08005500                PendSV_Handler
 .text.xPortSysTickHandler
                0x08005568       0x40 Middlewares\Third_Party\FreeRTOS\Source\portable\GCC\ARM_CM4F\port.o
                0x08005568                xPortSysTickHandler
 .text.vPortSetupTimerInterrupt
                0x080055a8       0x48 Middlewares\Third_Party\FreeRTOS\Source\portable\GCC\ARM_CM4F\port.o
                0x080055a8                vPortSetupTimerInterrupt
 .text.vPortEnableVFP
                0x080055f0       0x14 Middlewares\Third_Party\FreeRTOS\Source\portable\GCC\ARM_CM4F\port.o
 .text._sbrk_r  0x08005604       0xb8 Middlewares\Third_Party\FreeRTOS\Source\portable\MemMang\heap_4.o
                0x08005604                _sbrk_r
 .text.__malloc_lock
                0x080056bc       0x50 Middlewares\Third_Party\FreeRTOS\Source\portable\MemMang\heap_4.o
                0x080056bc                __malloc_lock
 .text.__malloc_unlock
                0x0800570c       0x14 Middlewares\Third_Party\FreeRTOS\Source\portable\MemMang\heap_4.o
                0x0800570c                __malloc_unlock
 .text.pvPortMalloc
                0x08005720       0x1c Middlewares\Third_Party\FreeRTOS\Source\portable\MemMang\heap_4.o
                0x08005720                pvPortMalloc
 .text.vPortFree
                0x0800573c       0x16 Middlewares\Third_Party\FreeRTOS\Source\portable\MemMang\heap_4.o
                0x0800573c                vPortFree
 .text.xTaskCreateStatic
                0x08005752       0xb4 Middlewares\Third_Party\FreeRTOS\Source\tasks.o
                0x08005752                xTaskCreateStatic
 .text.xTaskCreate
                0x08005806       0x8a Middlewares\Third_Party\FreeRTOS\Source\tasks.o
                0x08005806                xTaskCreate
 .text.prvInitialiseNewTask
                0x08005890      0x10c Middlewares\Third_Party\FreeRTOS\Source\tasks.o
 .text.prvAddNewTaskToReadyList
                0x0800599c       0xd4 Middlewares\Third_Party\FreeRTOS\Source\tasks.o
 .text.vTaskDelay
                0x08005a70       0x68 Middlewares\Third_Party\FreeRTOS\Source\tasks.o
                0x08005a70                vTaskDelay
 .text.vTaskStartScheduler
                0x08005ad8       0xbc Middlewares\Third_Party\FreeRTOS\Source\tasks.o
                0x08005ad8                vTaskStartScheduler
 .text.vTaskSuspendAll
                0x08005b94       0x1c Middlewares\Third_Party\FreeRTOS\Source\tasks.o
                0x08005b94                vTaskSuspendAll
 .text.xTaskResumeAll
                0x08005bb0      0x138 Middlewares\Third_Party\FreeRTOS\Source\tasks.o
                0x08005bb0                xTaskResumeAll
 .text.xTaskIncrementTick
                0x08005ce8      0x170 Middlewares\Third_Party\FreeRTOS\Source\tasks.o
                0x08005ce8                xTaskIncrementTick
 .text.vTaskSwitchContext
                0x08005e58       0xb4 Middlewares\Third_Party\FreeRTOS\Source\tasks.o
                0x08005e58                vTaskSwitchContext
 .text.prvIdleTask
                0x08005f0c       0x30 Middlewares\Third_Party\FreeRTOS\Source\tasks.o
 .text.prvInitialiseTaskLists
                0x08005f3c       0x80 Middlewares\Third_Party\FreeRTOS\Source\tasks.o
 .text.prvCheckTasksWaitingTermination
                0x08005fbc       0x58 Middlewares\Third_Party\FreeRTOS\Source\tasks.o
 .text.prvDeleteTCB
                0x08006014       0x5c Middlewares\Third_Party\FreeRTOS\Source\tasks.o
 .text.prvResetNextTaskUnblockTime
                0x08006070       0x40 Middlewares\Third_Party\FreeRTOS\Source\tasks.o
 .text.xTaskGetSchedulerState
                0x080060b0       0x3c Middlewares\Third_Party\FreeRTOS\Source\tasks.o
                0x080060b0                xTaskGetSchedulerState
 .text.prvAddCurrentTaskToDelayedList
                0x080060ec       0xcc Middlewares\Third_Party\FreeRTOS\Source\tasks.o
 .text.CircularBuffer_init
                0x080061b8       0x88 Src\circularbuffer.o
                0x080061b8                CircularBuffer_init
 .text.CircularBuffer_getUnreadSize
                0x08006240       0x58 Src\circularbuffer.o
                0x08006240                CircularBuffer_getUnreadSize
 .text.CircularBuffer_pushBackByte
                0x08006298       0x84 Src\circularbuffer.o
                0x08006298                CircularBuffer_pushBackByte
 .text.CircularBuffer_popFrontByte
                0x0800631c       0x74 Src\circularbuffer.o
                0x0800631c                CircularBuffer_popFrontByte
 .text.vApplicationGetIdleTaskMemory
                0x08006390       0x34 Src\freertos.o
                0x08006390                vApplicationGetIdleTaskMemory
 .text.main     0x080063c4       0xe8 Src\main.o
                0x080063c4                main
 .text.SystemClock_Config
                0x080064ac       0xd4 Src\main.o
                0x080064ac                SystemClock_Config
 .text.MX_ADC1_Init
                0x08006580       0xa4 Src\main.o
 .text.MX_CAN1_Init
                0x08006624       0x68 Src\main.o
 .text.MX_I2C1_Init
                0x0800668c       0x5c Src\main.o
 .text.MX_SPI2_Init
                0x080066e8       0x6c Src\main.o
 .text.MX_TIM2_Init
                0x08006754       0xe8 Src\main.o
 .text.MX_TIM3_Init
                0x0800683c       0xa8 Src\main.o
 .text.MX_TIM4_Init
                0x080068e4       0xc8 Src\main.o
 .text.MX_TIM8_Init
                0x080069ac       0xc4 Src\main.o
 .text.MX_UART5_Init
                0x08006a70       0x54 Src\main.o
 .text.MX_USART1_UART_Init
                0x08006ac4       0x54 Src\main.o
 .text.MX_USART3_UART_Init
                0x08006b18       0x54 Src\main.o
 .text.MX_GPIO_Init
                0x08006b6c      0x150 Src\main.o
 .text.StartDefaultTask
                0x08006cbc       0x20 Src\main.o
                0x08006cbc                StartDefaultTask
 .text.Error_Handler
                0x08006cdc        0x8 Src\main.o
                0x08006cdc                Error_Handler
 .text.nextionTrace
                0x08006ce4       0x80 Src\nextionDisplay.o
                0x08006ce4                nextionTrace
 .text.nextionDisplayHandler
                0x08006d64      0x3f0 Src\nextionDisplay.o
                0x08006d64                nextionDisplayHandler
 .text.StartNextionDisplayTask
                0x08007154       0x28 Src\nextionDisplay.o
                0x08007154                StartNextionDisplayTask
 .text.HAL_UART_RxCpltCallback
                0x0800717c       0x40 Src\nextionDisplay.o
                0x0800717c                HAL_UART_RxCpltCallback
 .text.StartSensorsTask
                0x080071bc       0x1c Src\sensorsTask.o
                0x080071bc                StartSensorsTask
 .text.BME280_Handler
                0x080071d8      0x15c Src\sensorsTask.o
                0x080071d8                BME280_Handler
 .text.BME280_SetSpiMode
                0x08007334       0xb8 Src\sensorsTask.o
                0x08007334                BME280_SetSpiMode
 .text.GetBME280Sensors
                0x080073ec       0x14 Src\sensorsTask.o
                0x080073ec                GetBME280Sensors
 .text.BME280_SetStatus
                0x08007400       0x3c Src\sensorsTask.o
                0x08007400                BME280_SetStatus
 .text.GetActiveSensorBME280
                0x0800743c       0x18 Src\sensorsTask.o
                0x0800743c                GetActiveSensorBME280
 .text.SetActiveSensorBME280
                0x08007454       0x20 Src\sensorsTask.o
                0x08007454                SetActiveSensorBME280
 .text.IncrementActiveSensorBME280
                0x08007474       0x2e Src\sensorsTask.o
                0x08007474                IncrementActiveSensorBME280
 *fill*         0x080074a2        0x2 
 .text.HAL_MspInit
                0x080074a4       0x58 Src\stm32f4xx_hal_msp.o
                0x080074a4                HAL_MspInit
 .text.HAL_ADC_MspInit
                0x080074fc       0xc0 Src\stm32f4xx_hal_msp.o
                0x080074fc                HAL_ADC_MspInit
 .text.HAL_CAN_MspInit
                0x080075bc       0x90 Src\stm32f4xx_hal_msp.o
                0x080075bc                HAL_CAN_MspInit
 .text.HAL_I2C_MspInit
                0x0800764c       0x90 Src\stm32f4xx_hal_msp.o
                0x0800764c                HAL_I2C_MspInit
 .text.HAL_SPI_MspInit
                0x080076dc       0xd0 Src\stm32f4xx_hal_msp.o
                0x080076dc                HAL_SPI_MspInit
 .text.HAL_TIM_PWM_MspInit
                0x080077ac       0x6c Src\stm32f4xx_hal_msp.o
                0x080077ac                HAL_TIM_PWM_MspInit
 .text.HAL_TIM_Encoder_MspInit
                0x08007818       0x90 Src\stm32f4xx_hal_msp.o
                0x08007818                HAL_TIM_Encoder_MspInit
 .text.HAL_TIM_IC_MspInit
                0x080078a8       0x90 Src\stm32f4xx_hal_msp.o
                0x080078a8                HAL_TIM_IC_MspInit
 .text.HAL_TIM_MspPostInit
                0x08007938       0xc0 Src\stm32f4xx_hal_msp.o
                0x08007938                HAL_TIM_MspPostInit
 .text.HAL_UART_MspInit
                0x080079f8      0x1b8 Src\stm32f4xx_hal_msp.o
                0x080079f8                HAL_UART_MspInit
 .text.NMI_Handler
                0x08007bb0        0x6 Src\stm32f4xx_it.o
                0x08007bb0                NMI_Handler
 .text.HardFault_Handler
                0x08007bb6        0x6 Src\stm32f4xx_it.o
                0x08007bb6                HardFault_Handler
 .text.MemManage_Handler
                0x08007bbc        0x6 Src\stm32f4xx_it.o
                0x08007bbc                MemManage_Handler
 .text.BusFault_Handler
                0x08007bc2        0x6 Src\stm32f4xx_it.o
                0x08007bc2                BusFault_Handler
 .text.UsageFault_Handler
                0x08007bc8        0x6 Src\stm32f4xx_it.o
                0x08007bc8                UsageFault_Handler
 .text.DebugMon_Handler
                0x08007bce        0xe Src\stm32f4xx_it.o
                0x08007bce                DebugMon_Handler
 .text.SysTick_Handler
                0x08007bdc       0x1a Src\stm32f4xx_it.o
                0x08007bdc                SysTick_Handler
 *fill*         0x08007bf6        0x2 
 .text.USART1_IRQHandler
                0x08007bf8       0x14 Src\stm32f4xx_it.o
                0x08007bf8                USART1_IRQHandler
 .text.convert16BitData
                0x08007c0c       0x2a Src\stm_bme_280.o
 .text.convert24BitData
                0x08007c36       0x2c Src\stm_bme_280.o
 .text.errorHandler
                0x08007c62        0xe Src\stm_bme_280.o
 .text.SPIx_CsDown
                0x08007c70       0xac Src\stm_bme_280.o
 .text.SPIx_CsUp
                0x08007d1c       0x64 Src\stm_bme_280.o
 .text.SPIx_WriteData
                0x08007d80       0x54 Src\stm_bme_280.o
 .text.SPIx_ReadData
                0x08007dd4       0x54 Src\stm_bme_280.o
 .text.SPIx_ReadData16
                0x08007e28       0x74 Src\stm_bme_280.o
 .text.SPIx_ReadData24
                0x08007e9c       0x70 Src\stm_bme_280.o
 .text.BME280_Initial
                0x08007f0c      0x37c Src\stm_bme_280.o
                0x08007f0c                BME280_Initial
 .text.BME280_ReadTemperature
                0x08008288      0x110 Src\stm_bme_280.o
                0x08008288                BME280_ReadTemperature
 .text.BME280_ReadPressure
                0x08008398      0x518 Src\stm_bme_280.o
                0x08008398                BME280_ReadPressure
 .text.BME280_ReadHumidity
                0x080088b0      0x168 Src\stm_bme_280.o
                0x080088b0                BME280_ReadHumidity
 .text.bme280_WriteReg
                0x08008a18       0x24 Src\stm_bme_280.o
 .text.bme280_ReadReg
                0x08008a3c       0x20 Src\stm_bme_280.o
 .text.bme280_ReadRegPtr
                0x08008a5c       0x24 Src\stm_bme_280.o
 .text.bme280_ReadStatus
                0x08008a80       0x1e Src\stm_bme_280.o
 .text.bme280_ReadData16
                0x08008a9e       0x1e Src\stm_bme_280.o
 .text.bme280_ReadSignedData16
                0x08008abc       0x1e Src\stm_bme_280.o
 .text.bme280_ReadSignedData16_Convert
                0x08008ada       0x30 Src\stm_bme_280.o
 .text.bme280_ReadRegDataConvert24
                0x08008b0a       0x32 Src\stm_bme_280.o
 .text.bme280_ReadCoefficients_Temp
                0x08008b3c       0x5c Src\stm_bme_280.o
 .text.bme280_ReadCoefficients_Pres
                0x08008b98       0xf8 Src\stm_bme_280.o
 .text.bme280_ReadCoefficients_Hum
                0x08008c90       0xe8 Src\stm_bme_280.o
 .text.bme280_ReadCoefficients
                0x08008d78       0x2a Src\stm_bme_280.o
 .text.bmp280_ReadCoefficients
                0x08008da2       0x22 Src\stm_bme_280.o
 .text.bme280_SetStandby
                0x08008dc4       0x42 Src\stm_bme_280.o
 .text.bme280_SetFilter
                0x08008e06       0x42 Src\stm_bme_280.o
 .text.bme280_SetOversamplingTemper
                0x08008e48       0x42 Src\stm_bme_280.o
 .text.bme280_SetOversamplingPressure
                0x08008e8a       0x42 Src\stm_bme_280.o
 .text.bme280_SetOversamplingHum
                0x08008ecc       0x56 Src\stm_bme_280.o
 .text.bme280_SetMode
                0x08008f22       0x42 Src\stm_bme_280.o
 .text._getpid  0x08008f64       0x10 Src\syscalls.o
                0x08008f64                _getpid
 .text._kill    0x08008f74       0x20 Src\syscalls.o
                0x08008f74                _kill
 .text._exit    0x08008f94       0x14 Src\syscalls.o
                0x08008f94                _exit
 .text._read    0x08008fa8       0x3a Src\syscalls.o
                0x08008fa8                _read
 .text._write   0x08008fe2       0x38 Src\syscalls.o
                0x08008fe2                _write
 .text._close   0x0800901a       0x18 Src\syscalls.o
                0x0800901a                _close
 .text._fstat   0x08009032       0x20 Src\syscalls.o
                0x08009032                _fstat
 .text._isatty  0x08009052       0x16 Src\syscalls.o
                0x08009052                _isatty
 .text._lseek   0x08009068       0x1a Src\syscalls.o
                0x08009068                _lseek
 *fill*         0x08009082        0x2 
 .text.SystemInit
                0x08009084       0x24 Src\system_stm32f4xx.o
                0x08009084                SystemInit
 .text.Reset_Handler
                0x080090a8       0x50 startup\startup_stm32f405xx.o
                0x080090a8                Reset_Handler
 .text.Default_Handler
                0x080090f8        0x2 startup\startup_stm32f405xx.o
                0x080090f8                RTC_Alarm_IRQHandler
                0x080090f8                HASH_RNG_IRQHandler
                0x080090f8                EXTI2_IRQHandler
                0x080090f8                TIM8_CC_IRQHandler
                0x080090f8                TIM1_CC_IRQHandler
                0x080090f8                DMA2_Stream5_IRQHandler
                0x080090f8                DMA1_Stream5_IRQHandler
                0x080090f8                PVD_IRQHandler
                0x080090f8                SDIO_IRQHandler
                0x080090f8                TAMP_STAMP_IRQHandler
                0x080090f8                CAN2_RX1_IRQHandler
                0x080090f8                EXTI3_IRQHandler
                0x080090f8                TIM8_TRG_COM_TIM14_IRQHandler
                0x080090f8                TIM1_UP_TIM10_IRQHandler
                0x080090f8                TIM8_UP_TIM13_IRQHandler
                0x080090f8                I2C3_ER_IRQHandler
                0x080090f8                EXTI0_IRQHandler
                0x080090f8                I2C2_EV_IRQHandler
                0x080090f8                DMA1_Stream2_IRQHandler
                0x080090f8                CAN1_RX0_IRQHandler
                0x080090f8                FPU_IRQHandler
                0x080090f8                OTG_HS_WKUP_IRQHandler
                0x080090f8                CAN2_SCE_IRQHandler
                0x080090f8                DMA2_Stream2_IRQHandler
                0x080090f8                SPI1_IRQHandler
                0x080090f8                TIM6_DAC_IRQHandler
                0x080090f8                TIM1_BRK_TIM9_IRQHandler
                0x080090f8                CAN2_RX0_IRQHandler
                0x080090f8                DMA2_Stream3_IRQHandler
                0x080090f8                USART6_IRQHandler
                0x080090f8                USART3_IRQHandler
                0x080090f8                CAN1_RX1_IRQHandler
                0x080090f8                UART5_IRQHandler
                0x080090f8                DMA2_Stream0_IRQHandler
                0x080090f8                TIM4_IRQHandler
                0x080090f8                I2C1_EV_IRQHandler
                0x080090f8                DMA1_Stream6_IRQHandler
                0x080090f8                DMA1_Stream1_IRQHandler
                0x080090f8                UART4_IRQHandler
                0x080090f8                TIM3_IRQHandler
                0x080090f8                RCC_IRQHandler
                0x080090f8                TIM8_BRK_TIM12_IRQHandler
                0x080090f8                Default_Handler
                0x080090f8                EXTI15_10_IRQHandler
                0x080090f8                ADC_IRQHandler
                0x080090f8                DMA1_Stream7_IRQHandler
                0x080090f8                TIM7_IRQHandler
                0x080090f8                CAN2_TX_IRQHandler
                0x080090f8                TIM5_IRQHandler
                0x080090f8                DMA2_Stream7_IRQHandler
                0x080090f8                I2C3_EV_IRQHandler
                0x080090f8                EXTI9_5_IRQHandler
                0x080090f8                RTC_WKUP_IRQHandler
                0x080090f8                SPI2_IRQHandler
                0x080090f8                OTG_HS_EP1_IN_IRQHandler
                0x080090f8                DMA1_Stream0_IRQHandler
                0x080090f8                CAN1_TX_IRQHandler
                0x080090f8                EXTI4_IRQHandler
                0x080090f8                FSMC_IRQHandler
                0x080090f8                OTG_HS_EP1_OUT_IRQHandler
                0x080090f8                WWDG_IRQHandler
                0x080090f8                TIM2_IRQHandler
                0x080090f8                OTG_FS_WKUP_IRQHandler
                0x080090f8                TIM1_TRG_COM_TIM11_IRQHandler
                0x080090f8                OTG_HS_IRQHandler
                0x080090f8                EXTI1_IRQHandler
                0x080090f8                USART2_IRQHandler
                0x080090f8                I2C2_ER_IRQHandler
                0x080090f8                DMA2_Stream1_IRQHandler
                0x080090f8                CAN1_SCE_IRQHandler
                0x080090f8                FLASH_IRQHandler
                0x080090f8                DMA2_Stream4_IRQHandler
                0x080090f8                OTG_FS_IRQHandler
                0x080090f8                SPI3_IRQHandler
                0x080090f8                DMA1_Stream4_IRQHandler
                0x080090f8                I2C1_ER_IRQHandler
                0x080090f8                DMA2_Stream6_IRQHandler
                0x080090f8                DMA1_Stream3_IRQHandler
 *fill*         0x080090fa        0x2 
 .text.__assert_func
                0x080090fc       0x3c c:/program files (x86)/atollic/truestudio for stm32 9.2.0/armtools/bin/../lib/gcc/arm-atollic-eabi/6.3.1/../../../../arm-atollic-eabi/lib/armv7e-m/fpu\libc.a(lib_a-assert.o)
                0x080090fc                __assert_func
 .text.__errno  0x08009138        0xc c:/program files (x86)/atollic/truestudio for stm32 9.2.0/armtools/bin/../lib/gcc/arm-atollic-eabi/6.3.1/../../../../arm-atollic-eabi/lib/armv7e-m/fpu\libc.a(lib_a-errno.o)
                0x08009138                __errno
 .text.fiprintf
                0x08009144       0x24 c:/program files (x86)/atollic/truestudio for stm32 9.2.0/armtools/bin/../lib/gcc/arm-atollic-eabi/6.3.1/../../../../arm-atollic-eabi/lib/armv7e-m/fpu\libc.a(lib_a-fiprintf.o)
                0x08009144                fiprintf
 .text.__libc_init_array
                0x08009168       0x48 c:/program files (x86)/atollic/truestudio for stm32 9.2.0/armtools/bin/../lib/gcc/arm-atollic-eabi/6.3.1/../../../../arm-atollic-eabi/lib/armv7e-m/fpu\libc.a(lib_a-init.o)
                0x08009168                __libc_init_array
 .text.malloc   0x080091b0       0x10 c:/program files (x86)/atollic/truestudio for stm32 9.2.0/armtools/bin/../lib/gcc/arm-atollic-eabi/6.3.1/../../../../arm-atollic-eabi/lib/armv7e-m/fpu\libc.a(lib_a-malloc.o)
                0x080091b0                malloc
 .text.free     0x080091c0       0x10 c:/program files (x86)/atollic/truestudio for stm32 9.2.0/armtools/bin/../lib/gcc/arm-atollic-eabi/6.3.1/../../../../arm-atollic-eabi/lib/armv7e-m/fpu\libc.a(lib_a-malloc.o)
                0x080091c0                free
 .text._malloc_r
                0x080091d0      0x41c c:/program files (x86)/atollic/truestudio for stm32 9.2.0/armtools/bin/../lib/gcc/arm-atollic-eabi/6.3.1/../../../../arm-atollic-eabi/lib/armv7e-m/fpu\libc.a(lib_a-mallocr.o)
                0x080091d0                _malloc_r
 .text.memcpy   0x080095ec       0x16 c:/program files (x86)/atollic/truestudio for stm32 9.2.0/armtools/bin/../lib/gcc/arm-atollic-eabi/6.3.1/../../../../arm-atollic-eabi/lib/armv7e-m/fpu\libc.a(lib_a-memcpy-stub.o)
                0x080095ec                memcpy
 .text.memset   0x08009602       0x10 c:/program files (x86)/atollic/truestudio for stm32 9.2.0/armtools/bin/../lib/gcc/arm-atollic-eabi/6.3.1/../../../../arm-atollic-eabi/lib/armv7e-m/fpu\libc.a(lib_a-memset.o)
                0x08009602                memset
 .text.strcasecmp
                0x08009612       0x3c c:/program files (x86)/atollic/truestudio for stm32 9.2.0/armtools/bin/../lib/gcc/arm-atollic-eabi/6.3.1/../../../../arm-atollic-eabi/lib/armv7e-m/fpu\libc.a(lib_a-strcasecmp.o)
                0x08009612                strcasecmp
 .text.strchr   0x0800964e       0x1c c:/program files (x86)/atollic/truestudio for stm32 9.2.0/armtools/bin/../lib/gcc/arm-atollic-eabi/6.3.1/../../../../arm-atollic-eabi/lib/armv7e-m/fpu\libc.a(lib_a-strchr.o)
                0x0800964e                strchr
 .text.__sprint_r
                0x0800966a       0x6a c:/program files (x86)/atollic/truestudio for stm32 9.2.0/armtools/bin/../lib/gcc/arm-atollic-eabi/6.3.1/../../../../arm-atollic-eabi/lib/armv7e-m/fpu\libc.a(lib_a-vfiprintf.o)
                0x0800966a                __sprint_r
 .text._vfiprintf_r
                0x080096d4      0x8ac c:/program files (x86)/atollic/truestudio for stm32 9.2.0/armtools/bin/../lib/gcc/arm-atollic-eabi/6.3.1/../../../../arm-atollic-eabi/lib/armv7e-m/fpu\libc.a(lib_a-vfiprintf.o)
                0x080096d4                _vfiprintf_r
 .text.__sbprintf
                0x08009f80       0x80 c:/program files (x86)/atollic/truestudio for stm32 9.2.0/armtools/bin/../lib/gcc/arm-atollic-eabi/6.3.1/../../../../arm-atollic-eabi/lib/armv7e-m/fpu\libc.a(lib_a-vfiprintf.o)
 .text._vsnprintf_r
                0x0800a000       0x58 c:/program files (x86)/atollic/truestudio for stm32 9.2.0/armtools/bin/../lib/gcc/arm-atollic-eabi/6.3.1/../../../../arm-atollic-eabi/lib/armv7e-m/fpu\libc.a(lib_a-vsnprintf.o)
                0x0800a000                _vsnprintf_r
 .text.vsnprintf
                0x0800a058       0x1c c:/program files (x86)/atollic/truestudio for stm32 9.2.0/armtools/bin/../lib/gcc/arm-atollic-eabi/6.3.1/../../../../arm-atollic-eabi/lib/armv7e-m/fpu\libc.a(lib_a-vsnprintf.o)
                0x0800a058                vsnprintf
 .text.__swsetup_r
                0x0800a074       0xdc c:/program files (x86)/atollic/truestudio for stm32 9.2.0/armtools/bin/../lib/gcc/arm-atollic-eabi/6.3.1/../../../../arm-atollic-eabi/lib/armv7e-m/fpu\libc.a(lib_a-wsetup.o)
                0x0800a074                __swsetup_r
 .text.abort    0x0800a150        0xe c:/program files (x86)/atollic/truestudio for stm32 9.2.0/armtools/bin/../lib/gcc/arm-atollic-eabi/6.3.1/../../../../arm-atollic-eabi/lib/armv7e-m/fpu\libc.a(lib_a-abort.o)
                0x0800a150                abort
 *fill*         0x0800a15e        0x2 
 .text.__sflush_r
                0x0800a160      0x124 c:/program files (x86)/atollic/truestudio for stm32 9.2.0/armtools/bin/../lib/gcc/arm-atollic-eabi/6.3.1/../../../../arm-atollic-eabi/lib/armv7e-m/fpu\libc.a(lib_a-fflush.o)
                0x0800a160                __sflush_r
 .text._fflush_r
                0x0800a284       0x78 c:/program files (x86)/atollic/truestudio for stm32 9.2.0/armtools/bin/../lib/gcc/arm-atollic-eabi/6.3.1/../../../../arm-atollic-eabi/lib/armv7e-m/fpu\libc.a(lib_a-fflush.o)
                0x0800a284                _fflush_r
 .text._cleanup_r
                0x0800a2fc        0xc c:/program files (x86)/atollic/truestudio for stm32 9.2.0/armtools/bin/../lib/gcc/arm-atollic-eabi/6.3.1/../../../../arm-atollic-eabi/lib/armv7e-m/fpu\libc.a(lib_a-findfp.o)
                0x0800a2fc                _cleanup_r
 .text.std.isra.0
                0x0800a308       0x48 c:/program files (x86)/atollic/truestudio for stm32 9.2.0/armtools/bin/../lib/gcc/arm-atollic-eabi/6.3.1/../../../../arm-atollic-eabi/lib/armv7e-m/fpu\libc.a(lib_a-findfp.o)
 .text.__sfmoreglue
                0x0800a350       0x2c c:/program files (x86)/atollic/truestudio for stm32 9.2.0/armtools/bin/../lib/gcc/arm-atollic-eabi/6.3.1/../../../../arm-atollic-eabi/lib/armv7e-m/fpu\libc.a(lib_a-findfp.o)
                0x0800a350                __sfmoreglue
 .text.__sfp_lock_acquire
                0x0800a37c        0xc c:/program files (x86)/atollic/truestudio for stm32 9.2.0/armtools/bin/../lib/gcc/arm-atollic-eabi/6.3.1/../../../../arm-atollic-eabi/lib/armv7e-m/fpu\libc.a(lib_a-findfp.o)
                0x0800a37c                __sfp_lock_acquire
 .text.__sfp_lock_release
                0x0800a388        0xc c:/program files (x86)/atollic/truestudio for stm32 9.2.0/armtools/bin/../lib/gcc/arm-atollic-eabi/6.3.1/../../../../arm-atollic-eabi/lib/armv7e-m/fpu\libc.a(lib_a-findfp.o)
                0x0800a388                __sfp_lock_release
 .text.__sinit_lock_acquire
                0x0800a394        0xc c:/program files (x86)/atollic/truestudio for stm32 9.2.0/armtools/bin/../lib/gcc/arm-atollic-eabi/6.3.1/../../../../arm-atollic-eabi/lib/armv7e-m/fpu\libc.a(lib_a-findfp.o)
                0x0800a394                __sinit_lock_acquire
 .text.__sinit_lock_release
                0x0800a3a0        0xc c:/program files (x86)/atollic/truestudio for stm32 9.2.0/armtools/bin/../lib/gcc/arm-atollic-eabi/6.3.1/../../../../arm-atollic-eabi/lib/armv7e-m/fpu\libc.a(lib_a-findfp.o)
                0x0800a3a0                __sinit_lock_release
 .text.__sinit  0x0800a3ac       0x74 c:/program files (x86)/atollic/truestudio for stm32 9.2.0/armtools/bin/../lib/gcc/arm-atollic-eabi/6.3.1/../../../../arm-atollic-eabi/lib/armv7e-m/fpu\libc.a(lib_a-findfp.o)
                0x0800a3ac                __sinit
 .text.__sfp    0x0800a420       0x8c c:/program files (x86)/atollic/truestudio for stm32 9.2.0/armtools/bin/../lib/gcc/arm-atollic-eabi/6.3.1/../../../../arm-atollic-eabi/lib/armv7e-m/fpu\libc.a(lib_a-findfp.o)
                0x0800a420                __sfp
 .text.__fputwc
                0x0800a4ac       0x82 c:/program files (x86)/atollic/truestudio for stm32 9.2.0/armtools/bin/../lib/gcc/arm-atollic-eabi/6.3.1/../../../../arm-atollic-eabi/lib/armv7e-m/fpu\libc.a(lib_a-fputwc.o)
                0x0800a4ac                __fputwc
 .text._fputwc_r
                0x0800a52e       0x52 c:/program files (x86)/atollic/truestudio for stm32 9.2.0/armtools/bin/../lib/gcc/arm-atollic-eabi/6.3.1/../../../../arm-atollic-eabi/lib/armv7e-m/fpu\libc.a(lib_a-fputwc.o)
                0x0800a52e                _fputwc_r
 .text._malloc_trim_r
                0x0800a580       0xac c:/program files (x86)/atollic/truestudio for stm32 9.2.0/armtools/bin/../lib/gcc/arm-atollic-eabi/6.3.1/../../../../arm-atollic-eabi/lib/armv7e-m/fpu\libc.a(lib_a-freer.o)
                0x0800a580                _malloc_trim_r
 .text._free_r  0x0800a62c      0x178 c:/program files (x86)/atollic/truestudio for stm32 9.2.0/armtools/bin/../lib/gcc/arm-atollic-eabi/6.3.1/../../../../arm-atollic-eabi/lib/armv7e-m/fpu\libc.a(lib_a-freer.o)
                0x0800a62c                _free_r
 .text.__sfvwrite_r
                0x0800a7a4      0x29c c:/program files (x86)/atollic/truestudio for stm32 9.2.0/armtools/bin/../lib/gcc/arm-atollic-eabi/6.3.1/../../../../arm-atollic-eabi/lib/armv7e-m/fpu\libc.a(lib_a-fvwrite.o)
                0x0800a7a4                __sfvwrite_r
 .text._fwalk_reent
                0x0800aa40       0x3c c:/program files (x86)/atollic/truestudio for stm32 9.2.0/armtools/bin/../lib/gcc/arm-atollic-eabi/6.3.1/../../../../arm-atollic-eabi/lib/armv7e-m/fpu\libc.a(lib_a-fwalk.o)
                0x0800aa40                _fwalk_reent
 .text.__locale_mb_cur_max
                0x0800aa7c       0x1c c:/program files (x86)/atollic/truestudio for stm32 9.2.0/armtools/bin/../lib/gcc/arm-atollic-eabi/6.3.1/../../../../arm-atollic-eabi/lib/armv7e-m/fpu\libc.a(lib_a-locale.o)
                0x0800aa7c                __locale_mb_cur_max
 .text.__locale_ctype_ptr
                0x0800aa98       0x1c c:/program files (x86)/atollic/truestudio for stm32 9.2.0/armtools/bin/../lib/gcc/arm-atollic-eabi/6.3.1/../../../../arm-atollic-eabi/lib/armv7e-m/fpu\libc.a(lib_a-locale.o)
                0x0800aa98                __locale_ctype_ptr
 .text.__retarget_lock_init_recursive
                0x0800aab4        0x2 c:/program files (x86)/atollic/truestudio for stm32 9.2.0/armtools/bin/../lib/gcc/arm-atollic-eabi/6.3.1/../../../../arm-atollic-eabi/lib/armv7e-m/fpu\libc.a(lib_a-lock.o)
                0x0800aab4                __retarget_lock_init_recursive
 .text.__retarget_lock_close_recursive
                0x0800aab6        0x2 c:/program files (x86)/atollic/truestudio for stm32 9.2.0/armtools/bin/../lib/gcc/arm-atollic-eabi/6.3.1/../../../../arm-atollic-eabi/lib/armv7e-m/fpu\libc.a(lib_a-lock.o)
                0x0800aab6                __retarget_lock_close_recursive
 .text.__retarget_lock_acquire_recursive
                0x0800aab8        0x2 c:/program files (x86)/atollic/truestudio for stm32 9.2.0/armtools/bin/../lib/gcc/arm-atollic-eabi/6.3.1/../../../../arm-atollic-eabi/lib/armv7e-m/fpu\libc.a(lib_a-lock.o)
                0x0800aab8                __retarget_lock_acquire_recursive
 .text.__retarget_lock_release_recursive
                0x0800aaba        0x2 c:/program files (x86)/atollic/truestudio for stm32 9.2.0/armtools/bin/../lib/gcc/arm-atollic-eabi/6.3.1/../../../../arm-atollic-eabi/lib/armv7e-m/fpu\libc.a(lib_a-lock.o)
                0x0800aaba                __retarget_lock_release_recursive
 .text.__swhatbuf_r
                0x0800aabc       0x56 c:/program files (x86)/atollic/truestudio for stm32 9.2.0/armtools/bin/../lib/gcc/arm-atollic-eabi/6.3.1/../../../../arm-atollic-eabi/lib/armv7e-m/fpu\libc.a(lib_a-makebuf.o)
                0x0800aabc                __swhatbuf_r
 *fill*         0x0800ab12        0x2 
 .text.__smakebuf_r
                0x0800ab14       0x80 c:/program files (x86)/atollic/truestudio for stm32 9.2.0/armtools/bin/../lib/gcc/arm-atollic-eabi/6.3.1/../../../../arm-atollic-eabi/lib/armv7e-m/fpu\libc.a(lib_a-makebuf.o)
                0x0800ab14                __smakebuf_r
 .text.__ascii_mbtowc
                0x0800ab94       0x24 c:/program files (x86)/atollic/truestudio for stm32 9.2.0/armtools/bin/../lib/gcc/arm-atollic-eabi/6.3.1/../../../../arm-atollic-eabi/lib/armv7e-m/fpu\libc.a(lib_a-mbtowc_r.o)
                0x0800ab94                __ascii_mbtowc
 .text.memmove  0x0800abb8       0x34 c:/program files (x86)/atollic/truestudio for stm32 9.2.0/armtools/bin/../lib/gcc/arm-atollic-eabi/6.3.1/../../../../arm-atollic-eabi/lib/armv7e-m/fpu\libc.a(lib_a-memmove.o)
                0x0800abb8                memmove
 .text._realloc_r
                0x0800abec      0x300 c:/program files (x86)/atollic/truestudio for stm32 9.2.0/armtools/bin/../lib/gcc/arm-atollic-eabi/6.3.1/../../../../arm-atollic-eabi/lib/armv7e-m/fpu\libc.a(lib_a-reallocr.o)
                0x0800abec                _realloc_r
 .text._raise_r
                0x0800aeec       0x50 c:/program files (x86)/atollic/truestudio for stm32 9.2.0/armtools/bin/../lib/gcc/arm-atollic-eabi/6.3.1/../../../../arm-atollic-eabi/lib/armv7e-m/fpu\libc.a(lib_a-signal.o)
                0x0800aeec                _raise_r
 .text.raise    0x0800af3c       0x10 c:/program files (x86)/atollic/truestudio for stm32 9.2.0/armtools/bin/../lib/gcc/arm-atollic-eabi/6.3.1/../../../../arm-atollic-eabi/lib/armv7e-m/fpu\libc.a(lib_a-signal.o)
                0x0800af3c                raise
 .text._kill_r  0x0800af4c       0x24 c:/program files (x86)/atollic/truestudio for stm32 9.2.0/armtools/bin/../lib/gcc/arm-atollic-eabi/6.3.1/../../../../arm-atollic-eabi/lib/armv7e-m/fpu\libc.a(lib_a-signalr.o)
                0x0800af4c                _kill_r
 .text._getpid_r
                0x0800af70        0x4 c:/program files (x86)/atollic/truestudio for stm32 9.2.0/armtools/bin/../lib/gcc/arm-atollic-eabi/6.3.1/../../../../arm-atollic-eabi/lib/armv7e-m/fpu\libc.a(lib_a-signalr.o)
                0x0800af70                _getpid_r
 .text.__sread  0x0800af74       0x22 c:/program files (x86)/atollic/truestudio for stm32 9.2.0/armtools/bin/../lib/gcc/arm-atollic-eabi/6.3.1/../../../../arm-atollic-eabi/lib/armv7e-m/fpu\libc.a(lib_a-stdio.o)
                0x0800af74                __sread
 .text.__swrite
                0x0800af96       0x38 c:/program files (x86)/atollic/truestudio for stm32 9.2.0/armtools/bin/../lib/gcc/arm-atollic-eabi/6.3.1/../../../../arm-atollic-eabi/lib/armv7e-m/fpu\libc.a(lib_a-stdio.o)
                0x0800af96                __swrite
 .text.__sseek  0x0800afce       0x24 c:/program files (x86)/atollic/truestudio for stm32 9.2.0/armtools/bin/../lib/gcc/arm-atollic-eabi/6.3.1/../../../../arm-atollic-eabi/lib/armv7e-m/fpu\libc.a(lib_a-stdio.o)
                0x0800afce                __sseek
 .text.__sclose
                0x0800aff2        0x8 c:/program files (x86)/atollic/truestudio for stm32 9.2.0/armtools/bin/../lib/gcc/arm-atollic-eabi/6.3.1/../../../../arm-atollic-eabi/lib/armv7e-m/fpu\libc.a(lib_a-stdio.o)
                0x0800aff2                __sclose
 *fill*         0x0800affa        0x6 
 .text._svfprintf_r
                0x0800b000      0xfa8 c:/program files (x86)/atollic/truestudio for stm32 9.2.0/armtools/bin/../lib/gcc/arm-atollic-eabi/6.3.1/../../../../arm-atollic-eabi/lib/armv7e-m/fpu\libc.a(lib_a-svfprintf.o)
                0x0800b000                _svfprintf_r
 .text.__swbuf_r
                0x0800bfa8       0xbc c:/program files (x86)/atollic/truestudio for stm32 9.2.0/armtools/bin/../lib/gcc/arm-atollic-eabi/6.3.1/../../../../arm-atollic-eabi/lib/armv7e-m/fpu\libc.a(lib_a-wbuf.o)
                0x0800bfa8                __swbuf_r
 .text._wcrtomb_r
                0x0800c064       0x50 c:/program files (x86)/atollic/truestudio for stm32 9.2.0/armtools/bin/../lib/gcc/arm-atollic-eabi/6.3.1/../../../../arm-atollic-eabi/lib/armv7e-m/fpu\libc.a(lib_a-wcrtomb.o)
                0x0800c064                _wcrtomb_r
 .text.__ascii_wctomb
                0x0800c0b4       0x1a c:/program files (x86)/atollic/truestudio for stm32 9.2.0/armtools/bin/../lib/gcc/arm-atollic-eabi/6.3.1/../../../../arm-atollic-eabi/lib/armv7e-m/fpu\libc.a(lib_a-wctomb_r.o)
                0x0800c0b4                __ascii_wctomb
 *fill*         0x0800c0ce        0x2 
 .text._write_r
                0x0800c0d0       0x24 c:/program files (x86)/atollic/truestudio for stm32 9.2.0/armtools/bin/../lib/gcc/arm-atollic-eabi/6.3.1/../../../../arm-atollic-eabi/lib/armv7e-m/fpu\libc.a(lib_a-writer.o)
                0x0800c0d0                _write_r
 .text._close_r
                0x0800c0f4       0x20 c:/program files (x86)/atollic/truestudio for stm32 9.2.0/armtools/bin/../lib/gcc/arm-atollic-eabi/6.3.1/../../../../arm-atollic-eabi/lib/armv7e-m/fpu\libc.a(lib_a-closer.o)
                0x0800c0f4                _close_r
 .text.quorem   0x0800c114      0x118 c:/program files (x86)/atollic/truestudio for stm32 9.2.0/armtools/bin/../lib/gcc/arm-atollic-eabi/6.3.1/../../../../arm-atollic-eabi/lib/armv7e-m/fpu\libc.a(lib_a-dtoa.o)
 *fill*         0x0800c22c        0x4 
 .text._dtoa_r  0x0800c230      0xb9c c:/program files (x86)/atollic/truestudio for stm32 9.2.0/armtools/bin/../lib/gcc/arm-atollic-eabi/6.3.1/../../../../arm-atollic-eabi/lib/armv7e-m/fpu\libc.a(lib_a-dtoa.o)
                0x0800c230                _dtoa_r
 .text._fclose_r
                0x0800cdcc       0xd8 c:/program files (x86)/atollic/truestudio for stm32 9.2.0/armtools/bin/../lib/gcc/arm-atollic-eabi/6.3.1/../../../../arm-atollic-eabi/lib/armv7e-m/fpu\libc.a(lib_a-fclose.o)
                0x0800cdcc                _fclose_r
 .text._fstat_r
                0x0800cea4       0x24 c:/program files (x86)/atollic/truestudio for stm32 9.2.0/armtools/bin/../lib/gcc/arm-atollic-eabi/6.3.1/../../../../arm-atollic-eabi/lib/armv7e-m/fpu\libc.a(lib_a-fstatr.o)
                0x0800cea4                _fstat_r
 .text._isatty_r
                0x0800cec8       0x20 c:/program files (x86)/atollic/truestudio for stm32 9.2.0/armtools/bin/../lib/gcc/arm-atollic-eabi/6.3.1/../../../../arm-atollic-eabi/lib/armv7e-m/fpu\libc.a(lib_a-isattyr.o)
                0x0800cec8                _isatty_r
 .text._localeconv_r
                0x0800cee8       0x1c c:/program files (x86)/atollic/truestudio for stm32 9.2.0/armtools/bin/../lib/gcc/arm-atollic-eabi/6.3.1/../../../../arm-atollic-eabi/lib/armv7e-m/fpu\libc.a(lib_a-localeconv.o)
                0x0800cee8                _localeconv_r
 .text._lseek_r
                0x0800cf04       0x24 c:/program files (x86)/atollic/truestudio for stm32 9.2.0/armtools/bin/../lib/gcc/arm-atollic-eabi/6.3.1/../../../../arm-atollic-eabi/lib/armv7e-m/fpu\libc.a(lib_a-lseekr.o)
                0x0800cf04                _lseek_r
 .text._Balloc  0x0800cf28       0x68 c:/program files (x86)/atollic/truestudio for stm32 9.2.0/armtools/bin/../lib/gcc/arm-atollic-eabi/6.3.1/../../../../arm-atollic-eabi/lib/armv7e-m/fpu\libc.a(lib_a-mprec.o)
                0x0800cf28                _Balloc
 .text._Bfree   0x0800cf90       0x2e c:/program files (x86)/atollic/truestudio for stm32 9.2.0/armtools/bin/../lib/gcc/arm-atollic-eabi/6.3.1/../../../../arm-atollic-eabi/lib/armv7e-m/fpu\libc.a(lib_a-mprec.o)
                0x0800cf90                _Bfree
 .text.__multadd
                0x0800cfbe       0x76 c:/program files (x86)/atollic/truestudio for stm32 9.2.0/armtools/bin/../lib/gcc/arm-atollic-eabi/6.3.1/../../../../arm-atollic-eabi/lib/armv7e-m/fpu\libc.a(lib_a-mprec.o)
                0x0800cfbe                __multadd
 .text.__hi0bits
                0x0800d034       0x3e c:/program files (x86)/atollic/truestudio for stm32 9.2.0/armtools/bin/../lib/gcc/arm-atollic-eabi/6.3.1/../../../../arm-atollic-eabi/lib/armv7e-m/fpu\libc.a(lib_a-mprec.o)
                0x0800d034                __hi0bits
 .text.__lo0bits
                0x0800d072       0x5e c:/program files (x86)/atollic/truestudio for stm32 9.2.0/armtools/bin/../lib/gcc/arm-atollic-eabi/6.3.1/../../../../arm-atollic-eabi/lib/armv7e-m/fpu\libc.a(lib_a-mprec.o)
                0x0800d072                __lo0bits
 .text.__i2b    0x0800d0d0       0x12 c:/program files (x86)/atollic/truestudio for stm32 9.2.0/armtools/bin/../lib/gcc/arm-atollic-eabi/6.3.1/../../../../arm-atollic-eabi/lib/armv7e-m/fpu\libc.a(lib_a-mprec.o)
                0x0800d0d0                __i2b
 .text.__multiply
                0x0800d0e2      0x11a c:/program files (x86)/atollic/truestudio for stm32 9.2.0/armtools/bin/../lib/gcc/arm-atollic-eabi/6.3.1/../../../../arm-atollic-eabi/lib/armv7e-m/fpu\libc.a(lib_a-mprec.o)
                0x0800d0e2                __multiply
 .text.__pow5mult
                0x0800d1fc       0x9c c:/program files (x86)/atollic/truestudio for stm32 9.2.0/armtools/bin/../lib/gcc/arm-atollic-eabi/6.3.1/../../../../arm-atollic-eabi/lib/armv7e-m/fpu\libc.a(lib_a-mprec.o)
                0x0800d1fc                __pow5mult
 .text.__lshift
                0x0800d298       0xa2 c:/program files (x86)/atollic/truestudio for stm32 9.2.0/armtools/bin/../lib/gcc/arm-atollic-eabi/6.3.1/../../../../arm-atollic-eabi/lib/armv7e-m/fpu\libc.a(lib_a-mprec.o)
                0x0800d298                __lshift
 .text.__mcmp   0x0800d33a       0x34 c:/program files (x86)/atollic/truestudio for stm32 9.2.0/armtools/bin/../lib/gcc/arm-atollic-eabi/6.3.1/../../../../arm-atollic-eabi/lib/armv7e-m/fpu\libc.a(lib_a-mprec.o)
                0x0800d33a                __mcmp
 .text.__mdiff  0x0800d36e       0xbc c:/program files (x86)/atollic/truestudio for stm32 9.2.0/armtools/bin/../lib/gcc/arm-atollic-eabi/6.3.1/../../../../arm-atollic-eabi/lib/armv7e-m/fpu\libc.a(lib_a-mprec.o)
                0x0800d36e                __mdiff
 .text.__d2b    0x0800d42a       0x9e c:/program files (x86)/atollic/truestudio for stm32 9.2.0/armtools/bin/../lib/gcc/arm-atollic-eabi/6.3.1/../../../../arm-atollic-eabi/lib/armv7e-m/fpu\libc.a(lib_a-mprec.o)
                0x0800d42a                __d2b
 .text._read_r  0x0800d4c8       0x24 c:/program files (x86)/atollic/truestudio for stm32 9.2.0/armtools/bin/../lib/gcc/arm-atollic-eabi/6.3.1/../../../../arm-atollic-eabi/lib/armv7e-m/fpu\libc.a(lib_a-readr.o)
                0x0800d4c8                _read_r
 .text.__ssprint_r
                0x0800d4ec       0xf4 c:/program files (x86)/atollic/truestudio for stm32 9.2.0/armtools/bin/../lib/gcc/arm-atollic-eabi/6.3.1/../../../../arm-atollic-eabi/lib/armv7e-m/fpu\libc.a(lib_a-svfiprintf.o)
                0x0800d4ec                __ssprint_r
 .text._calloc_r
                0x0800d5e0       0x5a c:/program files (x86)/atollic/truestudio for stm32 9.2.0/armtools/bin/../lib/gcc/arm-atollic-eabi/6.3.1/../../../../arm-atollic-eabi/lib/armv7e-m/fpu\libc.a(lib_a-callocr.o)
                0x0800d5e0                _calloc_r
 *(.glue_7)
 .glue_7        0x0800d63a        0x0 linker stubs
 *(.glue_7t)
 .glue_7t       0x0800d63a        0x0 linker stubs
 *(.eh_frame)
 *fill*         0x0800d63a        0x2 
 .eh_frame      0x0800d63c        0x0 c:/program files (x86)/atollic/truestudio for stm32 9.2.0/armtools/bin/../lib/gcc/arm-atollic-eabi/6.3.1/armv7e-m/fpu/crtbegin.o
 *(.init)
 .init          0x0800d63c        0x4 c:/program files (x86)/atollic/truestudio for stm32 9.2.0/armtools/bin/../lib/gcc/arm-atollic-eabi/6.3.1/armv7e-m/fpu/crti.o
                0x0800d63c                _init
 .init          0x0800d640        0x8 c:/program files (x86)/atollic/truestudio for stm32 9.2.0/armtools/bin/../lib/gcc/arm-atollic-eabi/6.3.1/armv7e-m/fpu/crtn.o
 *(.fini)
 .fini          0x0800d648        0x4 c:/program files (x86)/atollic/truestudio for stm32 9.2.0/armtools/bin/../lib/gcc/arm-atollic-eabi/6.3.1/armv7e-m/fpu/crti.o
                0x0800d648                _fini
 .fini          0x0800d64c        0x8 c:/program files (x86)/atollic/truestudio for stm32 9.2.0/armtools/bin/../lib/gcc/arm-atollic-eabi/6.3.1/armv7e-m/fpu/crtn.o
                0x0800d654                . = ALIGN (0x4)
                0x0800d654                _etext = .

.vfp11_veneer   0x0800d654        0x0
 .vfp11_veneer  0x0800d654        0x0 linker stubs

.v4_bx          0x0800d654        0x0
 .v4_bx         0x0800d654        0x0 linker stubs

.iplt           0x0800d654        0x0
 .iplt          0x0800d654        0x0 c:/program files (x86)/atollic/truestudio for stm32 9.2.0/armtools/bin/../lib/gcc/arm-atollic-eabi/6.3.1/armv7e-m/fpu/crtbegin.o

.rodata         0x0800d658      0x4fc
                0x0800d658                . = ALIGN (0x4)
 *(.rodata)
 .rodata        0x0800d658        0x5 Middlewares\Third_Party\FreeRTOS\Source\tasks.o
 *fill*         0x0800d65d        0x3 
 .rodata        0x0800d660       0x5d Src\circularbuffer.o
 *fill*         0x0800d6bd        0x3 
 .rodata        0x0800d6c0       0x80 Src\main.o
 .rodata        0x0800d740       0x61 Src\nextionDisplay.o
 *(.rodata*)
 *fill*         0x0800d7a1        0x3 
 .rodata.__func__.6468
                0x0800d7a4       0x14 Src\circularbuffer.o
 .rodata.__func__.6472
                0x0800d7b8       0x1d Src\circularbuffer.o
 *fill*         0x0800d7d5        0x3 
 .rodata.__func__.6483
                0x0800d7d8       0x1c Src\circularbuffer.o
 .rodata.__func__.6489
                0x0800d7f4       0x1c Src\circularbuffer.o
 .rodata.AHBPrescTable
                0x0800d810       0x10 Src\system_stm32f4xx.o
                0x0800d810                AHBPrescTable
 .rodata.APBPrescTable
                0x0800d820        0x8 Src\system_stm32f4xx.o
                0x0800d820                APBPrescTable
 .rodata.__assert_func.str1.1
                0x0800d828       0x3c c:/program files (x86)/atollic/truestudio for stm32 9.2.0/armtools/bin/../lib/gcc/arm-atollic-eabi/6.3.1/../../../../arm-atollic-eabi/lib/armv7e-m/fpu\libc.a(lib_a-assert.o)
                                 0x3d (size before relaxing)
 .rodata._global_impure_ptr
                0x0800d864        0x4 c:/program files (x86)/atollic/truestudio for stm32 9.2.0/armtools/bin/../lib/gcc/arm-atollic-eabi/6.3.1/../../../../arm-atollic-eabi/lib/armv7e-m/fpu\libc.a(lib_a-impure.o)
                0x0800d864                _global_impure_ptr
 .rodata._vfiprintf_r.str1.1
                0x0800d868       0x22 c:/program files (x86)/atollic/truestudio for stm32 9.2.0/armtools/bin/../lib/gcc/arm-atollic-eabi/6.3.1/../../../../arm-atollic-eabi/lib/armv7e-m/fpu\libc.a(lib_a-vfiprintf.o)
 .rodata.blanks.8353
                0x0800d88a       0x10 c:/program files (x86)/atollic/truestudio for stm32 9.2.0/armtools/bin/../lib/gcc/arm-atollic-eabi/6.3.1/../../../../arm-atollic-eabi/lib/armv7e-m/fpu\libc.a(lib_a-vfiprintf.o)
 .rodata.zeroes.8354
                0x0800d89a       0x10 c:/program files (x86)/atollic/truestudio for stm32 9.2.0/armtools/bin/../lib/gcc/arm-atollic-eabi/6.3.1/../../../../arm-atollic-eabi/lib/armv7e-m/fpu\libc.a(lib_a-vfiprintf.o)
 *fill*         0x0800d8aa        0x2 
 .rodata.__sf_fake_stderr
                0x0800d8ac       0x20 c:/program files (x86)/atollic/truestudio for stm32 9.2.0/armtools/bin/../lib/gcc/arm-atollic-eabi/6.3.1/../../../../arm-atollic-eabi/lib/armv7e-m/fpu\libc.a(lib_a-findfp.o)
                0x0800d8ac                __sf_fake_stderr
 .rodata.__sf_fake_stdin
                0x0800d8cc       0x20 c:/program files (x86)/atollic/truestudio for stm32 9.2.0/armtools/bin/../lib/gcc/arm-atollic-eabi/6.3.1/../../../../arm-atollic-eabi/lib/armv7e-m/fpu\libc.a(lib_a-findfp.o)
                0x0800d8cc                __sf_fake_stdin
 .rodata.__sf_fake_stdout
                0x0800d8ec       0x20 c:/program files (x86)/atollic/truestudio for stm32 9.2.0/armtools/bin/../lib/gcc/arm-atollic-eabi/6.3.1/../../../../arm-atollic-eabi/lib/armv7e-m/fpu\libc.a(lib_a-findfp.o)
                0x0800d8ec                __sf_fake_stdout
 .rodata._setlocale_r.str1.1
                0x0800d90c        0x8 c:/program files (x86)/atollic/truestudio for stm32 9.2.0/armtools/bin/../lib/gcc/arm-atollic-eabi/6.3.1/../../../../arm-atollic-eabi/lib/armv7e-m/fpu\libc.a(lib_a-locale.o)
                                  0x9 (size before relaxing)
 .rodata.str1.1
                0x0800d914        0x2 c:/program files (x86)/atollic/truestudio for stm32 9.2.0/armtools/bin/../lib/gcc/arm-atollic-eabi/6.3.1/../../../../arm-atollic-eabi/lib/armv7e-m/fpu\libc.a(lib_a-locale.o)
 .rodata._svfprintf_r.str1.1
                0x0800d916       0x12 c:/program files (x86)/atollic/truestudio for stm32 9.2.0/armtools/bin/../lib/gcc/arm-atollic-eabi/6.3.1/../../../../arm-atollic-eabi/lib/armv7e-m/fpu\libc.a(lib_a-svfprintf.o)
                                 0x34 (size before relaxing)
 .rodata.blanks.8359
                0x0800d928       0x10 c:/program files (x86)/atollic/truestudio for stm32 9.2.0/armtools/bin/../lib/gcc/arm-atollic-eabi/6.3.1/../../../../arm-atollic-eabi/lib/armv7e-m/fpu\libc.a(lib_a-svfprintf.o)
 .rodata.zeroes.8360
                0x0800d938       0x10 c:/program files (x86)/atollic/truestudio for stm32 9.2.0/armtools/bin/../lib/gcc/arm-atollic-eabi/6.3.1/../../../../arm-atollic-eabi/lib/armv7e-m/fpu\libc.a(lib_a-svfprintf.o)
 .rodata._ctype_
                0x0800d948      0x101 c:/program files (x86)/atollic/truestudio for stm32 9.2.0/armtools/bin/../lib/gcc/arm-atollic-eabi/6.3.1/../../../../arm-atollic-eabi/lib/armv7e-m/fpu\libc.a(lib_a-ctype_.o)
                0x0800d948                _ctype_
 .rodata._dtoa_r.str1.1
                0x0800da49        0xd c:/program files (x86)/atollic/truestudio for stm32 9.2.0/armtools/bin/../lib/gcc/arm-atollic-eabi/6.3.1/../../../../arm-atollic-eabi/lib/armv7e-m/fpu\libc.a(lib_a-dtoa.o)
                                  0xf (size before relaxing)
 *fill*         0x0800da56        0x2 
 .rodata.__mprec_bigtens
                0x0800da58       0x28 c:/program files (x86)/atollic/truestudio for stm32 9.2.0/armtools/bin/../lib/gcc/arm-atollic-eabi/6.3.1/../../../../arm-atollic-eabi/lib/armv7e-m/fpu\libc.a(lib_a-mprec.o)
                0x0800da58                __mprec_bigtens
 .rodata.__mprec_tens
                0x0800da80       0xc8 c:/program files (x86)/atollic/truestudio for stm32 9.2.0/armtools/bin/../lib/gcc/arm-atollic-eabi/6.3.1/../../../../arm-atollic-eabi/lib/armv7e-m/fpu\libc.a(lib_a-mprec.o)
                0x0800da80                __mprec_tens
 .rodata.p05.7196
                0x0800db48        0xc c:/program files (x86)/atollic/truestudio for stm32 9.2.0/armtools/bin/../lib/gcc/arm-atollic-eabi/6.3.1/../../../../arm-atollic-eabi/lib/armv7e-m/fpu\libc.a(lib_a-mprec.o)
                0x0800db54                . = ALIGN (0x4)

.ARM.extab
 *(.ARM.extab* .gnu.linkonce.armextab.*)

.ARM            0x0800db54        0x8
                0x0800db54                __exidx_start = .
 *(.ARM.exidx*)
 .ARM.exidx     0x0800db54        0x8 c:/program files (x86)/atollic/truestudio for stm32 9.2.0/armtools/bin/../lib/gcc/arm-atollic-eabi/6.3.1/armv7e-m/fpu\libgcc.a(_udivmoddi4.o)
                0x0800db5c                __exidx_end = .

.rel.dyn        0x0800db5c        0x0
 .rel.iplt      0x0800db5c        0x0 c:/program files (x86)/atollic/truestudio for stm32 9.2.0/armtools/bin/../lib/gcc/arm-atollic-eabi/6.3.1/armv7e-m/fpu/crtbegin.o

.preinit_array  0x0800db5c        0x0
                0x0800db5c                PROVIDE (__preinit_array_start, .)
 *(.preinit_array*)
                0x0800db5c                PROVIDE (__preinit_array_end, .)

.init_array     0x0800db5c        0x4
                0x0800db5c                PROVIDE (__init_array_start, .)
 *(SORT(.init_array.*))
 *(.init_array*)
 .init_array    0x0800db5c        0x4 c:/program files (x86)/atollic/truestudio for stm32 9.2.0/armtools/bin/../lib/gcc/arm-atollic-eabi/6.3.1/armv7e-m/fpu/crtbegin.o
                0x0800db60                PROVIDE (__init_array_end, .)

.fini_array     0x0800db60        0x4
                [!provide]                PROVIDE (__fini_array_start, .)
 *(SORT(.fini_array.*))
 *(.fini_array*)
 .fini_array    0x0800db60        0x4 c:/program files (x86)/atollic/truestudio for stm32 9.2.0/armtools/bin/../lib/gcc/arm-atollic-eabi/6.3.1/armv7e-m/fpu/crtbegin.o
                [!provide]                PROVIDE (__fini_array_end, .)
                0x0800db64                _sidata = LOADADDR (.data)

.data           0x20000000      0x684 load address 0x0800db64
                0x20000000                . = ALIGN (0x4)
                0x20000000                _sdata = .
 *(.data)
 *(.data*)
 .data.uwTickPrio
                0x20000000        0x4 Drivers\STM32F4xx_HAL_Driver\Src\stm32f4xx_hal.o
                0x20000000                uwTickPrio
 .data.uwTickFreq
                0x20000004        0x1 Drivers\STM32F4xx_HAL_Driver\Src\stm32f4xx_hal.o
                0x20000004                uwTickFreq
 *fill*         0x20000005        0x3 
 .data.uxCriticalNesting
                0x20000008        0x4 Middlewares\Third_Party\FreeRTOS\Source\portable\GCC\ARM_CM4F\port.o
 .data.currentHeapEnd.6360
                0x2000000c        0x4 Middlewares\Third_Party\FreeRTOS\Source\portable\MemMang\heap_4.o
 .data.SystemCoreClock
                0x20000010        0x4 Src\system_stm32f4xx.o
                0x20000010                SystemCoreClock
 .data._impure_ptr
                0x20000014        0x4 c:/program files (x86)/atollic/truestudio for stm32 9.2.0/armtools/bin/../lib/gcc/arm-atollic-eabi/6.3.1/../../../../arm-atollic-eabi/lib/armv7e-m/fpu\libc.a(lib_a-impure.o)
                0x20000014                _impure_ptr
 .data.impure_data
                0x20000018       0xf0 c:/program files (x86)/atollic/truestudio for stm32 9.2.0/armtools/bin/../lib/gcc/arm-atollic-eabi/6.3.1/../../../../arm-atollic-eabi/lib/armv7e-m/fpu\libc.a(lib_a-impure.o)
 .data.__malloc_av_
                0x20000108      0x408 c:/program files (x86)/atollic/truestudio for stm32 9.2.0/armtools/bin/../lib/gcc/arm-atollic-eabi/6.3.1/../../../../arm-atollic-eabi/lib/armv7e-m/fpu\libc.a(lib_a-mallocr.o)
                0x20000108                __malloc_av_
 .data.__malloc_sbrk_base
                0x20000510        0x4 c:/program files (x86)/atollic/truestudio for stm32 9.2.0/armtools/bin/../lib/gcc/arm-atollic-eabi/6.3.1/../../../../arm-atollic-eabi/lib/armv7e-m/fpu\libc.a(lib_a-mallocr.o)
                0x20000510                __malloc_sbrk_base
 .data.__malloc_trim_threshold
                0x20000514        0x4 c:/program files (x86)/atollic/truestudio for stm32 9.2.0/armtools/bin/../lib/gcc/arm-atollic-eabi/6.3.1/../../../../arm-atollic-eabi/lib/armv7e-m/fpu\libc.a(lib_a-mallocr.o)
                0x20000514                __malloc_trim_threshold
 .data.__global_locale
                0x20000518      0x16c c:/program files (x86)/atollic/truestudio for stm32 9.2.0/armtools/bin/../lib/gcc/arm-atollic-eabi/6.3.1/../../../../arm-atollic-eabi/lib/armv7e-m/fpu\libc.a(lib_a-locale.o)
                0x20000518                __global_locale
                0x20000684                . = ALIGN (0x4)
                0x20000684                _edata = .
                0x0800e1e8                _siccmram = LOADADDR (.ccmram)

.igot.plt       0x20000684        0x0 load address 0x0800e1e8
 .igot.plt      0x20000684        0x0 c:/program files (x86)/atollic/truestudio for stm32 9.2.0/armtools/bin/../lib/gcc/arm-atollic-eabi/6.3.1/armv7e-m/fpu/crtbegin.o

.ccmram         0x10000000        0x0 load address 0x0800e1e8
                0x10000000                . = ALIGN (0x4)
                0x10000000                _sccmram = .
 *(.ccmram)
 *(.ccmram*)
                0x10000000                . = ALIGN (0x4)
                0x10000000                _eccmram = .
                0x10000000                . = ALIGN (0x4)

.bss            0x20000684      0x9ec
                0x20000684                _sbss = .
                0x20000684                __bss_start__ = _sbss
 *(.bss)
 .bss           0x20000684       0x1c c:/program files (x86)/atollic/truestudio for stm32 9.2.0/armtools/bin/../lib/gcc/arm-atollic-eabi/6.3.1/armv7e-m/fpu/crtbegin.o
 *(.bss*)
 .bss.ucMaxSysCallPriority
                0x200006a0        0x1 Middlewares\Third_Party\FreeRTOS\Source\portable\GCC\ARM_CM4F\port.o
 *fill*         0x200006a1        0x3 
 .bss.ulMaxPRIGROUPValue
                0x200006a4        0x4 Middlewares\Third_Party\FreeRTOS\Source\portable\GCC\ARM_CM4F\port.o
 .bss.heapBytesRemaining
                0x200006a8        0x4 Middlewares\Third_Party\FreeRTOS\Source\portable\MemMang\heap_4.o
 .bss.totalBytesProvidedBySBRK
                0x200006ac        0x4 Middlewares\Third_Party\FreeRTOS\Source\portable\MemMang\heap_4.o
 .bss.pxCurrentTCB
                0x200006b0        0x4 Middlewares\Third_Party\FreeRTOS\Source\tasks.o
                0x200006b0                pxCurrentTCB
 .bss.pxReadyTasksLists
                0x200006b4       0x8c Middlewares\Third_Party\FreeRTOS\Source\tasks.o
 .bss.xDelayedTaskList1
                0x20000740       0x14 Middlewares\Third_Party\FreeRTOS\Source\tasks.o
 .bss.xDelayedTaskList2
                0x20000754       0x14 Middlewares\Third_Party\FreeRTOS\Source\tasks.o
 .bss.pxDelayedTaskList
                0x20000768        0x4 Middlewares\Third_Party\FreeRTOS\Source\tasks.o
 .bss.pxOverflowDelayedTaskList
                0x2000076c        0x4 Middlewares\Third_Party\FreeRTOS\Source\tasks.o
 .bss.xPendingReadyList
                0x20000770       0x14 Middlewares\Third_Party\FreeRTOS\Source\tasks.o
 .bss.xTasksWaitingTermination
                0x20000784       0x14 Middlewares\Third_Party\FreeRTOS\Source\tasks.o
 .bss.uxDeletedTasksWaitingCleanUp
                0x20000798        0x4 Middlewares\Third_Party\FreeRTOS\Source\tasks.o
 .bss.xSuspendedTaskList
                0x2000079c       0x14 Middlewares\Third_Party\FreeRTOS\Source\tasks.o
 .bss.uxCurrentNumberOfTasks
                0x200007b0        0x4 Middlewares\Third_Party\FreeRTOS\Source\tasks.o
 .bss.xTickCount
                0x200007b4        0x4 Middlewares\Third_Party\FreeRTOS\Source\tasks.o
 .bss.uxTopReadyPriority
                0x200007b8        0x4 Middlewares\Third_Party\FreeRTOS\Source\tasks.o
 .bss.xSchedulerRunning
                0x200007bc        0x4 Middlewares\Third_Party\FreeRTOS\Source\tasks.o
 .bss.xPendedTicks
                0x200007c0        0x4 Middlewares\Third_Party\FreeRTOS\Source\tasks.o
 .bss.xYieldPending
                0x200007c4        0x4 Middlewares\Third_Party\FreeRTOS\Source\tasks.o
 .bss.xNumOfOverflows
                0x200007c8        0x4 Middlewares\Third_Party\FreeRTOS\Source\tasks.o
 .bss.uxTaskNumber
                0x200007cc        0x4 Middlewares\Third_Party\FreeRTOS\Source\tasks.o
 .bss.xNextTaskUnblockTime
                0x200007d0        0x4 Middlewares\Third_Party\FreeRTOS\Source\tasks.o
 .bss.xIdleTaskHandle
                0x200007d4        0x4 Middlewares\Third_Party\FreeRTOS\Source\tasks.o
 .bss.uxSchedulerSuspended
                0x200007d8        0x4 Middlewares\Third_Party\FreeRTOS\Source\tasks.o
 .bss.xIdleTaskTCBBuffer
                0x200007dc       0x54 Src\freertos.o
 .bss.xIdleStack
                0x20000830      0x200 Src\freertos.o
 .bss.NextionDisplay_uartRxBuf
                0x20000a30       0x80 Src\nextionDisplay.o
 .bss.ms.11985  0x20000ab0        0x1 Src\nextionDisplay.o
 *fill*         0x20000ab1        0x3 
 .bss.startTickTrace.11993
                0x20000ab4        0x4 Src\nextionDisplay.o
 .bss.index.11988
                0x20000ab8        0x1 Src\nextionDisplay.o
 *fill*         0x20000ab9        0x3 
 .bss.parsingBuf.11987
                0x20000abc       0x20 Src\nextionDisplay.o
 .bss.nextionCyclicalTrace.11992
                0x20000adc        0x1 Src\nextionDisplay.o
 .bss.activeSensorBME280
                0x20000add        0x1 Src\sensorsTask.o
                0x20000add                activeSensorBME280
 *fill*         0x20000ade        0x2 
 .bss.BME280    0x20000ae0       0x8c Src\sensorsTask.o
                0x20000ae0                BME280
 .bss.tFineValue
                0x20000b6c       0x1c Src\stm_bme_280.o
                0x20000b6c                tFineValue
 .bss.__malloc_current_mallinfo
                0x20000b88       0x28 c:/program files (x86)/atollic/truestudio for stm32 9.2.0/armtools/bin/../lib/gcc/arm-atollic-eabi/6.3.1/../../../../arm-atollic-eabi/lib/armv7e-m/fpu\libc.a(lib_a-mallocr.o)
                0x20000b88                __malloc_current_mallinfo
 .bss.__malloc_max_sbrked_mem
                0x20000bb0        0x4 c:/program files (x86)/atollic/truestudio for stm32 9.2.0/armtools/bin/../lib/gcc/arm-atollic-eabi/6.3.1/../../../../arm-atollic-eabi/lib/armv7e-m/fpu\libc.a(lib_a-mallocr.o)
                0x20000bb0                __malloc_max_sbrked_mem
 .bss.__malloc_max_total_mem
                0x20000bb4        0x4 c:/program files (x86)/atollic/truestudio for stm32 9.2.0/armtools/bin/../lib/gcc/arm-atollic-eabi/6.3.1/../../../../arm-atollic-eabi/lib/armv7e-m/fpu\libc.a(lib_a-mallocr.o)
                0x20000bb4                __malloc_max_total_mem
 .bss.__malloc_top_pad
                0x20000bb8        0x4 c:/program files (x86)/atollic/truestudio for stm32 9.2.0/armtools/bin/../lib/gcc/arm-atollic-eabi/6.3.1/../../../../arm-atollic-eabi/lib/armv7e-m/fpu\libc.a(lib_a-mallocr.o)
                0x20000bb8                __malloc_top_pad
 *(COMMON)
 COMMON         0x20000bbc        0x4 Drivers\STM32F4xx_HAL_Driver\Src\stm32f4xx_hal.o
                0x20000bbc                uwTick
 COMMON         0x20000bc0        0xc Middlewares\Third_Party\FreeRTOS\Source\portable\MemMang\heap_4.o
                0x20000bc0                TotalMallocdBytes
                0x20000bc4                TotalHeapSize
                0x20000bc8                MallocCallCnt
 COMMON         0x20000bcc      0x314 Src\main.o
                0x20000bcc                defaultTaskHandle
                0x20000bd0                hspi2
                0x20000c28                htim8
                0x20000c70                htim4
                0x20000cb8                huart3
                0x20000cfc                hi2c1
                0x20000d50                sensorsTaskHandle
                0x20000d54                htim3
                0x20000d9c                huart5
                0x20000de0                hadc1
                0x20000e28                huart1
                0x20000e6c                htim2
                0x20000eb4                nextionDisplayTaskHandle
                0x20000eb8                hcan1
 COMMON         0x20000ee0       0x14 Src\nextionDisplay.o
                0x20000ee0                RxDataUsart1
                0x20000ee4                rxBufferObject
 COMMON         0x20000ef4      0x16c Src\stm_bme_280.o
                0x20000ef4                CalibData
                0x20000ff0                BME280_Set
 COMMON         0x20001060        0x9 c:/program files (x86)/atollic/truestudio for stm32 9.2.0/armtools/bin/../lib/gcc/arm-atollic-eabi/6.3.1/../../../../arm-atollic-eabi/lib/armv7e-m/fpu\libc.a(lib_a-lock.o)
                0x20001060                __lock___atexit_recursive_mutex
                0x20001061                __lock___arc4random_mutex
                0x20001062                __lock___env_recursive_mutex
                0x20001063                __lock___sinit_recursive_mutex
                0x20001064                __lock___malloc_recursive_mutex
                0x20001065                __lock___at_quick_exit_mutex
                0x20001066                __lock___dd_hash_mutex
                0x20001067                __lock___tz_mutex
                0x20001068                __lock___sfp_recursive_mutex
 *fill*         0x20001069        0x3 
 COMMON         0x2000106c        0x4 c:/program files (x86)/atollic/truestudio for stm32 9.2.0/armtools/bin/../lib/gcc/arm-atollic-eabi/6.3.1/../../../../arm-atollic-eabi/lib/armv7e-m/fpu\libc.a(lib_a-reent.o)
                0x2000106c                errno
                0x20001070                . = ALIGN (0x4)
                0x20001070                _ebss = .
                0x20001070                __bss_end__ = _ebss

._user_heap_stack
                0x20001070      0xc00
                0x20001070                . = ALIGN (0x4)
                0x20001070                PROVIDE (end, .)
                [!provide]                PROVIDE (_end, .)
                0x20001470                . = (. + _Min_Heap_Size)
 *fill*         0x20001070      0x400 
                0x20001c70                . = (. + _Min_Stack_Size)
 *fill*         0x20001470      0x800 
                0x20001c70                . = ALIGN (0x4)

/DISCARD/
 libc.a(*)
 libm.a(*)
 libgcc.a(*)

.ARM.attributes
                0x00000000       0x30
 *(.ARM.attributes)
 .ARM.attributes
                0x00000000       0x22 c:/program files (x86)/atollic/truestudio for stm32 9.2.0/armtools/bin/../lib/gcc/arm-atollic-eabi/6.3.1/armv7e-m/fpu/crti.o
 .ARM.attributes
                0x00000022       0x34 c:/program files (x86)/atollic/truestudio for stm32 9.2.0/armtools/bin/../lib/gcc/arm-atollic-eabi/6.3.1/armv7e-m/fpu/crtbegin.o
 .ARM.attributes
                0x00000056       0x39 Drivers\STM32F4xx_HAL_Driver\Src\stm32f4xx_hal.o
 .ARM.attributes
                0x0000008f       0x39 Drivers\STM32F4xx_HAL_Driver\Src\stm32f4xx_hal_adc.o
 .ARM.attributes
                0x000000c8       0x39 Drivers\STM32F4xx_HAL_Driver\Src\stm32f4xx_hal_can.o
 .ARM.attributes
                0x00000101       0x39 Drivers\STM32F4xx_HAL_Driver\Src\stm32f4xx_hal_cortex.o
 .ARM.attributes
                0x0000013a       0x39 Drivers\STM32F4xx_HAL_Driver\Src\stm32f4xx_hal_dma.o
 .ARM.attributes
                0x00000173       0x39 Drivers\STM32F4xx_HAL_Driver\Src\stm32f4xx_hal_gpio.o
 .ARM.attributes
                0x000001ac       0x39 Drivers\STM32F4xx_HAL_Driver\Src\stm32f4xx_hal_i2c.o
 .ARM.attributes
                0x000001e5       0x39 Drivers\STM32F4xx_HAL_Driver\Src\stm32f4xx_hal_rcc.o
 .ARM.attributes
                0x0000021e       0x39 Drivers\STM32F4xx_HAL_Driver\Src\stm32f4xx_hal_spi.o
 .ARM.attributes
                0x00000257       0x39 Drivers\STM32F4xx_HAL_Driver\Src\stm32f4xx_hal_tim.o
 .ARM.attributes
                0x00000290       0x39 Drivers\STM32F4xx_HAL_Driver\Src\stm32f4xx_hal_tim_ex.o
 .ARM.attributes
                0x000002c9       0x39 Drivers\STM32F4xx_HAL_Driver\Src\stm32f4xx_hal_uart.o
 .ARM.attributes
                0x00000302       0x39 Middlewares\Third_Party\FreeRTOS\Source\CMSIS_RTOS\cmsis_os.o
 .ARM.attributes
                0x0000033b       0x39 Middlewares\Third_Party\FreeRTOS\Source\list.o
 .ARM.attributes
                0x00000374       0x39 Middlewares\Third_Party\FreeRTOS\Source\portable\GCC\ARM_CM4F\port.o
 .ARM.attributes
                0x000003ad       0x39 Middlewares\Third_Party\FreeRTOS\Source\portable\MemMang\heap_4.o
 .ARM.attributes
                0x000003e6       0x39 Middlewares\Third_Party\FreeRTOS\Source\tasks.o
 .ARM.attributes
                0x0000041f       0x39 Src\circularbuffer.o
 .ARM.attributes
                0x00000458       0x39 Src\freertos.o
 .ARM.attributes
                0x00000491       0x39 Src\main.o
 .ARM.attributes
                0x000004ca       0x39 Src\nextionDisplay.o
 .ARM.attributes
                0x00000503       0x39 Src\sensorsTask.o
 .ARM.attributes
                0x0000053c       0x39 Src\stm32f4xx_hal_msp.o
 .ARM.attributes
                0x00000575       0x39 Src\stm32f4xx_it.o
 .ARM.attributes
                0x000005ae       0x39 Src\stm_bme_280.o
 .ARM.attributes
                0x000005e7       0x39 Src\syscalls.o
 .ARM.attributes
                0x00000620       0x39 Src\system_stm32f4xx.o
 .ARM.attributes
                0x00000659       0x21 startup\startup_stm32f405xx.o
 .ARM.attributes
                0x0000067a       0x34 c:/program files (x86)/atollic/truestudio for stm32 9.2.0/armtools/bin/../lib/gcc/arm-atollic-eabi/6.3.1/../../../../arm-atollic-eabi/lib/armv7e-m/fpu\libc.a(lib_a-assert.o)
 .ARM.attributes
                0x000006ae       0x34 c:/program files (x86)/atollic/truestudio for stm32 9.2.0/armtools/bin/../lib/gcc/arm-atollic-eabi/6.3.1/../../../../arm-atollic-eabi/lib/armv7e-m/fpu\libc.a(lib_a-errno.o)
 .ARM.attributes
                0x000006e2       0x34 c:/program files (x86)/atollic/truestudio for stm32 9.2.0/armtools/bin/../lib/gcc/arm-atollic-eabi/6.3.1/../../../../arm-atollic-eabi/lib/armv7e-m/fpu\libc.a(lib_a-fiprintf.o)
 .ARM.attributes
                0x00000716       0x34 c:/program files (x86)/atollic/truestudio for stm32 9.2.0/armtools/bin/../lib/gcc/arm-atollic-eabi/6.3.1/../../../../arm-atollic-eabi/lib/armv7e-m/fpu\libc.a(lib_a-impure.o)
 .ARM.attributes
                0x0000074a       0x34 c:/program files (x86)/atollic/truestudio for stm32 9.2.0/armtools/bin/../lib/gcc/arm-atollic-eabi/6.3.1/../../../../arm-atollic-eabi/lib/armv7e-m/fpu\libc.a(lib_a-init.o)
 .ARM.attributes
                0x0000077e       0x34 c:/program files (x86)/atollic/truestudio for stm32 9.2.0/armtools/bin/../lib/gcc/arm-atollic-eabi/6.3.1/../../../../arm-atollic-eabi/lib/armv7e-m/fpu\libc.a(lib_a-malloc.o)
 .ARM.attributes
                0x000007b2       0x34 c:/program files (x86)/atollic/truestudio for stm32 9.2.0/armtools/bin/../lib/gcc/arm-atollic-eabi/6.3.1/../../../../arm-atollic-eabi/lib/armv7e-m/fpu\libc.a(lib_a-mallocr.o)
 .ARM.attributes
                0x000007e6       0x34 c:/program files (x86)/atollic/truestudio for stm32 9.2.0/armtools/bin/../lib/gcc/arm-atollic-eabi/6.3.1/../../../../arm-atollic-eabi/lib/armv7e-m/fpu\libc.a(lib_a-memcpy-stub.o)
 .ARM.attributes
                0x0000081a       0x34 c:/program files (x86)/atollic/truestudio for stm32 9.2.0/armtools/bin/../lib/gcc/arm-atollic-eabi/6.3.1/../../../../arm-atollic-eabi/lib/armv7e-m/fpu\libc.a(lib_a-memset.o)
 .ARM.attributes
                0x0000084e       0x34 c:/program files (x86)/atollic/truestudio for stm32 9.2.0/armtools/bin/../lib/gcc/arm-atollic-eabi/6.3.1/../../../../arm-atollic-eabi/lib/armv7e-m/fpu\libc.a(lib_a-strcasecmp.o)
 .ARM.attributes
                0x00000882       0x34 c:/program files (x86)/atollic/truestudio for stm32 9.2.0/armtools/bin/../lib/gcc/arm-atollic-eabi/6.3.1/../../../../arm-atollic-eabi/lib/armv7e-m/fpu\libc.a(lib_a-strchr.o)
 .ARM.attributes
                0x000008b6       0x34 c:/program files (x86)/atollic/truestudio for stm32 9.2.0/armtools/bin/../lib/gcc/arm-atollic-eabi/6.3.1/../../../../arm-atollic-eabi/lib/armv7e-m/fpu\libc.a(lib_a-vfiprintf.o)
 .ARM.attributes
                0x000008ea       0x34 c:/program files (x86)/atollic/truestudio for stm32 9.2.0/armtools/bin/../lib/gcc/arm-atollic-eabi/6.3.1/../../../../arm-atollic-eabi/lib/armv7e-m/fpu\libc.a(lib_a-vsnprintf.o)
 .ARM.attributes
                0x0000091e       0x34 c:/program files (x86)/atollic/truestudio for stm32 9.2.0/armtools/bin/../lib/gcc/arm-atollic-eabi/6.3.1/../../../../arm-atollic-eabi/lib/armv7e-m/fpu\libc.a(lib_a-wsetup.o)
 .ARM.attributes
                0x00000952       0x34 c:/program files (x86)/atollic/truestudio for stm32 9.2.0/armtools/bin/../lib/gcc/arm-atollic-eabi/6.3.1/../../../../arm-atollic-eabi/lib/armv7e-m/fpu\libc.a(lib_a-abort.o)
 .ARM.attributes
                0x00000986       0x34 c:/program files (x86)/atollic/truestudio for stm32 9.2.0/armtools/bin/../lib/gcc/arm-atollic-eabi/6.3.1/../../../../arm-atollic-eabi/lib/armv7e-m/fpu\libc.a(lib_a-fflush.o)
 .ARM.attributes