Archive member included to satisfy reference by file (symbol)

c:/program files (x86)/atollic/truestudio for stm32 9.2.0/armtools/bin/../lib/gcc/arm-atollic-eabi/6.3.1/../../../../arm-atollic-eabi/lib/armv7e-m/fpu\libc.a(lib_a-assert.o)
                              Src\circularbuffer.o (__assert_func)
c:/program files (x86)/atollic/truestudio for stm32 9.2.0/armtools/bin/../lib/gcc/arm-atollic-eabi/6.3.1/../../../../arm-atollic-eabi/lib/armv7e-m/fpu\libc.a(lib_a-errno.o)
                              Src\syscalls.o (__errno)
c:/program files (x86)/atollic/truestudio for stm32 9.2.0/armtools/bin/../lib/gcc/arm-atollic-eabi/6.3.1/../../../../arm-atollic-eabi/lib/armv7e-m/fpu\libc.a(lib_a-fiprintf.o)
                              c:/program files (x86)/atollic/truestudio for stm32 9.2.0/armtools/bin/../lib/gcc/arm-atollic-eabi/6.3.1/../../../../arm-atollic-eabi/lib/armv7e-m/fpu\libc.a(lib_a-assert.o) (fiprintf)
c:/program files (x86)/atollic/truestudio for stm32 9.2.0/armtools/bin/../lib/gcc/arm-atollic-eabi/6.3.1/../../../../arm-atollic-eabi/lib/armv7e-m/fpu\libc.a(lib_a-impure.o)
                              Middlewares\Third_Party\FreeRTOS\Source\portable\MemMang\heap_4.o (_impure_ptr)
c:/program files (x86)/atollic/truestudio for stm32 9.2.0/armtools/bin/../lib/gcc/arm-atollic-eabi/6.3.1/../../../../arm-atollic-eabi/lib/armv7e-m/fpu\libc.a(lib_a-init.o)
                              startup\startup_stm32f405xx.o (__libc_init_array)
c:/program files (x86)/atollic/truestudio for stm32 9.2.0/armtools/bin/../lib/gcc/arm-atollic-eabi/6.3.1/../../../../arm-atollic-eabi/lib/armv7e-m/fpu\libc.a(lib_a-malloc.o)
                              Middlewares\Third_Party\FreeRTOS\Source\portable\MemMang\heap_4.o (malloc)
c:/program files (x86)/atollic/truestudio for stm32 9.2.0/armtools/bin/../lib/gcc/arm-atollic-eabi/6.3.1/../../../../arm-atollic-eabi/lib/armv7e-m/fpu\libc.a(lib_a-mallocr.o)
                              c:/program files (x86)/atollic/truestudio for stm32 9.2.0/armtools/bin/../lib/gcc/arm-atollic-eabi/6.3.1/../../../../arm-atollic-eabi/lib/armv7e-m/fpu\libc.a(lib_a-malloc.o) (_malloc_r)
c:/program files (x86)/atollic/truestudio for stm32 9.2.0/armtools/bin/../lib/gcc/arm-atollic-eabi/6.3.1/../../../../arm-atollic-eabi/lib/armv7e-m/fpu\libc.a(lib_a-memcpy-stub.o)
                              Middlewares\Third_Party\FreeRTOS\Source\queue.o (memcpy)
c:/program files (x86)/atollic/truestudio for stm32 9.2.0/armtools/bin/../lib/gcc/arm-atollic-eabi/6.3.1/../../../../arm-atollic-eabi/lib/armv7e-m/fpu\libc.a(lib_a-memset.o)
                              Middlewares\Third_Party\FreeRTOS\Source\CMSIS_RTOS\cmsis_os.o (memset)
c:/program files (x86)/atollic/truestudio for stm32 9.2.0/armtools/bin/../lib/gcc/arm-atollic-eabi/6.3.1/../../../../arm-atollic-eabi/lib/armv7e-m/fpu\libc.a(lib_a-mstats.o)
                              Middlewares\Third_Party\FreeRTOS\Source\portable\MemMang\heap_4.o (mallinfo)
c:/program files (x86)/atollic/truestudio for stm32 9.2.0/armtools/bin/../lib/gcc/arm-atollic-eabi/6.3.1/../../../../arm-atollic-eabi/lib/armv7e-m/fpu\libc.a(lib_a-strcasecmp.o)
                              Src\nextionDisplay.o (strcasecmp)
c:/program files (x86)/atollic/truestudio for stm32 9.2.0/armtools/bin/../lib/gcc/arm-atollic-eabi/6.3.1/../../../../arm-atollic-eabi/lib/armv7e-m/fpu\libc.a(lib_a-strchr.o)
                              Src\nextionDisplay.o (strchr)
c:/program files (x86)/atollic/truestudio for stm32 9.2.0/armtools/bin/../lib/gcc/arm-atollic-eabi/6.3.1/../../../../arm-atollic-eabi/lib/armv7e-m/fpu\libc.a(lib_a-vfiprintf.o)
                              c:/program files (x86)/atollic/truestudio for stm32 9.2.0/armtools/bin/../lib/gcc/arm-atollic-eabi/6.3.1/../../../../arm-atollic-eabi/lib/armv7e-m/fpu\libc.a(lib_a-fiprintf.o) (_vfiprintf_r)
c:/program files (x86)/atollic/truestudio for stm32 9.2.0/armtools/bin/../lib/gcc/arm-atollic-eabi/6.3.1/../../../../arm-atollic-eabi/lib/armv7e-m/fpu\libc.a(lib_a-vsnprintf.o)
                              Src\nextionDisplay.o (vsnprintf)
c:/program files (x86)/atollic/truestudio for stm32 9.2.0/armtools/bin/../lib/gcc/arm-atollic-eabi/6.3.1/../../../../arm-atollic-eabi/lib/armv7e-m/fpu\libc.a(lib_a-wsetup.o)
                              c:/program files (x86)/atollic/truestudio for stm32 9.2.0/armtools/bin/../lib/gcc/arm-atollic-eabi/6.3.1/../../../../arm-atollic-eabi/lib/armv7e-m/fpu\libc.a(lib_a-vfiprintf.o) (__swsetup_r)
c:/program files (x86)/atollic/truestudio for stm32 9.2.0/armtools/bin/../lib/gcc/arm-atollic-eabi/6.3.1/../../../../arm-atollic-eabi/lib/armv7e-m/fpu\libc.a(lib_a-abort.o)
                              c:/program files (x86)/atollic/truestudio for stm32 9.2.0/armtools/bin/../lib/gcc/arm-atollic-eabi/6.3.1/../../../../arm-atollic-eabi/lib/armv7e-m/fpu\libc.a(lib_a-assert.o) (abort)
[...]
Memory Configuration

Name             Origin             Length             Attributes
RAM              0x20000000         0x00020000         xrw
CCMRAM           0x10000000         0x00010000         xrw
FLASH            0x08000000         0x00100000         xr
*default*        0x00000000         0xffffffff

Linker script and memory map

LOAD c:/program files (x86)/atollic/truestudio for stm32 9.2.0/armtools/bin/../lib/gcc/arm-atollic-eabi/6.3.1/armv7e-m/fpu/crti.o
LOAD c:/program files (x86)/atollic/truestudio for stm32 9.2.0/armtools/bin/../lib/gcc/arm-atollic-eabi/6.3.1/armv7e-m/fpu/crtbegin.o
LOAD Drivers\STM32F4xx_HAL_Driver\Src\stm32f4xx_hal.o
LOAD Drivers\STM32F4xx_HAL_Driver\Src\stm32f4xx_hal_adc.o
LOAD Drivers\STM32F4xx_HAL_Driver\Src\stm32f4xx_hal_adc_ex.o
LOAD Drivers\STM32F4xx_HAL_Driver\Src\stm32f4xx_hal_can.o
LOAD Drivers\STM32F4xx_HAL_Driver\Src\stm32f4xx_hal_cortex.o
LOAD Drivers\STM32F4xx_HAL_Driver\Src\stm32f4xx_hal_crc.o
LOAD Drivers\STM32F4xx_HAL_Driver\Src\stm32f4xx_hal_dma.o
LOAD Drivers\STM32F4xx_HAL_Driver\Src\stm32f4xx_hal_dma_ex.o
LOAD Drivers\STM32F4xx_HAL_Driver\Src\stm32f4xx_hal_exti.o
LOAD Drivers\STM32F4xx_HAL_Driver\Src\stm32f4xx_hal_flash.o
LOAD Drivers\STM32F4xx_HAL_Driver\Src\stm32f4xx_hal_flash_ex.o
LOAD Drivers\STM32F4xx_HAL_Driver\Src\stm32f4xx_hal_flash_ramfunc.o
LOAD Drivers\STM32F4xx_HAL_Driver\Src\stm32f4xx_hal_gpio.o
LOAD Drivers\STM32F4xx_HAL_Driver\Src\stm32f4xx_hal_i2c.o
LOAD Drivers\STM32F4xx_HAL_Driver\Src\stm32f4xx_hal_i2c_ex.o
LOAD Drivers\STM32F4xx_HAL_Driver\Src\stm32f4xx_hal_pwr.o
LOAD Drivers\STM32F4xx_HAL_Driver\Src\stm32f4xx_hal_pwr_ex.o
LOAD Drivers\STM32F4xx_HAL_Driver\Src\stm32f4xx_hal_rcc.o
LOAD Drivers\STM32F4xx_HAL_Driver\Src\stm32f4xx_hal_rcc_ex.o
LOAD Drivers\STM32F4xx_HAL_Driver\Src\stm32f4xx_hal_spi.o
LOAD Drivers\STM32F4xx_HAL_Driver\Src\stm32f4xx_hal_tim.o
LOAD Drivers\STM32F4xx_HAL_Driver\Src\stm32f4xx_hal_tim_ex.o
LOAD Drivers\STM32F4xx_HAL_Driver\Src\stm32f4xx_hal_uart.o
LOAD Drivers\STM32F4xx_HAL_Driver\Src\stm32f4xx_ll_adc.o
LOAD Middlewares\Third_Party\FreeRTOS\Source\CMSIS_RTOS\cmsis_os.o
LOAD Middlewares\Third_Party\FreeRTOS\Source\croutine.o
LOAD Middlewares\Third_Party\FreeRTOS\Source\event_groups.o
LOAD Middlewares\Third_Party\FreeRTOS\Source\list.o
LOAD Middlewares\Third_Party\FreeRTOS\Source\portable\GCC\ARM_CM4F\port.o
LOAD Middlewares\Third_Party\FreeRTOS\Source\portable\MemMang\heap_4.o
LOAD Middlewares\Third_Party\FreeRTOS\Source\queue.o
LOAD Middlewares\Third_Party\FreeRTOS\Source\stream_buffer.o
LOAD Middlewares\Third_Party\FreeRTOS\Source\tasks.o
LOAD Middlewares\Third_Party\FreeRTOS\Source\timers.o
LOAD Src\automationTask.o
LOAD Src\circularbuffer.o
LOAD Src\freertos.o
LOAD Src\main.o
LOAD Src\nextionDisplay.o
LOAD Src\sensorsTask.o
LOAD Src\stm32f4xx_hal_msp.o
LOAD Src\stm32f4xx_it.o
LOAD Src\stm_bme_280.o
LOAD Src\syscalls.o
LOAD Src\system_stm32f4xx.o
LOAD startup\startup_stm32f405xx.o
                0x00000080                malloc_getpagesize_P = 0x80
START GROUP
LOAD c:/program files (x86)/atollic/truestudio for stm32 9.2.0/armtools/bin/../lib/gcc/arm-atollic-eabi/6.3.1/../../../../arm-atollic-eabi/lib/armv7e-m/fpu\libc.a
LOAD c:/program files (x86)/atollic/truestudio for stm32 9.2.0/armtools/bin/../lib/gcc/arm-atollic-eabi/6.3.1/../../../../arm-atollic-eabi/lib/armv7e-m/fpu\libm.a
END GROUP
START GROUP
LOAD c:/program files (x86)/atollic/truestudio for stm32 9.2.0/armtools/bin/../lib/gcc/arm-atollic-eabi/6.3.1/armv7e-m/fpu\libgcc.a
LOAD c:/program files (x86)/atollic/truestudio for stm32 9.2.0/armtools/bin/../lib/gcc/arm-atollic-eabi/6.3.1/../../../../arm-atollic-eabi/lib/armv7e-m/fpu\libc.a
END GROUP
START GROUP
LOAD c:/program files (x86)/atollic/truestudio for stm32 9.2.0/armtools/bin/../lib/gcc/arm-atollic-eabi/6.3.1/armv7e-m/fpu\libgcc.a
LOAD c:/program files (x86)/atollic/truestudio for stm32 9.2.0/armtools/bin/../lib/gcc/arm-atollic-eabi/6.3.1/../../../../arm-atollic-eabi/lib/armv7e-m/fpu\libc.a
LOAD c:/program files (x86)/atollic/truestudio for stm32 9.2.0/armtools/bin/../lib/gcc/arm-atollic-eabi/6.3.1/../../../../arm-atollic-eabi/lib/armv7e-m/fpu\libnosys.a
END GROUP
LOAD c:/program files (x86)/atollic/truestudio for stm32 9.2.0/armtools/bin/../lib/gcc/arm-atollic-eabi/6.3.1/armv7e-m/fpu/crtend.o
LOAD c:/program files (x86)/atollic/truestudio for stm32 9.2.0/armtools/bin/../lib/gcc/arm-atollic-eabi/6.3.1/armv7e-m/fpu/crtn.o
                0x20020000                _estack = 0x20020000
                0x00000400                _Min_Heap_Size = 0x400
                0x00000800                _Min_Stack_Size = 0x800

.isr_vector     0x08000000      0x188
                0x08000000                . = ALIGN (0x4)
 *(.isr_vector)
 .isr_vector    0x08000000      0x188 startup\startup_stm32f405xx.o
                0x08000000                g_pfnVectors
                0x08000188                . = ALIGN (0x4)

.text           0x08000190     0xe3ac
                0x08000190                . = ALIGN (0x4)
 *(.text)
 .text          0x08000190       0x40 c:/program files (x86)/atollic/truestudio for stm32 9.2.0/armtools/bin/../lib/gcc/arm-atollic-eabi/6.3.1/armv7e-m/fpu/crtbegin.o
 .text          0x080001d0       0xa0 c:/program files (x86)/atollic/truestudio for stm32 9.2.0/armtools/bin/../lib/gcc/arm-atollic-eabi/6.3.1/../../../../arm-atollic-eabi/lib/armv7e-m/fpu\libc.a(lib_a-memchr.o)
                0x080001d0                memchr
 .text          0x08000270       0x10 c:/program files (x86)/atollic/truestudio for stm32 9.2.0/armtools/bin/../lib/gcc/arm-atollic-eabi/6.3.1/../../../../arm-atollic-eabi/lib/armv7e-m/fpu\libc.a(lib_a-strlen.o)
                0x08000270                strlen
 .text          0x08000280      0x370 c:/program files (x86)/atollic/truestudio for stm32 9.2.0/armtools/bin/../lib/gcc/arm-atollic-eabi/6.3.1/armv7e-m/fpu\libgcc.a(_arm_addsubdf3.o)
                0x08000280                __aeabi_drsub
                0x08000288                __aeabi_dsub
                0x08000288                __subdf3
                0x0800028c                __aeabi_dadd
                0x0800028c                __adddf3
                0x08000504                __floatunsidf
                0x08000504                __aeabi_ui2d
                0x08000524                __floatsidf
                0x08000524                __aeabi_i2d
                0x08000548                __aeabi_f2d
                0x08000548                __extendsfdf2
                0x08000584                __floatundidf
                0x08000584                __aeabi_ul2d
                0x08000594                __floatdidf
                0x08000594                __aeabi_l2d
 .text          0x080005f0      0x424 c:/program files (x86)/atollic/truestudio for stm32 9.2.0/armtools/bin/../lib/gcc/arm-atollic-eabi/6.3.1/armv7e-m/fpu\libgcc.a(_arm_muldivdf3.o)
                0x080005f0                __aeabi_dmul
                0x080005f0                __muldf3
                0x08000844                __divdf3
                0x08000844                __aeabi_ddiv
 .text          0x08000a14      0x110 c:/program files (x86)/atollic/truestudio for stm32 9.2.0/armtools/bin/../lib/gcc/arm-atollic-eabi/6.3.1/armv7e-m/fpu\libgcc.a(_arm_cmpdf2.o)
                0x08000a14                __gtdf2
                0x08000a14                __gedf2
                0x08000a1c                __ltdf2
                0x08000a1c                __ledf2
                0x08000a24                __nedf2
                0x08000a24                __eqdf2
                0x08000a24                __cmpdf2
                0x08000aa0                __aeabi_cdrcmple
                0x08000ab0                __aeabi_cdcmpeq
                0x08000ab0                __aeabi_cdcmple
                0x08000ac0                __aeabi_dcmpeq
                0x08000ad4                __aeabi_dcmplt
                0x08000ae8                __aeabi_dcmple
                0x08000afc                __aeabi_dcmpge
                0x08000b10                __aeabi_dcmpgt
 .text          0x08000b24       0x2c c:/program files (x86)/atollic/truestudio for stm32 9.2.0/armtools/bin/../lib/gcc/arm-atollic-eabi/6.3.1/armv7e-m/fpu\libgcc.a(_arm_unorddf2.o)
                0x08000b24                __unorddf2
                0x08000b24                __aeabi_dcmpun
 .text          0x08000b50       0x50 c:/program files (x86)/atollic/truestudio for stm32 9.2.0/armtools/bin/../lib/gcc/arm-atollic-eabi/6.3.1/armv7e-m/fpu\libgcc.a(_arm_fixdfsi.o)
                0x08000b50                __aeabi_d2iz
                0x08000b50                __fixdfsi
 .text          0x08000ba0       0xa0 c:/program files (x86)/atollic/truestudio for stm32 9.2.0/armtools/bin/../lib/gcc/arm-atollic-eabi/6.3.1/armv7e-m/fpu\libgcc.a(_aeabi_ldivmod.o)
                0x08000ba0                __aeabi_ldivmod
 .text          0x08000c40       0x30 c:/program files (x86)/atollic/truestudio for stm32 9.2.0/armtools/bin/../lib/gcc/arm-atollic-eabi/6.3.1/armv7e-m/fpu\libgcc.a(_aeabi_uldivmod.o)
                0x08000c40                __aeabi_uldivmod
 .text          0x08000c70      0x2dc c:/program files (x86)/atollic/truestudio for stm32 9.2.0/armtools/bin/../lib/gcc/arm-atollic-eabi/6.3.1/armv7e-m/fpu\libgcc.a(_udivmoddi4.o)
                0x08000c70                __udivmoddi4
 .text          0x08000f4c        0x4 c:/program files (x86)/atollic/truestudio for stm32 9.2.0/armtools/bin/../lib/gcc/arm-atollic-eabi/6.3.1/armv7e-m/fpu\libgcc.a(_dvmd_tls.o)
                0x08000f4c                __aeabi_idiv0
                0x08000f4c                __aeabi_ldiv0
 *(.text*)
 .text.HAL_Init
                0x08000f50       0x44 Drivers\STM32F4xx_HAL_Driver\Src\stm32f4xx_hal.o
                0x08000f50                HAL_Init
 .text.HAL_InitTick
                0x08000f94       0x60 Drivers\STM32F4xx_HAL_Driver\Src\stm32f4xx_hal.o
                0x08000f94                HAL_InitTick
 .text.HAL_IncTick
                0x08000ff4       0x28 Drivers\STM32F4xx_HAL_Driver\Src\stm32f4xx_hal.o
                0x08000ff4                HAL_IncTick
 .text.HAL_GetTick
                0x0800101c       0x18 Drivers\STM32F4xx_HAL_Driver\Src\stm32f4xx_hal.o
                0x0800101c                HAL_GetTick
 .text.HAL_ADC_Init
                0x08001034       0x86 Drivers\STM32F4xx_HAL_Driver\Src\stm32f4xx_hal_adc.o
                0x08001034                HAL_ADC_Init
 *fill*         0x080010ba        0x2 
 .text.HAL_ADC_ConfigChannel
                0x080010bc      0x248 Drivers\STM32F4xx_HAL_Driver\Src\stm32f4xx_hal_adc.o
                0x080010bc                HAL_ADC_ConfigChannel
 .text.ADC_Init
                0x08001304      0x1f8 Drivers\STM32F4xx_HAL_Driver\Src\stm32f4xx_hal_adc.o
 .text.HAL_CAN_Init
                0x080014fc      0x1f4 Drivers\STM32F4xx_HAL_Driver\Src\stm32f4xx_hal_can.o
                0x080014fc                HAL_CAN_Init
 .text.__NVIC_SetPriorityGrouping
                0x080016f0       0x48 Drivers\STM32F4xx_HAL_Driver\Src\stm32f4xx_hal_cortex.o
 .text.__NVIC_GetPriorityGrouping
                0x08001738       0x1c Drivers\STM32F4xx_HAL_Driver\Src\stm32f4xx_hal_cortex.o
 .text.__NVIC_EnableIRQ
                0x08001754       0x3c Drivers\STM32F4xx_HAL_Driver\Src\stm32f4xx_hal_cortex.o
 .text.__NVIC_SetPriority
                0x08001790       0x54 Drivers\STM32F4xx_HAL_Driver\Src\stm32f4xx_hal_cortex.o
 .text.NVIC_EncodePriority
                0x080017e4       0x62 Drivers\STM32F4xx_HAL_Driver\Src\stm32f4xx_hal_cortex.o
 *fill*         0x08001846        0x2 
 .text.SysTick_Config
                0x08001848       0x44 Drivers\STM32F4xx_HAL_Driver\Src\stm32f4xx_hal_cortex.o
 .text.HAL_NVIC_SetPriorityGrouping
                0x0800188c       0x16 Drivers\STM32F4xx_HAL_Driver\Src\stm32f4xx_hal_cortex.o
                0x0800188c                HAL_NVIC_SetPriorityGrouping
 .text.HAL_NVIC_SetPriority
                0x080018a2       0x38 Drivers\STM32F4xx_HAL_Driver\Src\stm32f4xx_hal_cortex.o
                0x080018a2                HAL_NVIC_SetPriority
 .text.HAL_NVIC_EnableIRQ
                0x080018da       0x1c Drivers\STM32F4xx_HAL_Driver\Src\stm32f4xx_hal_cortex.o
                0x080018da                HAL_NVIC_EnableIRQ
 .text.HAL_SYSTICK_Config
                0x080018f6       0x18 Drivers\STM32F4xx_HAL_Driver\Src\stm32f4xx_hal_cortex.o
                0x080018f6                HAL_SYSTICK_Config
 .text.HAL_CRC_Init
                0x0800190e       0x38 Drivers\STM32F4xx_HAL_Driver\Src\stm32f4xx_hal_crc.o
                0x0800190e                HAL_CRC_Init
 .text.HAL_CRC_Calculate
                0x08001946       0x66 Drivers\STM32F4xx_HAL_Driver\Src\stm32f4xx_hal_crc.o
                0x08001946                HAL_CRC_Calculate
 .text.HAL_DMA_Abort
                0x080019ac       0xe0 Drivers\STM32F4xx_HAL_Driver\Src\stm32f4xx_hal_dma.o
                0x080019ac                HAL_DMA_Abort
 .text.HAL_DMA_Abort_IT
                0x08001a8c       0x44 Drivers\STM32F4xx_HAL_Driver\Src\stm32f4xx_hal_dma.o
                0x08001a8c                HAL_DMA_Abort_IT
 .text.HAL_FLASH_Program
                0x08001ad0       0xa8 Drivers\STM32F4xx_HAL_Driver\Src\stm32f4xx_hal_flash.o
                0x08001ad0                HAL_FLASH_Program
 .text.HAL_FLASH_Unlock
                0x08001b78       0x44 Drivers\STM32F4xx_HAL_Driver\Src\stm32f4xx_hal_flash.o
                0x08001b78                HAL_FLASH_Unlock
 .text.HAL_FLASH_Lock
                0x08001bbc       0x20 Drivers\STM32F4xx_HAL_Driver\Src\stm32f4xx_hal_flash.o
                0x08001bbc                HAL_FLASH_Lock
 .text.FLASH_WaitForLastOperation
                0x08001bdc       0x80 Drivers\STM32F4xx_HAL_Driver\Src\stm32f4xx_hal_flash.o
                0x08001bdc                FLASH_WaitForLastOperation
 .text.FLASH_Program_DoubleWord
                0x08001c5c       0x5c Drivers\STM32F4xx_HAL_Driver\Src\stm32f4xx_hal_flash.o
 .text.FLASH_Program_Word
                0x08001cb8       0x44 Drivers\STM32F4xx_HAL_Driver\Src\stm32f4xx_hal_flash.o
 .text.FLASH_Program_HalfWord
                0x08001cfc       0x48 Drivers\STM32F4xx_HAL_Driver\Src\stm32f4xx_hal_flash.o
 .text.FLASH_Program_Byte
                0x08001d44       0x44 Drivers\STM32F4xx_HAL_Driver\Src\stm32f4xx_hal_flash.o
 .text.FLASH_SetErrorCode
                0x08001d88       0xac Drivers\STM32F4xx_HAL_Driver\Src\stm32f4xx_hal_flash.o
 .text.FLASH_Erase_Sector
                0x08001e34       0x90 Drivers\STM32F4xx_HAL_Driver\Src\stm32f4xx_hal_flash_ex.o
                0x08001e34                FLASH_Erase_Sector
 .text.HAL_GPIO_Init
                0x08001ec4      0x334 Drivers\STM32F4xx_HAL_Driver\Src\stm32f4xx_hal_gpio.o
                0x08001ec4                HAL_GPIO_Init
 .text.HAL_GPIO_WritePin
                0x080021f8       0x32 Drivers\STM32F4xx_HAL_Driver\Src\stm32f4xx_hal_gpio.o
                0x080021f8                HAL_GPIO_WritePin
 .text.HAL_GPIO_TogglePin
                0x0800222a       0x34 Drivers\STM32F4xx_HAL_Driver\Src\stm32f4xx_hal_gpio.o
                0x0800222a                HAL_GPIO_TogglePin
 *fill*         0x0800225e        0x2 
 .text.HAL_I2C_Init
                0x08002260      0x270 Drivers\STM32F4xx_HAL_Driver\Src\stm32f4xx_hal_i2c.o
                0x08002260                HAL_I2C_Init
 .text.HAL_RCC_OscConfig
                0x080024d0      0x4f0 Drivers\STM32F4xx_HAL_Driver\Src\stm32f4xx_hal_rcc.o
                0x080024d0                HAL_RCC_OscConfig
 .text.HAL_RCC_ClockConfig
                0x080029c0      0x1cc Drivers\STM32F4xx_HAL_Driver\Src\stm32f4xx_hal_rcc.o
                0x080029c0                HAL_RCC_ClockConfig
 .text.HAL_RCC_GetSysClockFreq
                0x08002b8c      0x16c Drivers\STM32F4xx_HAL_Driver\Src\stm32f4xx_hal_rcc.o
                0x08002b8c                HAL_RCC_GetSysClockFreq
 .text.HAL_RCC_GetHCLKFreq
                0x08002cf8       0x18 Drivers\STM32F4xx_HAL_Driver\Src\stm32f4xx_hal_rcc.o
                0x08002cf8                HAL_RCC_GetHCLKFreq
 .text.HAL_RCC_GetPCLK1Freq
                0x08002d10       0x28 Drivers\STM32F4xx_HAL_Driver\Src\stm32f4xx_hal_rcc.o
                0x08002d10                HAL_RCC_GetPCLK1Freq
 .text.HAL_RCC_GetPCLK2Freq
                0x08002d38       0x28 Drivers\STM32F4xx_HAL_Driver\Src\stm32f4xx_hal_rcc.o
                0x08002d38                HAL_RCC_GetPCLK2Freq
 .text.HAL_SPI_Init
                0x08002d60      0x110 Drivers\STM32F4xx_HAL_Driver\Src\stm32f4xx_hal_spi.o
                0x08002d60                HAL_SPI_Init
 .text.HAL_SPI_Transmit
                0x08002e70      0x274 Drivers\STM32F4xx_HAL_Driver\Src\stm32f4xx_hal_spi.o
                0x08002e70                HAL_SPI_Transmit
 .text.HAL_SPI_TransmitReceive
                0x080030e4      0x340 Drivers\STM32F4xx_HAL_Driver\Src\stm32f4xx_hal_spi.o
                0x080030e4                HAL_SPI_TransmitReceive
 .text.SPI_WaitFlagStateUntilTimeout
                0x08003424      0x110 Drivers\STM32F4xx_HAL_Driver\Src\stm32f4xx_hal_spi.o
 .text.SPI_EndRxTxTransaction
                0x08003534       0x84 Drivers\STM32F4xx_HAL_Driver\Src\stm32f4xx_hal_spi.o
 .text.HAL_TIM_PWM_Init
                0x080035b8       0x9e Drivers\STM32F4xx_HAL_Driver\Src\stm32f4xx_hal_tim.o
                0x080035b8                HAL_TIM_PWM_Init
 *fill*         0x08003656        0x2 
 .text.HAL_TIM_PWM_Start
                0x08003658      0x190 Drivers\STM32F4xx_HAL_Driver\Src\stm32f4xx_hal_tim.o
                0x08003658                HAL_TIM_PWM_Start
 .text.HAL_TIM_IC_Init
                0x080037e8       0x9e Drivers\STM32F4xx_HAL_Driver\Src\stm32f4xx_hal_tim.o
                0x080037e8                HAL_TIM_IC_Init
 .text.HAL_TIM_Encoder_Init
                0x08003886      0x14c Drivers\STM32F4xx_HAL_Driver\Src\stm32f4xx_hal_tim.o
                0x08003886                HAL_TIM_Encoder_Init
 .text.HAL_TIM_IC_ConfigChannel
                0x080039d2      0x138 Drivers\STM32F4xx_HAL_Driver\Src\stm32f4xx_hal_tim.o
                0x080039d2                HAL_TIM_IC_ConfigChannel
 *fill*         0x08003b0a        0x2 
 .text.HAL_TIM_PWM_ConfigChannel
                0x08003b0c      0x184 Drivers\STM32F4xx_HAL_Driver\Src\stm32f4xx_hal_tim.o
                0x08003b0c                HAL_TIM_PWM_ConfigChannel
 .text.TIM_Base_SetConfig
                0x08003c90      0x140 Drivers\STM32F4xx_HAL_Driver\Src\stm32f4xx_hal_tim.o
                0x08003c90                TIM_Base_SetConfig
 .text.TIM_OC1_SetConfig
                0x08003dd0       0xe0 Drivers\STM32F4xx_HAL_Driver\Src\stm32f4xx_hal_tim.o
 .text.TIM_OC2_SetConfig
                0x08003eb0       0xec Drivers\STM32F4xx_HAL_Driver\Src\stm32f4xx_hal_tim.o
                0x08003eb0                TIM_OC2_SetConfig
 .text.TIM_OC3_SetConfig
                0x08003f9c       0xe8 Drivers\STM32F4xx_HAL_Driver\Src\stm32f4xx_hal_tim.o
 .text.TIM_OC4_SetConfig
                0x08004084       0xac Drivers\STM32F4xx_HAL_Driver\Src\stm32f4xx_hal_tim.o
 .text.TIM_TI1_SetConfig
                0x08004130       0xe8 Drivers\STM32F4xx_HAL_Driver\Src\stm32f4xx_hal_tim.o
                0x08004130                TIM_TI1_SetConfig
 .text.TIM_TI2_SetConfig
                0x08004218       0x7a Drivers\STM32F4xx_HAL_Driver\Src\stm32f4xx_hal_tim.o
 .text.TIM_TI3_SetConfig
                0x08004292       0x78 Drivers\STM32F4xx_HAL_Driver\Src\stm32f4xx_hal_tim.o
 .text.TIM_TI4_SetConfig
                0x0800430a       0x7a Drivers\STM32F4xx_HAL_Driver\Src\stm32f4xx_hal_tim.o
 .text.TIM_CCxChannelCmd
                0x08004384       0x4a Drivers\STM32F4xx_HAL_Driver\Src\stm32f4xx_hal_tim.o
                0x08004384                TIM_CCxChannelCmd
 *fill*         0x080043ce        0x2 
 .text.HAL_TIMEx_MasterConfigSynchronization
                0x080043d0       0xf8 Drivers\STM32F4xx_HAL_Driver\Src\stm32f4xx_hal_tim_ex.o
                0x080043d0                HAL_TIMEx_MasterConfigSynchronization
 .text.HAL_UART_Init
                0x080044c8       0x9a Drivers\STM32F4xx_HAL_Driver\Src\stm32f4xx_hal_uart.o
                0x080044c8                HAL_UART_Init
 .text.HAL_UART_Transmit
                0x08004562      0x122 Drivers\STM32F4xx_HAL_Driver\Src\stm32f4xx_hal_uart.o
                0x08004562                HAL_UART_Transmit
 .text.HAL_UART_Receive_IT
                0x08004684       0x60 Drivers\STM32F4xx_HAL_Driver\Src\stm32f4xx_hal_uart.o
                0x08004684                HAL_UART_Receive_IT
 .text.HAL_UART_IRQHandler
                0x080046e4      0x51c Drivers\STM32F4xx_HAL_Driver\Src\stm32f4xx_hal_uart.o
                0x080046e4                HAL_UART_IRQHandler
 .text.HAL_UART_TxCpltCallback
                0x08004c00       0x14 Drivers\STM32F4xx_HAL_Driver\Src\stm32f4xx_hal_uart.o
                0x08004c00                HAL_UART_TxCpltCallback
 .text.HAL_UART_ErrorCallback
                0x08004c14       0x14 Drivers\STM32F4xx_HAL_Driver\Src\stm32f4xx_hal_uart.o
                0x08004c14                HAL_UART_ErrorCallback
 .text.HAL_UARTEx_RxEventCallback
                0x08004c28       0x18 Drivers\STM32F4xx_HAL_Driver\Src\stm32f4xx_hal_uart.o
                0x08004c28                HAL_UARTEx_RxEventCallback
 .text.UART_WaitOnFlagUntilTimeout
                0x08004c40       0xdc Drivers\STM32F4xx_HAL_Driver\Src\stm32f4xx_hal_uart.o
 .text.UART_Start_Receive_IT
                0x08004d1c       0x74 Drivers\STM32F4xx_HAL_Driver\Src\stm32f4xx_hal_uart.o
                0x08004d1c                UART_Start_Receive_IT
 .text.UART_EndRxTransfer
                0x08004d90       0xc6 Drivers\STM32F4xx_HAL_Driver\Src\stm32f4xx_hal_uart.o
 .text.UART_DMAAbortOnError
                0x08004e56       0x28 Drivers\STM32F4xx_HAL_Driver\Src\stm32f4xx_hal_uart.o
 .text.UART_Transmit_IT
                0x08004e7e       0x9e Drivers\STM32F4xx_HAL_Driver\Src\stm32f4xx_hal_uart.o
 .text.UART_EndTransmit_IT
                0x08004f1c       0x30 Drivers\STM32F4xx_HAL_Driver\Src\stm32f4xx_hal_uart.o
 .text.UART_Receive_IT
                0x08004f4c      0x176 Drivers\STM32F4xx_HAL_Driver\Src\stm32f4xx_hal_uart.o
 *fill*         0x080050c2        0x2 
 .text.UART_SetConfig
                0x080050c4      0x360 Drivers\STM32F4xx_HAL_Driver\Src\stm32f4xx_hal_uart.o
 .text.makeFreeRtosPriority
                0x08005424       0x30 Middlewares\Third_Party\FreeRTOS\Source\CMSIS_RTOS\cmsis_os.o
 .text.osKernelStart
                0x08005454        0xe Middlewares\Third_Party\FreeRTOS\Source\CMSIS_RTOS\cmsis_os.o
                0x08005454                osKernelStart
 .text.osThreadCreate
                0x08005462       0x98 Middlewares\Third_Party\FreeRTOS\Source\CMSIS_RTOS\cmsis_os.o
                0x08005462                osThreadCreate
 .text.osDelay  0x080054fa       0x28 Middlewares\Third_Party\FreeRTOS\Source\CMSIS_RTOS\cmsis_os.o
                0x080054fa                osDelay
 .text.vListInitialise
                0x08005522       0x40 Middlewares\Third_Party\FreeRTOS\Source\list.o
                0x08005522                vListInitialise
 .text.vListInitialiseItem
                0x08005562       0x1a Middlewares\Third_Party\FreeRTOS\Source\list.o
                0x08005562                vListInitialiseItem
 .text.vListInsertEnd
                0x0800557c       0x48 Middlewares\Third_Party\FreeRTOS\Source\list.o
                0x0800557c                vListInsertEnd
 .text.vListInsert
                0x080055c4       0x72 Middlewares\Third_Party\FreeRTOS\Source\list.o
                0x080055c4                vListInsert
 .text.uxListRemove
                0x08005636       0x54 Middlewares\Third_Party\FreeRTOS\Source\list.o
                0x08005636                uxListRemove
 *fill*         0x0800568a        0x2 
 .text.pxPortInitialiseStack
                0x0800568c       0x68 Middlewares\Third_Party\FreeRTOS\Source\portable\GCC\ARM_CM4F\port.o
                0x0800568c                pxPortInitialiseStack
 .text.prvTaskExitError
                0x080056f4       0x54 Middlewares\Third_Party\FreeRTOS\Source\portable\GCC\ARM_CM4F\port.o
 *fill*         0x08005748        0x8 
 .text.SVC_Handler
                0x08005750       0x28 Middlewares\Third_Party\FreeRTOS\Source\portable\GCC\ARM_CM4F\port.o
                0x08005750                SVC_Handler
 .text.prvPortStartFirstTask
                0x08005778       0x28 Middlewares\Third_Party\FreeRTOS\Source\portable\GCC\ARM_CM4F\port.o
 .text.xPortStartScheduler
                0x080057a0      0x13c Middlewares\Third_Party\FreeRTOS\Source\portable\GCC\ARM_CM4F\port.o
                0x080057a0                xPortStartScheduler
 .text.vPortEnterCritical
                0x080058dc       0x5c Middlewares\Third_Party\FreeRTOS\Source\portable\GCC\ARM_CM4F\port.o
                0x080058dc                vPortEnterCritical
 .text.vPortExitCritical
                0x08005938       0x50 Middlewares\Third_Party\FreeRTOS\Source\portable\GCC\ARM_CM4F\port.o
                0x08005938                vPortExitCritical
 *fill*         0x08005988        0x8 
 .text.PendSV_Handler
                0x08005990       0x68 Middlewares\Third_Party\FreeRTOS\Source\portable\GCC\ARM_CM4F\port.o
                0x08005990                PendSV_Handler
 .text.xPortSysTickHandler
                0x080059f8       0x40 Middlewares\Third_Party\FreeRTOS\Source\portable\GCC\ARM_CM4F\port.o
                0x080059f8                xPortSysTickHandler
 .text.vPortSetupTimerInterrupt
                0x08005a38       0x48 Middlewares\Third_Party\FreeRTOS\Source\portable\GCC\ARM_CM4F\port.o
                0x08005a38                vPortSetupTimerInterrupt
 .text.vPortEnableVFP
                0x08005a80       0x14 Middlewares\Third_Party\FreeRTOS\Source\portable\GCC\ARM_CM4F\port.o
 .text._sbrk_r  0x08005a94       0xb8 Middlewares\Third_Party\FreeRTOS\Source\portable\MemMang\heap_4.o
                0x08005a94                _sbrk_r
 .text.__malloc_lock
                0x08005b4c       0x50 Middlewares\Third_Party\FreeRTOS\Source\portable\MemMang\heap_4.o
                0x08005b4c                __malloc_lock
 .text.__malloc_unlock
                0x08005b9c       0x14 Middlewares\Third_Party\FreeRTOS\Source\portable\MemMang\heap_4.o
                0x08005b9c                __malloc_unlock
 .text.pvPortMalloc
                0x08005bb0       0x1c Middlewares\Third_Party\FreeRTOS\Source\portable\MemMang\heap_4.o
                0x08005bb0                pvPortMalloc
 .text.vPortFree
                0x08005bcc       0x16 Middlewares\Third_Party\FreeRTOS\Source\portable\MemMang\heap_4.o
                0x08005bcc                vPortFree
 .text.xTaskCreateStatic
                0x08005be2       0xb4 Middlewares\Third_Party\FreeRTOS\Source\tasks.o
                0x08005be2                xTaskCreateStatic
 .text.xTaskCreate
                0x08005c96       0x8a Middlewares\Third_Party\FreeRTOS\Source\tasks.o
                0x08005c96                xTaskCreate
 .text.prvInitialiseNewTask
                0x08005d20      0x10c Middlewares\Third_Party\FreeRTOS\Source\tasks.o
 .text.prvAddNewTaskToReadyList
                0x08005e2c       0xd4 Middlewares\Third_Party\FreeRTOS\Source\tasks.o
 .text.vTaskDelay
                0x08005f00       0x68 Middlewares\Third_Party\FreeRTOS\Source\tasks.o
                0x08005f00                vTaskDelay
 .text.vTaskStartScheduler
                0x08005f68       0xbc Middlewares\Third_Party\FreeRTOS\Source\tasks.o
                0x08005f68                vTaskStartScheduler
 .text.vTaskSuspendAll
                0x08006024       0x1c Middlewares\Third_Party\FreeRTOS\Source\tasks.o
                0x08006024                vTaskSuspendAll
 .text.xTaskResumeAll
                0x08006040      0x138 Middlewares\Third_Party\FreeRTOS\Source\tasks.o
                0x08006040                xTaskResumeAll
 .text.xTaskIncrementTick
                0x08006178      0x170 Middlewares\Third_Party\FreeRTOS\Source\tasks.o
                0x08006178                xTaskIncrementTick
 .text.vTaskSwitchContext
                0x080062e8       0xb4 Middlewares\Third_Party\FreeRTOS\Source\tasks.o
                0x080062e8                vTaskSwitchContext
 .text.prvIdleTask
                0x0800639c       0x30 Middlewares\Third_Party\FreeRTOS\Source\tasks.o
 .text.prvInitialiseTaskLists
                0x080063cc       0x80 Middlewares\Third_Party\FreeRTOS\Source\tasks.o
 .text.prvCheckTasksWaitingTermination
                0x0800644c       0x58 Middlewares\Third_Party\FreeRTOS\Source\tasks.o
 .text.prvDeleteTCB
                0x080064a4       0x5c Middlewares\Third_Party\FreeRTOS\Source\tasks.o
 .text.prvResetNextTaskUnblockTime
                0x08006500       0x40 Middlewares\Third_Party\FreeRTOS\Source\tasks.o
 .text.xTaskGetSchedulerState
                0x08006540       0x3c Middlewares\Third_Party\FreeRTOS\Source\tasks.o
                0x08006540                xTaskGetSchedulerState
 .text.prvAddCurrentTaskToDelayedList
                0x0800657c       0xcc Middlewares\Third_Party\FreeRTOS\Source\tasks.o
 .text.GetTimeTablePlanner
                0x08006648       0x14 Src\automationTask.o
                0x08006648                GetTimeTablePlanner
 .text.FlashWrite
                0x0800665c       0xb0 Src\automationTask.o
                0x0800665c                FlashWrite
 .text.SaveSetting
                0x0800670c       0x94 Src\automationTask.o
                0x0800670c                SaveSetting
 .text.readSetting
                0x080067a0       0x8c Src\automationTask.o
                0x080067a0                readSetting
 .text.StartAutomationTask
                0x0800682c       0x14 Src\automationTask.o
                0x0800682c                StartAutomationTask
 .text.CircularBuffer_init
                0x08006840       0x88 Src\circularbuffer.o
                0x08006840                CircularBuffer_init
 .text.CircularBuffer_getUnreadSize
                0x080068c8       0x58 Src\circularbuffer.o
                0x080068c8                CircularBuffer_getUnreadSize
 .text.CircularBuffer_pushBackByte
                0x08006920       0x84 Src\circularbuffer.o
                0x08006920                CircularBuffer_pushBackByte
 .text.CircularBuffer_popFrontByte
                0x080069a4       0x74 Src\circularbuffer.o
                0x080069a4                CircularBuffer_popFrontByte
 .text.vApplicationGetIdleTaskMemory
                0x08006a18       0x34 Src\freertos.o
                0x08006a18                vApplicationGetIdleTaskMemory
 .text.main     0x08006a4c      0x118 Src\main.o
                0x08006a4c                main
 .text.SystemClock_Config
                0x08006b64       0xd4 Src\main.o
                0x08006b64                SystemClock_Config
 .text.MX_ADC1_Init
                0x08006c38       0xa4 Src\main.o
 .text.MX_CAN1_Init
                0x08006cdc       0x68 Src\main.o
 .text.MX_CRC_Init
                0x08006d44       0x28 Src\main.o
 .text.MX_I2C1_Init
                0x08006d6c       0x5c Src\main.o
 .text.MX_SPI2_Init
                0x08006dc8       0x6c Src\main.o
 .text.MX_TIM2_Init
                0x08006e34       0xe8 Src\main.o
 .text.MX_TIM3_Init
                0x08006f1c       0xa8 Src\main.o
 .text.MX_TIM4_Init
                0x08006fc4       0xc8 Src\main.o
 .text.MX_TIM8_Init
                0x0800708c       0xc4 Src\main.o
 .text.MX_UART5_Init
                0x08007150       0x54 Src\main.o
 .text.MX_USART1_UART_Init
                0x080071a4       0x54 Src\main.o
 .text.MX_USART3_UART_Init
                0x080071f8       0x54 Src\main.o
 .text.MX_GPIO_Init
                0x0800724c      0x150 Src\main.o
 .text.StartDefaultTask
                0x0800739c       0x20 Src\main.o
                0x0800739c                StartDefaultTask
 .text.Error_Handler
                0x080073bc        0x8 Src\main.o
                0x080073bc                Error_Handler
 .text.nextionTrace
                0x080073c4       0x80 Src\nextionDisplay.o
                0x080073c4                nextionTrace
 .text.odczytHarmonogramWdomu
                0x08007444       0x26 Src\nextionDisplay.o
                0x08007444                odczytHarmonogramWdomu
 .text.odczytHarmonogramWbiurze
                0x0800746a       0x28 Src\nextionDisplay.o
                0x0800746a                odczytHarmonogramWbiurze
 .text.odczytHarmonogramTydzWpracy
                0x08007492       0x2a Src\nextionDisplay.o
                0x08007492                odczytHarmonogramTydzWpracy
 .text.odczytHarmonogramUzytkownika
                0x080074bc       0x2a Src\nextionDisplay.o
                0x080074bc                odczytHarmonogramUzytkownika
 *fill*         0x080074e6        0x2 
 .text.wyslanieHarmonogramWdomu
                0x080074e8      0x148 Src\nextionDisplay.o
                0x080074e8                wyslanieHarmonogramWdomu
 .text.wyslanieHarmonogramWbiurze
                0x08007630      0x150 Src\nextionDisplay.o
                0x08007630                wyslanieHarmonogramWbiurze
 .text.wyslanieHarmonogramTydzWpracy
                0x08007780      0x158 Src\nextionDisplay.o
                0x08007780                wyslanieHarmonogramTydzWpracy
 .text.wyslanieHarmonogramUzytkownika
                0x080078d8      0x158 Src\nextionDisplay.o
                0x080078d8                wyslanieHarmonogramUzytkownika
 .text.nextionDisplayHandler
                0x08007a30      0x4c0 Src\nextionDisplay.o
                0x08007a30                nextionDisplayHandler
 .text.StartNextionDisplayTask
                0x08007ef0       0x28 Src\nextionDisplay.o
                0x08007ef0                StartNextionDisplayTask
 .text.HAL_UART_RxCpltCallback
                0x08007f18       0x40 Src\nextionDisplay.o
                0x08007f18                HAL_UART_RxCpltCallback
 .text.StartSensorsTask
                0x08007f58       0x1c Src\sensorsTask.o
                0x08007f58                StartSensorsTask
 .text.BME280_Handler
                0x08007f74      0x264 Src\sensorsTask.o
                0x08007f74                BME280_Handler
 .text.BME280_SetSpiMode
                0x080081d8       0xb8 Src\sensorsTask.o
                0x080081d8                BME280_SetSpiMode
 .text.GetBME280Sensors
                0x08008290       0x14 Src\sensorsTask.o
                0x08008290                GetBME280Sensors
 .text.BME280_SetStatus
                0x080082a4       0x3c Src\sensorsTask.o
                0x080082a4                BME280_SetStatus
 .text.GetActiveSensorBME280
                0x080082e0       0x18 Src\sensorsTask.o
                0x080082e0                GetActiveSensorBME280
 .text.SetActiveSensorBME280
                0x080082f8       0x20 Src\sensorsTask.o
                0x080082f8                SetActiveSensorBME280
 .text.IncrementActiveSensorBME280
                0x08008318       0x2e Src\sensorsTask.o
                0x08008318                IncrementActiveSensorBME280
 *fill*         0x08008346        0x2 
 .text.HAL_MspInit
                0x08008348       0x58 Src\stm32f4xx_hal_msp.o
                0x08008348                HAL_MspInit
 .text.HAL_ADC_MspInit
                0x080083a0       0xc0 Src\stm32f4xx_hal_msp.o
                0x080083a0                HAL_ADC_MspInit
 .text.HAL_CAN_MspInit
                0x08008460       0x90 Src\stm32f4xx_hal_msp.o
                0x08008460                HAL_CAN_MspInit
 .text.HAL_CRC_MspInit
                0x080084f0       0x44 Src\stm32f4xx_hal_msp.o
                0x080084f0                HAL_CRC_MspInit
 .text.HAL_I2C_MspInit
                0x08008534       0x90 Src\stm32f4xx_hal_msp.o
                0x08008534                HAL_I2C_MspInit
 .text.HAL_SPI_MspInit
                0x080085c4       0xd0 Src\stm32f4xx_hal_msp.o
                0x080085c4                HAL_SPI_MspInit
 .text.HAL_TIM_PWM_MspInit
                0x08008694       0x6c Src\stm32f4xx_hal_msp.o
                0x08008694                HAL_TIM_PWM_MspInit
 .text.HAL_TIM_Encoder_MspInit
                0x08008700       0x90 Src\stm32f4xx_hal_msp.o
                0x08008700                HAL_TIM_Encoder_MspInit
 .text.HAL_TIM_IC_MspInit
                0x08008790       0x90 Src\stm32f4xx_hal_msp.o
                0x08008790                HAL_TIM_IC_MspInit
 .text.HAL_TIM_MspPostInit
                0x08008820       0xc0 Src\stm32f4xx_hal_msp.o
                0x08008820                HAL_TIM_MspPostInit
 .text.HAL_UART_MspInit
                0x080088e0      0x1b8 Src\stm32f4xx_hal_msp.o
                0x080088e0                HAL_UART_MspInit
 .text.NMI_Handler
                0x08008a98        0x6 Src\stm32f4xx_it.o
                0x08008a98                NMI_Handler
 .text.HardFault_Handler
                0x08008a9e        0x6 Src\stm32f4xx_it.o
                0x08008a9e                HardFault_Handler
 .text.MemManage_Handler
                0x08008aa4        0x6 Src\stm32f4xx_it.o
                0x08008aa4                MemManage_Handler
 .text.BusFault_Handler
                0x08008aaa        0x6 Src\stm32f4xx_it.o
                0x08008aaa                BusFault_Handler
 .text.UsageFault_Handler
                0x08008ab0        0x6 Src\stm32f4xx_it.o
                0x08008ab0                UsageFault_Handler
 .text.DebugMon_Handler
                0x08008ab6        0xe Src\stm32f4xx_it.o
                0x08008ab6                DebugMon_Handler
 .text.SysTick_Handler
                0x08008ac4       0x1a Src\stm32f4xx_it.o
                0x08008ac4                SysTick_Handler
 *fill*         0x08008ade        0x2 
 .text.USART1_IRQHandler
                0x08008ae0       0x14 Src\stm32f4xx_it.o
                0x08008ae0                USART1_IRQHandler
 .text.convert16BitData
                0x08008af4       0x2a Src\stm_bme_280.o
 .text.convert24BitData
                0x08008b1e       0x2c Src\stm_bme_280.o
 .text.errorHandler
                0x08008b4a        0xe Src\stm_bme_280.o
 .text.SPIx_CsDown
                0x08008b58       0xac Src\stm_bme_280.o
 .text.SPIx_CsUp
                0x08008c04       0x64 Src\stm_bme_280.o
 .text.SPIx_WriteData
                0x08008c68       0x54 Src\stm_bme_280.o
 .text.SPIx_ReadData
                0x08008cbc       0x54 Src\stm_bme_280.o
 .text.SPIx_ReadData16
                0x08008d10       0x74 Src\stm_bme_280.o
 .text.SPIx_ReadData24
                0x08008d84       0x70 Src\stm_bme_280.o
 .text.BME280_Initial
                0x08008df4      0x37c Src\stm_bme_280.o
                0x08008df4                BME280_Initial
 .text.BME280_ReadTemperature
                0x08009170      0x110 Src\stm_bme_280.o
                0x08009170                BME280_ReadTemperature
 .text.BME280_ReadPressure
                0x08009280      0x518 Src\stm_bme_280.o
                0x08009280                BME280_ReadPressure
 .text.BME280_ReadHumidity
                0x08009798      0x168 Src\stm_bme_280.o
                0x08009798                BME280_ReadHumidity
 .text.bme280_WriteReg
                0x08009900       0x24 Src\stm_bme_280.o
 .text.bme280_ReadReg
                0x08009924       0x20 Src\stm_bme_280.o
 .text.bme280_ReadRegPtr
                0x08009944       0x24 Src\stm_bme_280.o
 .text.bme280_ReadStatus
                0x08009968       0x1e Src\stm_bme_280.o
 .text.bme280_ReadData16
                0x08009986       0x1e Src\stm_bme_280.o
 .text.bme280_ReadSignedData16
                0x080099a4       0x1e Src\stm_bme_280.o
 .text.bme280_ReadSignedData16_Convert
                0x080099c2       0x30 Src\stm_bme_280.o
 .text.bme280_ReadRegDataConvert24
                0x080099f2       0x32 Src\stm_bme_280.o
 .text.bme280_ReadCoefficients_Temp
                0x08009a24       0x5c Src\stm_bme_280.o
 .text.bme280_ReadCoefficients_Pres
                0x08009a80       0xf8 Src\stm_bme_280.o
 .text.bme280_ReadCoefficients_Hum
                0x08009b78       0xe8 Src\stm_bme_280.o
 .text.bme280_ReadCoefficients
                0x08009c60       0x2a Src\stm_bme_280.o
 .text.bmp280_ReadCoefficients
                0x08009c8a       0x22 Src\stm_bme_280.o
 .text.bme280_SetStandby
                0x08009cac       0x42 Src\stm_bme_280.o
 .text.bme280_SetFilter
                0x08009cee       0x42 Src\stm_bme_280.o
 .text.bme280_SetOversamplingTemper
                0x08009d30       0x42 Src\stm_bme_280.o
 .text.bme280_SetOversamplingPressure
                0x08009d72       0x42 Src\stm_bme_280.o
 .text.bme280_SetOversamplingHum
                0x08009db4       0x56 Src\stm_bme_280.o
 .text.bme280_SetMode
                0x08009e0a       0x42 Src\stm_bme_280.o
 .text._getpid  0x08009e4c       0x10 Src\syscalls.o
                0x08009e4c                _getpid
 .text._kill    0x08009e5c       0x20 Src\syscalls.o
                0x08009e5c                _kill
 .text._exit    0x08009e7c       0x14 Src\syscalls.o
                0x08009e7c                _exit
 .text._read    0x08009e90       0x3a Src\syscalls.o
                0x08009e90                _read
 .text._write   0x08009eca       0x38 Src\syscalls.o
                0x08009eca                _write
 .text._close   0x08009f02       0x18 Src\syscalls.o
                0x08009f02                _close
 .text._fstat   0x08009f1a       0x20 Src\syscalls.o
                0x08009f1a                _fstat
 .text._isatty  0x08009f3a       0x16 Src\syscalls.o
                0x08009f3a                _isatty
 .text._lseek   0x08009f50       0x1a Src\syscalls.o
                0x08009f50                _lseek
 *fill*         0x08009f6a        0x2 
 .text.SystemInit
                0x08009f6c       0x24 Src\system_stm32f4xx.o
                0x08009f6c                SystemInit
 .text.Reset_Handler
                0x08009f90       0x50 startup\startup_stm32f405xx.o
                0x08009f90                Reset_Handler
 .text.Default_Handler
                0x08009fe0        0x2 startup\startup_stm32f405xx.o
                0x08009fe0                RTC_Alarm_IRQHandler
                0x08009fe0                HASH_RNG_IRQHandler
                0x08009fe0                EXTI2_IRQHandler
                0x08009fe0                TIM8_CC_IRQHandler
                0x08009fe0                TIM1_CC_IRQHandler
                0x08009fe0                DMA2_Stream5_IRQHandler
                0x08009fe0                DMA1_Stream5_IRQHandler
                0x08009fe0                PVD_IRQHandler
                0x08009fe0                SDIO_IRQHandler
                0x08009fe0                TAMP_STAMP_IRQHandler
                0x08009fe0                CAN2_RX1_IRQHandler
                0x08009fe0                EXTI3_IRQHandler
                0x08009fe0                TIM8_TRG_COM_TIM14_IRQHandler
                0x08009fe0                TIM1_UP_TIM10_IRQHandler
                0x08009fe0                TIM8_UP_TIM13_IRQHandler
                0x08009fe0                I2C3_ER_IRQHandler
                0x08009fe0                EXTI0_IRQHandler
                0x08009fe0                I2C2_EV_IRQHandler
                0x08009fe0                DMA1_Stream2_IRQHandler
                0x08009fe0                CAN1_RX0_IRQHandler
                0x08009fe0                FPU_IRQHandler
                0x08009fe0                OTG_HS_WKUP_IRQHandler
                0x08009fe0                CAN2_SCE_IRQHandler
                0x08009fe0                DMA2_Stream2_IRQHandler
                0x08009fe0                SPI1_IRQHandler
                0x08009fe0                TIM6_DAC_IRQHandler
                0x08009fe0                TIM1_BRK_TIM9_IRQHandler
                0x08009fe0                CAN2_RX0_IRQHandler
                0x08009fe0                DMA2_Stream3_IRQHandler
                0x08009fe0                USART6_IRQHandler
                0x08009fe0                USART3_IRQHandler
                0x08009fe0                CAN1_RX1_IRQHandler
                0x08009fe0                UART5_IRQHandler
                0x08009fe0                DMA2_Stream0_IRQHandler
                0x08009fe0                TIM4_IRQHandler
                0x08009fe0                I2C1_EV_IRQHandler
                0x08009fe0                DMA1_Stream6_IRQHandler
                0x08009fe0                DMA1_Stream1_IRQHandler
                0x08009fe0                UART4_IRQHandler
                0x08009fe0                TIM3_IRQHandler
                0x08009fe0                RCC_IRQHandler
                0x08009fe0                TIM8_BRK_TIM12_IRQHandler
                0x08009fe0                Default_Handler
                0x08009fe0                EXTI15_10_IRQHandler
                0x08009fe0                ADC_IRQHandler
                0x08009fe0                DMA1_Stream7_IRQHandler
                0x08009fe0                TIM7_IRQHandler
                0x08009fe0                CAN2_TX_IRQHandler
                0x08009fe0                TIM5_IRQHandler
                0x08009fe0                DMA2_Stream7_IRQHandler
                0x08009fe0                I2C3_EV_IRQHandler
                0x08009fe0                EXTI9_5_IRQHandler
                0x08009fe0                RTC_WKUP_IRQHandler
                0x08009fe0                SPI2_IRQHandler
                0x08009fe0                OTG_HS_EP1_IN_IRQHandler
                0x08009fe0                DMA1_Stream0_IRQHandler
                0x08009fe0                CAN1_TX_IRQHandler
                0x08009fe0                EXTI4_IRQHandler
                0x08009fe0                FSMC_IRQHandler
                0x08009fe0                OTG_HS_EP1_OUT_IRQHandler
                0x08009fe0                WWDG_IRQHandler
                0x08009fe0                TIM2_IRQHandler
                0x08009fe0                OTG_FS_WKUP_IRQHandler
                0x08009fe0                TIM1_TRG_COM_TIM11_IRQHandler
                0x08009fe0                OTG_HS_IRQHandler
                0x08009fe0                EXTI1_IRQHandler
                0x08009fe0                USART2_IRQHandler
                0x08009fe0                I2C2_ER_IRQHandler
                0x08009fe0                DMA2_Stream1_IRQHandler
                0x08009fe0                CAN1_SCE_IRQHandler
                0x08009fe0                FLASH_IRQHandler
                0x08009fe0                DMA2_Stream4_IRQHandler
                0x08009fe0                OTG_FS_IRQHandler
                0x08009fe0                SPI3_IRQHandler
                0x08009fe0                DMA1_Stream4_IRQHandler
                0x08009fe0                I2C1_ER_IRQHandler
                0x08009fe0                DMA2_Stream6_IRQHandler
                0x08009fe0                DMA1_Stream3_IRQHandler
 *fill*         0x08009fe2        0x2 
 .text.__assert_func
                0x08009fe4       0x3c c:/program files (x86)/atollic/truestudio for stm32 9.2.0/armtools/bin/../lib/gcc/arm-atollic-eabi/6.3.1/../../../../arm-atollic-eabi/lib/armv7e-m/fpu\libc.a(lib_a-assert.o)
                0x08009fe4                __assert_func
 .text.__errno  0x0800a020        0xc c:/program files (x86)/atollic/truestudio for stm32 9.2.0/armtools/bin/../lib/gcc/arm-atollic-eabi/6.3.1/../../../../arm-atollic-eabi/lib/armv7e-m/fpu\libc.a(lib_a-errno.o)
                0x0800a020                __errno
 .text.fiprintf
                0x0800a02c       0x24 c:/program files (x86)/atollic/truestudio for stm32 9.2.0/armtools/bin/../lib/gcc/arm-atollic-eabi/6.3.1/../../../../arm-atollic-eabi/lib/armv7e-m/fpu\libc.a(lib_a-fiprintf.o)
                0x0800a02c                fiprintf
 .text.__libc_init_array
                0x0800a050       0x48 c:/program files (x86)/atollic/truestudio for stm32 9.2.0/armtools/bin/../lib/gcc/arm-atollic-eabi/6.3.1/../../../../arm-atollic-eabi/lib/armv7e-m/fpu\libc.a(lib_a-init.o)
                0x0800a050                __libc_init_array
 .text.malloc   0x0800a098       0x10 c:/program files (x86)/atollic/truestudio for stm32 9.2.0/armtools/bin/../lib/gcc/arm-atollic-eabi/6.3.1/../../../../arm-atollic-eabi/lib/armv7e-m/fpu\libc.a(lib_a-malloc.o)
                0x0800a098                malloc
 .text.free     0x0800a0a8       0x10 c:/program files (x86)/atollic/truestudio for stm32 9.2.0/armtools/bin/../lib/gcc/arm-atollic-eabi/6.3.1/../../../../arm-atollic-eabi/lib/armv7e-m/fpu\libc.a(lib_a-malloc.o)
                0x0800a0a8                free
 .text._malloc_r
                0x0800a0b8      0x41c c:/program files (x86)/atollic/truestudio for stm32 9.2.0/armtools/bin/../lib/gcc/arm-atollic-eabi/6.3.1/../../../../arm-atollic-eabi/lib/armv7e-m/fpu\libc.a(lib_a-mallocr.o)
                0x0800a0b8                _malloc_r
 .text.memcpy   0x0800a4d4       0x16 c:/program files (x86)/atollic/truestudio for stm32 9.2.0/armtools/bin/../lib/gcc/arm-atollic-eabi/6.3.1/../../../../arm-atollic-eabi/lib/armv7e-m/fpu\libc.a(lib_a-memcpy-stub.o)
                0x0800a4d4                memcpy
 .text.memset   0x0800a4ea       0x10 c:/program files (x86)/atollic/truestudio for stm32 9.2.0/armtools/bin/../lib/gcc/arm-atollic-eabi/6.3.1/../../../../arm-atollic-eabi/lib/armv7e-m/fpu\libc.a(lib_a-memset.o)
                0x0800a4ea                memset
 .text.strcasecmp
                0x0800a4fa       0x3c c:/program files (x86)/atollic/truestudio for stm32 9.2.0/armtools/bin/../lib/gcc/arm-atollic-eabi/6.3.1/../../../../arm-atollic-eabi/lib/armv7e-m/fpu\libc.a(lib_a-strcasecmp.o)
                0x0800a4fa                strcasecmp
 .text.strchr   0x0800a536       0x1c c:/program files (x86)/atollic/truestudio for stm32 9.2.0/armtools/bin/../lib/gcc/arm-atollic-eabi/6.3.1/../../../../arm-atollic-eabi/lib/armv7e-m/fpu\libc.a(lib_a-strchr.o)
                0x0800a536                strchr
 .text.__sprint_r
                0x0800a552       0x6a c:/program files (x86)/atollic/truestudio for stm32 9.2.0/armtools/bin/../lib/gcc/arm-atollic-eabi/6.3.1/../../../../arm-atollic-eabi/lib/armv7e-m/fpu\libc.a(lib_a-vfiprintf.o)
                0x0800a552                __sprint_r
 .text._vfiprintf_r
                0x0800a5bc      0x8ac c:/program files (x86)/atollic/truestudio for stm32 9.2.0/armtools/bin/../lib/gcc/arm-atollic-eabi/6.3.1/../../../../arm-atollic-eabi/lib/armv7e-m/fpu\libc.a(lib_a-vfiprintf.o)
                0x0800a5bc                _vfiprintf_r
 .text.__sbprintf
                0x0800ae68       0x80 c:/program files (x86)/atollic/truestudio for stm32 9.2.0/armtools/bin/../lib/gcc/arm-atollic-eabi/6.3.1/../../../../arm-atollic-eabi/lib/armv7e-m/fpu\libc.a(lib_a-vfiprintf.o)
 .text._vsnprintf_r
                0x0800aee8       0x58 c:/program files (x86)/atollic/truestudio for stm32 9.2.0/armtools/bin/../lib/gcc/arm-atollic-eabi/6.3.1/../../../../arm-atollic-eabi/lib/armv7e-m/fpu\libc.a(lib_a-vsnprintf.o)
                0x0800aee8                _vsnprintf_r
 .text.vsnprintf
                0x0800af40       0x1c c:/program files (x86)/atollic/truestudio for stm32 9.2.0/armtools/bin/../lib/gcc/arm-atollic-eabi/6.3.1/../../../../arm-atollic-eabi/lib/armv7e-m/fpu\libc.a(lib_a-vsnprintf.o)
                0x0800af40                vsnprintf
 .text.__swsetup_r
                0x0800af5c       0xdc c:/program files (x86)/atollic/truestudio for stm32 9.2.0/armtools/bin/../lib/gcc/arm-atollic-eabi/6.3.1/../../../../arm-atollic-eabi/lib/armv7e-m/fpu\libc.a(lib_a-wsetup.o)
                0x0800af5c                __swsetup_r
 .text.abort    0x0800b038        0xe c:/program files (x86)/atollic/truestudio for stm32 9.2.0/armtools/bin/../lib/gcc/arm-atollic-eabi/6.3.1/../../../../arm-atollic-eabi/lib/armv7e-m/fpu\libc.a(lib_a-abort.o)
                0x0800b038                abort
 *fill*         0x0800b046        0x2 
 .text.__sflush_r
                0x0800b048      0x124 c:/program files (x86)/atollic/truestudio for stm32 9.2.0/armtools/bin/../lib/gcc/arm-atollic-eabi/6.3.1/../../../../arm-atollic-eabi/lib/armv7e-m/fpu\libc.a(lib_a-fflush.o)
                0x0800b048                __sflush_r
 .text._fflush_r
                0x0800b16c       0x78 c:/program files (x86)/atollic/truestudio for stm32 9.2.0/armtools/bin/../lib/gcc/arm-atollic-eabi/6.3.1/../../../../arm-atollic-eabi/lib/armv7e-m/fpu\libc.a(lib_a-fflush.o)
                0x0800b16c                _fflush_r
 .text._cleanup_r
                0x0800b1e4        0xc c:/program files (x86)/atollic/truestudio for stm32 9.2.0/armtools/bin/../lib/gcc/arm-atollic-eabi/6.3.1/../../../../arm-atollic-eabi/lib/armv7e-m/fpu\libc.a(lib_a-findfp.o)
                0x0800b1e4                _cleanup_r
 .text.std.isra.0
                0x0800b1f0       0x48 c:/program files (x86)/atollic/truestudio for stm32 9.2.0/armtools/bin/../lib/gcc/arm-atollic-eabi/6.3.1/../../../../arm-atollic-eabi/lib/armv7e-m/fpu\libc.a(lib_a-findfp.o)
 .text.__sfmoreglue
                0x0800b238       0x2c c:/program files (x86)/atollic/truestudio for stm32 9.2.0/armtools/bin/../lib/gcc/arm-atollic-eabi/6.3.1/../../../../arm-atollic-eabi/lib/armv7e-m/fpu\libc.a(lib_a-findfp.o)
                0x0800b238                __sfmoreglue
 .text.__sfp_lock_acquire
                0x0800b264        0xc c:/program files (x86)/atollic/truestudio for stm32 9.2.0/armtools/bin/../lib/gcc/arm-atollic-eabi/6.3.1/../../../../arm-atollic-eabi/lib/armv7e-m/fpu\libc.a(lib_a-findfp.o)
                0x0800b264                __sfp_lock_acquire
 .text.__sfp_lock_release
                0x0800b270        0xc c:/program files (x86)/atollic/truestudio for stm32 9.2.0/armtools/bin/../lib/gcc/arm-atollic-eabi/6.3.1/../../../../arm-atollic-eabi/lib/armv7e-m/fpu\libc.a(lib_a-findfp.o)
                0x0800b270                __sfp_lock_release
 .text.__sinit_lock_acquire
                0x0800b27c        0xc c:/program files (x86)/atollic/truestudio for stm32 9.2.0/armtools/bin/../lib/gcc/arm-atollic-eabi/6.3.1/../../../../arm-atollic-eabi/lib/armv7e-m/fpu\libc.a(lib_a-findfp.o)
                0x0800b27c                __sinit_lock_acquire
 .text.__sinit_lock_release
                0x0800b288        0xc c:/program files (x86)/atollic/truestudio for stm32 9.2.0/armtools/bin/../lib/gcc/arm-atollic-eabi/6.3.1/../../../../arm-atollic-eabi/lib/armv7e-m/fpu\libc.a(lib_a-findfp.o)
                0x0800b288                __sinit_lock_release
 .text.__sinit  0x0800b294       0x74 c:/program files (x86)/atollic/truestudio for stm32 9.2.0/armtools/bin/../lib/gcc/arm-atollic-eabi/6.3.1/../../../../arm-atollic-eabi/lib/armv7e-m/fpu\libc.a(lib_a-findfp.o)
                0x0800b294                __sinit
 .text.__sfp    0x0800b308       0x8c c:/program files (x86)/atollic/truestudio for stm32 9.2.0/armtools/bin/../lib/gcc/arm-atollic-eabi/6.3.1/../../../../arm-atollic-eabi/lib/armv7e-m/fpu\libc.a(lib_a-findfp.o)
                0x0800b308                __sfp
 .text.__fputwc
                0x0800b394       0x82 c:/program files (x86)/atollic/truestudio for stm32 9.2.0/armtools/bin/../lib/gcc/arm-atollic-eabi/6.3.1/../../../../arm-atollic-eabi/lib/armv7e-m/fpu\libc.a(lib_a-fputwc.o)
                0x0800b394                __fputwc
 .text._fputwc_r
                0x0800b416       0x52 c:/program files (x86)/atollic/truestudio for stm32 9.2.0/armtools/bin/../lib/gcc/arm-atollic-eabi/6.3.1/../../../../arm-atollic-eabi/lib/armv7e-m/fpu\libc.a(lib_a-fputwc.o)
                0x0800b416                _fputwc_r
 .text._malloc_trim_r
                0x0800b468       0xac c:/program files (x86)/atollic/truestudio for stm32 9.2.0/armtools/bin/../lib/gcc/arm-atollic-eabi/6.3.1/../../../../arm-atollic-eabi/lib/armv7e-m/fpu\libc.a(lib_a-freer.o)
                0x0800b468                _malloc_trim_r
 .text._free_r  0x0800b514      0x178 c:/program files (x86)/atollic/truestudio for stm32 9.2.0/armtools/bin/../lib/gcc/arm-atollic-eabi/6.3.1/../../../../arm-atollic-eabi/lib/armv7e-m/fpu\libc.a(lib_a-freer.o)
                0x0800b514                _free_r
 .text.__sfvwrite_r
                0x0800b68c      0x29c c:/program files (x86)/atollic/truestudio for stm32 9.2.0/armtools/bin/../lib/gcc/arm-atollic-eabi/6.3.1/../../../../arm-atollic-eabi/lib/armv7e-m/fpu\libc.a(lib_a-fvwrite.o)
                0x0800b68c                __sfvwrite_r
 .text._fwalk_reent
                0x0800b928       0x3c c:/program files (x86)/atollic/truestudio for stm32 9.2.0/armtools/bin/../lib/gcc/arm-atollic-eabi/6.3.1/../../../../arm-atollic-eabi/lib/armv7e-m/fpu\libc.a(lib_a-fwalk.o)
                0x0800b928                _fwalk_reent
 .text.__locale_mb_cur_max
                0x0800b964       0x1c c:/program files (x86)/atollic/truestudio for stm32 9.2.0/armtools/bin/../lib/gcc/arm-atollic-eabi/6.3.1/../../../../arm-atollic-eabi/lib/armv7e-m/fpu\libc.a(lib_a-locale.o)
                0x0800b964                __locale_mb_cur_max
 .text.__locale_ctype_ptr
                0x0800b980       0x1c c:/program files (x86)/atollic/truestudio for stm32 9.2.0/armtools/bin/../lib/gcc/arm-atollic-eabi/6.3.1/../../../../arm-atollic-eabi/lib/armv7e-m/fpu\libc.a(lib_a-locale.o)
                0x0800b980                __locale_ctype_ptr
 .text.__retarget_lock_init_recursive
                0x0800b99c        0x2 c:/program files (x86)/atollic/truestudio for stm32 9.2.0/armtools/bin/../lib/gcc/arm-atollic-eabi/6.3.1/../../../../arm-atollic-eabi/lib/armv7e-m/fpu\libc.a(lib_a-lock.o)
                0x0800b99c                __retarget_lock_init_recursive
 .text.__retarget_lock_close_recursive
                0x0800b99e        0x2 c:/program files (x86)/atollic/truestudio for stm32 9.2.0/armtools/bin/../lib/gcc/arm-atollic-eabi/6.3.1/../../../../arm-atollic-eabi/lib/armv7e-m/fpu\libc.a(lib_a-lock.o)
                0x0800b99e                __retarget_lock_close_recursive
 .text.__retarget_lock_acquire_recursive
                0x0800b9a0        0x2 c:/program files (x86)/atollic/truestudio for stm32 9.2.0/armtools/bin/../lib/gcc/arm-atollic-eabi/6.3.1/../../../../arm-atollic-eabi/lib/armv7e-m/fpu\libc.a(lib_a-lock.o)
                0x0800b9a0                __retarget_lock_acquire_recursive
 .text.__retarget_lock_release_recursive
                0x0800b9a2        0x2 c:/program files (x86)/atollic/truestudio for stm32 9.2.0/armtools/bin/../lib/gcc/arm-atollic-eabi/6.3.1/../../../../arm-atollic-eabi/lib/armv7e-m/fpu\libc.a(lib_a-lock.o)
                0x0800b9a2                __retarget_lock_release_recursive
 .text.__swhatbuf_r
                0x0800b9a4       0x56 c:/program files (x86)/atollic/truestudio for stm32 9.2.0/armtools/bin/../lib/gcc/arm-atollic-eabi/6.3.1/../../../../arm-atollic-eabi/lib/armv7e-m/fpu\libc.a(lib_a-makebuf.o)
                0x0800b9a4                __swhatbuf_r
 *fill*         0x0800b9fa        0x2 
 .text.__smakebuf_r
                0x0800b9fc       0x80 c:/program files (x86)/atollic/truestudio for stm32 9.2.0/armtools/bin/../lib/gcc/arm-atollic-eabi/6.3.1/../../../../arm-atollic-eabi/lib/armv7e-m/fpu\libc.a(lib_a-makebuf.o)
                0x0800b9fc                __smakebuf_r
 .text.__ascii_mbtowc
                0x0800ba7c       0x24 c:/program files (x86)/atollic/truestudio for stm32 9.2.0/armtools/bin/../lib/gcc/arm-atollic-eabi/6.3.1/../../../../arm-atollic-eabi/lib/armv7e-m/fpu\libc.a(lib_a-mbtowc_r.o)
                0x0800ba7c                __ascii_mbtowc
 .text.memmove  0x0800baa0       0x34 c:/program files (x86)/atollic/truestudio for stm32 9.2.0/armtools/bin/../lib/gcc/arm-atollic-eabi/6.3.1/../../../../arm-atollic-eabi/lib/armv7e-m/fpu\libc.a(lib_a-memmove.o)
                0x0800baa0                memmove
 .text._realloc_r
                0x0800bad4      0x300 c:/program files (x86)/atollic/truestudio for stm32 9.2.0/armtools/bin/../lib/gcc/arm-atollic-eabi/6.3.1/../../../../arm-atollic-eabi/lib/armv7e-m/fpu\libc.a(lib_a-reallocr.o)
                0x0800bad4                _realloc_r
 .text._raise_r
                0x0800bdd4       0x50 c:/program files (x86)/atollic/truestudio for stm32 9.2.0/armtools/bin/../lib/gcc/arm-atollic-eabi/6.3.1/../../../../arm-atollic-eabi/lib/armv7e-m/fpu\libc.a(lib_a-signal.o)
                0x0800bdd4                _raise_r
 .text.raise    0x0800be24       0x10 c:/program files (x86)/atollic/truestudio for stm32 9.2.0/armtools/bin/../lib/gcc/arm-atollic-eabi/6.3.1/../../../../arm-atollic-eabi/lib/armv7e-m/fpu\libc.a(lib_a-signal.o)
                0x0800be24                raise
 .text._kill_r  0x0800be34       0x24 c:/program files (x86)/atollic/truestudio for stm32 9.2.0/armtools/bin/../lib/gcc/arm-atollic-eabi/6.3.1/../../../../arm-atollic-eabi/lib/armv7e-m/fpu\libc.a(lib_a-signalr.o)
                0x0800be34                _kill_r
 .text._getpid_r
                0x0800be58        0x4 c:/program files (x86)/atollic/truestudio for stm32 9.2.0/armtools/bin/../lib/gcc/arm-atollic-eabi/6.3.1/../../../../arm-atollic-eabi/lib/armv7e-m/fpu\libc.a(lib_a-signalr.o)
                0x0800be58                _getpid_r
 .text.__sread  0x0800be5c       0x22 c:/program files (x86)/atollic/truestudio for stm32 9.2.0/armtools/bin/../lib/gcc/arm-atollic-eabi/6.3.1/../../../../arm-atollic-eabi/lib/armv7e-m/fpu\libc.a(lib_a-stdio.o)
                0x0800be5c                __sread
 .text.__swrite
                0x0800be7e       0x38 c:/program files (x86)/atollic/truestudio for stm32 9.2.0/armtools/bin/../lib/gcc/arm-atollic-eabi/6.3.1/../../../../arm-atollic-eabi/lib/armv7e-m/fpu\libc.a(lib_a-stdio.o)
                0x0800be7e                __swrite
 .text.__sseek  0x0800beb6       0x24 c:/program files (x86)/atollic/truestudio for stm32 9.2.0/armtools/bin/../lib/gcc/arm-atollic-eabi/6.3.1/../../../../arm-atollic-eabi/lib/armv7e-m/fpu\libc.a(lib_a-stdio.o)
                0x0800beb6                __sseek
 .text.__sclose
                0x0800beda        0x8 c:/program files (x86)/atollic/truestudio for stm32 9.2.0/armtools/bin/../lib/gcc/arm-atollic-eabi/6.3.1/../../../../arm-atollic-eabi/lib/armv7e-m/fpu\libc.a(lib_a-stdio.o)
                0x0800beda                __sclose
 *fill*         0x0800bee2        0x6 
 .text._svfprintf_r
                0x0800bee8      0xfa8 c:/program files (x86)/atollic/truestudio for stm32 9.2.0/armtools/bin/../lib/gcc/arm-atollic-eabi/6.3.1/../../../../arm-atollic-eabi/lib/armv7e-m/fpu\libc.a(lib_a-svfprintf.o)
                0x0800bee8                _svfprintf_r
 .text.__swbuf_r
                0x0800ce90       0xbc c:/program files (x86)/atollic/truestudio for stm32 9.2.0/armtools/bin/../lib/gcc/arm-atollic-eabi/6.3.1/../../../../arm-atollic-eabi/lib/armv7e-m/fpu\libc.a(lib_a-wbuf.o)
                0x0800ce90                __swbuf_r
 .text._wcrtomb_r
                0x0800cf4c       0x50 c:/program files (x86)/atollic/truestudio for stm32 9.2.0/armtools/bin/../lib/gcc/arm-atollic-eabi/6.3.1/../../../../arm-atollic-eabi/lib/armv7e-m/fpu\libc.a(lib_a-wcrtomb.o)
                0x0800cf4c                _wcrtomb_r
 .text.__ascii_wctomb
                0x0800cf9c       0x1a c:/program files (x86)/atollic/truestudio for stm32 9.2.0/armtools/bin/../lib/gcc/arm-atollic-eabi/6.3.1/../../../../arm-atollic-eabi/lib/armv7e-m/fpu\libc.a(lib_a-wctomb_r.o)
                0x0800cf9c                __ascii_wctomb
 *fill*         0x0800cfb6        0x2 
 .text._write_r
                0x0800cfb8       0x24 c:/program files (x86)/atollic/truestudio for stm32 9.2.0/armtools/bin/../lib/gcc/arm-atollic-eabi/6.3.1/../../../../arm-atollic-eabi/lib/armv7e-m/fpu\libc.a(lib_a-writer.o)
                0x0800cfb8                _write_r
 .text._close_r
                0x0800cfdc       0x20 c:/program files (x86)/atollic/truestudio for stm32 9.2.0/armtools/bin/../lib/gcc/arm-atollic-eabi/6.3.1/../../../../arm-atollic-eabi/lib/armv7e-m/fpu\libc.a(lib_a-closer.o)
                0x0800cfdc                _close_r
 .text.quorem   0x0800cffc      0x118 c:/program files (x86)/atollic/truestudio for stm32 9.2.0/armtools/bin/../lib/gcc/arm-atollic-eabi/6.3.1/../../../../arm-atollic-eabi/lib/armv7e-m/fpu\libc.a(lib_a-dtoa.o)
 *fill*         0x0800d114        0x4 
 .text._dtoa_r  0x0800d118      0xb9c c:/program files (x86)/atollic/truestudio for stm32 9.2.0/armtools/bin/../lib/gcc/arm-atollic-eabi/6.3.1/../../../../arm-atollic-eabi/lib/armv7e-m/fpu\libc.a(lib_a-dtoa.o)
                0x0800d118                _dtoa_r
 .text._fclose_r
                0x0800dcb4       0xd8 c:/program files (x86)/atollic/truestudio for stm32 9.2.0/armtools/bin/../lib/gcc/arm-atollic-eabi/6.3.1/../../../../arm-atollic-eabi/lib/armv7e-m/fpu\libc.a(lib_a-fclose.o)
                0x0800dcb4                _fclose_r
 .text._fstat_r
                0x0800dd8c       0x24 c:/program files (x86)/atollic/truestudio for stm32 9.2.0/armtools/bin/../lib/gcc/arm-atollic-eabi/6.3.1/../../../../arm-atollic-eabi/lib/armv7e-m/fpu\libc.a(lib_a-fstatr.o)
                0x0800dd8c                _fstat_r
 .text._isatty_r
                0x0800ddb0       0x20 c:/program files (x86)/atollic/truestudio for stm32 9.2.0/armtools/bin/../lib/gcc/arm-atollic-eabi/6.3.1/../../../../arm-atollic-eabi/lib/armv7e-m/fpu\libc.a(lib_a-isattyr.o)
                0x0800ddb0                _isatty_r
 .text._localeconv_r
                0x0800ddd0       0x1c c:/program files (x86)/atollic/truestudio for stm32 9.2.0/armtools/bin/../lib/gcc/arm-atollic-eabi/6.3.1/../../../../arm-atollic-eabi/lib/armv7e-m/fpu\libc.a(lib_a-localeconv.o)
                0x0800ddd0                _localeconv_r
 .text._lseek_r
                0x0800ddec       0x24 c:/program files (x86)/atollic/truestudio for stm32 9.2.0/armtools/bin/../lib/gcc/arm-atollic-eabi/6.3.1/../../../../arm-atollic-eabi/lib/armv7e-m/fpu\libc.a(lib_a-lseekr.o)
                0x0800ddec                _lseek_r
 .text._Balloc  0x0800de10       0x68 c:/program files (x86)/atollic/truestudio for stm32 9.2.0/armtools/bin/../lib/gcc/arm-atollic-eabi/6.3.1/../../../../arm-atollic-eabi/lib/armv7e-m/fpu\libc.a(lib_a-mprec.o)
                0x0800de10                _Balloc
 .text._Bfree   0x0800de78       0x2e c:/program files (x86)/atollic/truestudio for stm32 9.2.0/armtools/bin/../lib/gcc/arm-atollic-eabi/6.3.1/../../../../arm-atollic-eabi/lib/armv7e-m/fpu\libc.a(lib_a-mprec.o)
                0x0800de78                _Bfree
 .text.__multadd
                0x0800dea6       0x76 c:/program files (x86)/atollic/truestudio for stm32 9.2.0/armtools/bin/../lib/gcc/arm-atollic-eabi/6.3.1/../../../../arm-atollic-eabi/lib/armv7e-m/fpu\libc.a(lib_a-mprec.o)
                0x0800dea6                __multadd
 .text.__hi0bits
                0x0800df1c       0x3e c:/program files (x86)/atollic/truestudio for stm32 9.2.0/armtools/bin/../lib/gcc/arm-atollic-eabi/6.3.1/../../../../arm-atollic-eabi/lib/armv7e-m/fpu\libc.a(lib_a-mprec.o)
                0x0800df1c                __hi0bits
 .text.__lo0bits
                0x0800df5a       0x5e c:/program files (x86)/atollic/truestudio for stm32 9.2.0/armtools/bin/../lib/gcc/arm-atollic-eabi/6.3.1/../../../../arm-atollic-eabi/lib/armv7e-m/fpu\libc.a(lib_a-mprec.o)
                0x0800df5a                __lo0bits
 .text.__i2b    0x0800dfb8       0x12 c:/program files (x86)/atollic/truestudio for stm32 9.2.0/armtools/bin/../lib/gcc/arm-atollic-eabi/6.3.1/../../../../arm-atollic-eabi/lib/armv7e-m/fpu\libc.a(lib_a-mprec.o)
                0x0800dfb8                __i2b
 .text.__multiply
                0x0800dfca      0x11a c:/program files (x86)/atollic/truestudio for stm32 9.2.0/armtools/bin/../lib/gcc/arm-atollic-eabi/6.3.1/../../../../arm-atollic-eabi/lib/armv7e-m/fpu\libc.a(lib_a-mprec.o)
                0x0800dfca                __multiply
 .text.__pow5mult
                0x0800e0e4       0x9c c:/program files (x86)/atollic/truestudio for stm32 9.2.0/armtools/bin/../lib/gcc/arm-atollic-eabi/6.3.1/../../../../arm-atollic-eabi/lib/armv7e-m/fpu\libc.a(lib_a-mprec.o)
                0x0800e0e4                __pow5mult
 .text.__lshift
                0x0800e180       0xa2 c:/program files (x86)/atollic/truestudio for stm32 9.2.0/armtools/bin/../lib/gcc/arm-atollic-eabi/6.3.1/../../../../arm-atollic-eabi/lib/armv7e-m/fpu\libc.a(lib_a-mprec.o)
                0x0800e180                __lshift
 .text.__mcmp   0x0800e222       0x34 c:/program files (x86)/atollic/truestudio for stm32 9.2.0/armtools/bin/../lib/gcc/arm-atollic-eabi/6.3.1/../../../../arm-atollic-eabi/lib/armv7e-m/fpu\libc.a(lib_a-mprec.o)
                0x0800e222                __mcmp
 .text.__mdiff  0x0800e256       0xbc c:/program files (x86)/atollic/truestudio for stm32 9.2.0/armtools/bin/../lib/gcc/arm-atollic-eabi/6.3.1/../../../../arm-atollic-eabi/lib/armv7e-m/fpu\libc.a(lib_a-mprec.o)
                0x0800e256                __mdiff
 .text.__d2b    0x0800e312       0x9e c:/program files (x86)/atollic/truestudio for stm32 9.2.0/armtools/bin/../lib/gcc/arm-atollic-eabi/6.3.1/../../../../arm-atollic-eabi/lib/armv7e-m/fpu\libc.a(lib_a-mprec.o)
                0x0800e312                __d2b
 .text._read_r  0x0800e3b0       0x24 c:/program files (x86)/atollic/truestudio for stm32 9.2.0/armtools/bin/../lib/gcc/arm-atollic-eabi/6.3.1/../../../../arm-atollic-eabi/lib/armv7e-m/fpu\libc.a(lib_a-readr.o)
                0x0800e3b0                _read_r
 .text.__ssprint_r
                0x0800e3d4       0xf4 c:/program files (x86)/atollic/truestudio for stm32 9.2.0/armtools/bin/../lib/gcc/arm-atollic-eabi/6.3.1/../../../../arm-atollic-eabi/lib/armv7e-m/fpu\libc.a(lib_a-svfiprintf.o)
                0x0800e3d4                __ssprint_r
 .text._calloc_r
                0x0800e4c8       0x5a c:/program files (x86)/atollic/truestudio for stm32 9.2.0/armtools/bin/../lib/gcc/arm-atollic-eabi/6.3.1/../../../../arm-atollic-eabi/lib/armv7e-m/fpu\libc.a(lib_a-callocr.o)
                0x0800e4c8                _calloc_r
 *(.glue_7)
 .glue_7        0x0800e522        0x0 linker stubs
 *(.glue_7t)
 .glue_7t       0x0800e522        0x0 linker stubs
 *(.eh_frame)
 *fill*         0x0800e522        0x2 
 .eh_frame      0x0800e524        0x0 c:/program files (x86)/atollic/truestudio for stm32 9.2.0/armtools/bin/../lib/gcc/arm-atollic-eabi/6.3.1/armv7e-m/fpu/crtbegin.o
 *(.init)
 .init          0x0800e524        0x4 c:/program files (x86)/atollic/truestudio for stm32 9.2.0/armtools/bin/../lib/gcc/arm-atollic-eabi/6.3.1/armv7e-m/fpu/crti.o
                0x0800e524                _init
 .init          0x0800e528        0x8 c:/program files (x86)/atollic/truestudio for stm32 9.2.0/armtools/bin/../lib/gcc/arm-atollic-eabi/6.3.1/armv7e-m/fpu/crtn.o
 *(.fini)
 .fini          0x0800e530        0x4 c:/program files (x86)/atollic/truestudio for stm32 9.2.0/armtools/bin/../lib/gcc/arm-atollic-eabi/6.3.1/armv7e-m/fpu/crti.o
                0x0800e530                _fini
 .fini          0x0800e534        0x8 c:/program files (x86)/atollic/truestudio for stm32 9.2.0/armtools/bin/../lib/gcc/arm-atollic-eabi/6.3.1/armv7e-m/fpu/crtn.o
                0x0800e53c                . = ALIGN (0x4)
                0x0800e53c                _etext = .

.vfp11_veneer   0x0800e53c        0x0
 .vfp11_veneer  0x0800e53c        0x0 linker stubs

.v4_bx          0x0800e53c        0x0
 .v4_bx         0x0800e53c        0x0 linker stubs

.iplt           0x0800e53c        0x0
 .iplt          0x0800e53c        0x0 c:/program files (x86)/atollic/truestudio for stm32 9.2.0/armtools/bin/../lib/gcc/arm-atollic-eabi/6.3.1/armv7e-m/fpu/crtbegin.o

.rodata         0x0800e540      0x5dc
                0x0800e540                . = ALIGN (0x4)
 *(.rodata)
 .rodata        0x0800e540        0x5 Middlewares\Third_Party\FreeRTOS\Source\tasks.o
 *fill*         0x0800e545        0x3 
 .rodata        0x0800e548       0x5d Src\circularbuffer.o
 *fill*         0x0800e5a5        0x3 
 .rodata        0x0800e5a8       0xac Src\main.o
 .rodata        0x0800e654      0x111 Src\nextionDisplay.o
 *(.rodata*)
 *fill*         0x0800e765        0x3 
 .rodata.__func__.6489
                0x0800e768       0x14 Src\circularbuffer.o
 .rodata.__func__.6493
                0x0800e77c       0x1d Src\circularbuffer.o
 *fill*         0x0800e799        0x3 
 .rodata.__func__.6504
                0x0800e79c       0x1c Src\circularbuffer.o
 .rodata.__func__.6510
                0x0800e7b8       0x1c Src\circularbuffer.o
 .rodata.AHBPrescTable
                0x0800e7d4       0x10 Src\system_stm32f4xx.o
                0x0800e7d4                AHBPrescTable
 .rodata.APBPrescTable
                0x0800e7e4        0x8 Src\system_stm32f4xx.o
                0x0800e7e4                APBPrescTable
 .rodata.__assert_func.str1.1
                0x0800e7ec       0x3c c:/program files (x86)/atollic/truestudio for stm32 9.2.0/armtools/bin/../lib/gcc/arm-atollic-eabi/6.3.1/../../../../arm-atollic-eabi/lib/armv7e-m/fpu\libc.a(lib_a-assert.o)
                                 0x3d (size before relaxing)
 .rodata._global_impure_ptr
                0x0800e828        0x4 c:/program files (x86)/atollic/truestudio for stm32 9.2.0/armtools/bin/../lib/gcc/arm-atollic-eabi/6.3.1/../../../../arm-atollic-eabi/lib/armv7e-m/fpu\libc.a(lib_a-impure.o)
                0x0800e828                _global_impure_ptr
 .rodata._vfiprintf_r.str1.1
                0x0800e82c       0x22 c:/program files (x86)/atollic/truestudio for stm32 9.2.0/armtools/bin/../lib/gcc/arm-atollic-eabi/6.3.1/../../../../arm-atollic-eabi/lib/armv7e-m/fpu\libc.a(lib_a-vfiprintf.o)
 .rodata.blanks.8353
                0x0800e84e       0x10 c:/program files (x86)/atollic/truestudio for stm32 9.2.0/armtools/bin/../lib/gcc/arm-atollic-eabi/6.3.1/../../../../arm-atollic-eabi/lib/armv7e-m/fpu\libc.a(lib_a-vfiprintf.o)
 .rodata.zeroes.8354
                0x0800e85e       0x10 c:/program files (x86)/atollic/truestudio for stm32 9.2.0/armtools/bin/../lib/gcc/arm-atollic-eabi/6.3.1/../../../../arm-atollic-eabi/lib/armv7e-m/fpu\libc.a(lib_a-vfiprintf.o)
 *fill*         0x0800e86e        0x2 
 .rodata.__sf_fake_stderr
                0x0800e870       0x20 c:/program files (x86)/atollic/truestudio for stm32 9.2.0/armtools/bin/../lib/gcc/arm-atollic-eabi/6.3.1/../../../../arm-atollic-eabi/lib/armv7e-m/fpu\libc.a(lib_a-findfp.o)
                0x0800e870                __sf_fake_stderr
 .rodata.__sf_fake_stdin
                0x0800e890       0x20 c:/program files (x86)/atollic/truestudio for stm32 9.2.0/armtools/bin/../lib/gcc/arm-atollic-eabi/6.3.1/../../../../arm-atollic-eabi/lib/armv7e-m/fpu\libc.a(lib_a-findfp.o)
                0x0800e890                __sf_fake_stdin
 .rodata.__sf_fake_stdout
                0x0800e8b0       0x20 c:/program files (x86)/atollic/truestudio for stm32 9.2.0/armtools/bin/../lib/gcc/arm-atollic-eabi/6.3.1/../../../../arm-atollic-eabi/lib/armv7e-m/fpu\libc.a(lib_a-findfp.o)
                0x0800e8b0                __sf_fake_stdout
 .rodata._setlocale_r.str1.1
                0x0800e8d0        0x8 c:/program files (x86)/atollic/truestudio for stm32 9.2.0/armtools/bin/../lib/gcc/arm-atollic-eabi/6.3.1/../../../../arm-atollic-eabi/lib/armv7e-m/fpu\libc.a(lib_a-locale.o)
                                  0x9 (size before relaxing)
 .rodata.str1.1
                0x0800e8d8        0x2 c:/program files (x86)/atollic/truestudio for stm32 9.2.0/armtools/bin/../lib/gcc/arm-atollic-eabi/6.3.1/../../../../arm-atollic-eabi/lib/armv7e-m/fpu\libc.a(lib_a-locale.o)
 .rodata._svfprintf_r.str1.1
                0x0800e8da       0x12 c:/program files (x86)/atollic/truestudio for stm32 9.2.0/armtools/bin/../lib/gcc/arm-atollic-eabi/6.3.1/../../../../arm-atollic-eabi/lib/armv7e-m/fpu\libc.a(lib_a-svfprintf.o)
                                 0x34 (size before relaxing)
 .rodata.blanks.8359
                0x0800e8ec       0x10 c:/program files (x86)/atollic/truestudio for stm32 9.2.0/armtools/bin/../lib/gcc/arm-atollic-eabi/6.3.1/../../../../arm-atollic-eabi/lib/armv7e-m/fpu\libc.a(lib_a-svfprintf.o)
 .rodata.zeroes.8360
                0x0800e8fc       0x10 c:/program files (x86)/atollic/truestudio for stm32 9.2.0/armtools/bin/../lib/gcc/arm-atollic-eabi/6.3.1/../../../../arm-atollic-eabi/lib/armv7e-m/fpu\libc.a(lib_a-svfprintf.o)
 .rodata._ctype_
                0x0800e90c      0x101 c:/program files (x86)/atollic/truestudio for stm32 9.2.0/armtools/bin/../lib/gcc/arm-atollic-eabi/6.3.1/../../../../arm-atollic-eabi/lib/armv7e-m/fpu\libc.a(lib_a-ctype_.o)
                0x0800e90c                _ctype_
 .rodata._dtoa_r.str1.1
                0x0800ea0d        0xd c:/program files (x86)/atollic/truestudio for stm32 9.2.0/armtools/bin/../lib/gcc/arm-atollic-eabi/6.3.1/../../../../arm-atollic-eabi/lib/armv7e-m/fpu\libc.a(lib_a-dtoa.o)
                                  0xf (size before relaxing)
 *fill*         0x0800ea1a        0x6 
 .rodata.__mprec_bigtens
                0x0800ea20       0x28 c:/program files (x86)/atollic/truestudio for stm32 9.2.0/armtools/bin/../lib/gcc/arm-atollic-eabi/6.3.1/../../../../arm-atollic-eabi/lib/armv7e-m/fpu\libc.a(lib_a-mprec.o)
                0x0800ea20                __mprec_bigtens
 .rodata.__mprec_tens
                0x0800ea48       0xc8 c:/program files (x86)/atollic/truestudio for stm32 9.2.0/armtools/bin/../lib/gcc/arm-atollic-eabi/6.3.1/../../../../arm-atollic-eabi/lib/armv7e-m/fpu\libc.a(lib_a-mprec.o)
                0x0800ea48                __mprec_tens
 .rodata.p05.7196
                0x0800eb10        0xc c:/program files (x86)/atollic/truestudio for stm32 9.2.0/armtools/bin/../lib/gcc/arm-atollic-eabi/6.3.1/../../../../arm-atollic-eabi/lib/armv7e-m/fpu\libc.a(lib_a-mprec.o)
                0x0800eb1c                . = ALIGN (0x4)

.ARM.extab
 *(.ARM.extab* .gnu.linkonce.armextab.*)

.ARM            0x0800eb1c        0x8
                0x0800eb1c                __exidx_start = .
 *(.ARM.exidx*)
 .ARM.exidx     0x0800eb1c        0x8 c:/program files (x86)/atollic/truestudio for stm32 9.2.0/armtools/bin/../lib/gcc/arm-atollic-eabi/6.3.1/armv7e-m/fpu\libgcc.a(_udivmoddi4.o)
                0x0800eb24                __exidx_end = .

.rel.dyn        0x0800eb24        0x0
 .rel.iplt      0x0800eb24        0x0 c:/program files (x86)/atollic/truestudio for stm32 9.2.0/armtools/bin/../lib/gcc/arm-atollic-eabi/6.3.1/armv7e-m/fpu/crtbegin.o

.preinit_array  0x0800eb24        0x0
                0x0800eb24                PROVIDE (__preinit_array_start, .)
 *(.preinit_array*)
                0x0800eb24                PROVIDE (__preinit_array_end, .)

.init_array     0x0800eb24        0x4
                0x0800eb24                PROVIDE (__init_array_start, .)
 *(SORT(.init_array.*))
 *(.init_array*)
 .init_array    0x0800eb24        0x4 c:/program files (x86)/atollic/truestudio for stm32 9.2.0/armtools/bin/../lib/gcc/arm-atollic-eabi/6.3.1/armv7e-m/fpu/crtbegin.o
                0x0800eb28                PROVIDE (__init_array_end, .)

.fini_array     0x0800eb28        0x4
                [!provide]                PROVIDE (__fini_array_start, .)
 *(SORT(.fini_array.*))
 *(.fini_array*)
 .fini_array    0x0800eb28        0x4 c:/program files (x86)/atollic/truestudio for stm32 9.2.0/armtools/bin/../lib/gcc/arm-atollic-eabi/6.3.1/armv7e-m/fpu/crtbegin.o
                [!provide]                PROVIDE (__fini_array_end, .)
                0x0800eb2c                _sidata = LOADADDR (.data)

.data           0x20000000      0x684 load address 0x0800eb2c
                0x20000000                . = ALIGN (0x4)
                0x20000000                _sdata = .
 *(.data)
 *(.data*)
 .data.uwTickPrio
                0x20000000        0x4 Drivers\STM32F4xx_HAL_Driver\Src\stm32f4xx_hal.o
                0x20000000                uwTickPrio
 .data.uwTickFreq
                0x20000004        0x1 Drivers\STM32F4xx_HAL_Driver\Src\stm32f4xx_hal.o
                0x20000004                uwTickFreq
 *fill*         0x20000005        0x3 
 .data.uxCriticalNesting
                0x20000008        0x4 Middlewares\Third_Party\FreeRTOS\Source\portable\GCC\ARM_CM4F\port.o
 .data.currentHeapEnd.6381
                0x2000000c        0x4 Middlewares\Third_Party\FreeRTOS\Source\portable\MemMang\heap_4.o
 .data.SystemCoreClock
                0x20000010        0x4 Src\system_stm32f4xx.o
                0x20000010                SystemCoreClock
 .data._impure_ptr
                0x20000014        0x4 c:/program files (x86)/atollic/truestudio for stm32 9.2.0/armtools/bin/../lib/gcc/arm-atollic-eabi/6.3.1/../../../../arm-atollic-eabi/lib/armv7e-m/fpu\libc.a(lib_a-impure.o)
                0x20000014                _impure_ptr
 .data.impure_data
                0x20000018       0xf0 c:/program files (x86)/atollic/truestudio for stm32 9.2.0/armtools/bin/../lib/gcc/arm-atollic-eabi/6.3.1/../../../../arm-atollic-eabi/lib/armv7e-m/fpu\libc.a(lib_a-impure.o)
 .data.__malloc_av_
                0x20000108      0x408 c:/program files (x86)/atollic/truestudio for stm32 9.2.0/armtools/bin/../lib/gcc/arm-atollic-eabi/6.3.1/../../../../arm-atollic-eabi/lib/armv7e-m/fpu\libc.a(lib_a-mallocr.o)
                0x20000108                __malloc_av_
 .data.__malloc_sbrk_base
                0x20000510        0x4 c:/program files (x86)/atollic/truestudio for stm32 9.2.0/armtools/bin/../lib/gcc/arm-atollic-eabi/6.3.1/../../../../arm-atollic-eabi/lib/armv7e-m/fpu\libc.a(lib_a-mallocr.o)
                0x20000510                __malloc_sbrk_base
 .data.__malloc_trim_threshold
                0x20000514        0x4 c:/program files (x86)/atollic/truestudio for stm32 9.2.0/armtools/bin/../lib/gcc/arm-atollic-eabi/6.3.1/../../../../arm-atollic-eabi/lib/armv7e-m/fpu\libc.a(lib_a-mallocr.o)
                0x20000514                __malloc_trim_threshold
 .data.__global_locale
                0x20000518      0x16c c:/program files (x86)/atollic/truestudio for stm32 9.2.0/armtools/bin/../lib/gcc/arm-atollic-eabi/6.3.1/../../../../arm-atollic-eabi/lib/armv7e-m/fpu\libc.a(lib_a-locale.o)
                0x20000518                __global_locale
                0x20000684                . = ALIGN (0x4)
                0x20000684                _edata = .
                0x0800f1b0                _siccmram = LOADADDR (.ccmram)

.igot.plt       0x20000684        0x0 load address 0x0800f1b0
 .igot.plt      0x20000684        0x0 c:/program files (x86)/atollic/truestudio for stm32 9.2.0/armtools/bin/../lib/gcc/arm-atollic-eabi/6.3.1/armv7e-m/fpu/crtbegin.o

.ccmram         0x10000000        0x0 load address 0x0800f1b0
                0x10000000                . = ALIGN (0x4)
                0x10000000                _sccmram = .
 *(.ccmram)
 *(.ccmram*)
                0x10000000                . = ALIGN (0x4)
                0x10000000                _eccmram = .
                0x10000000                . = ALIGN (0x4)

.bss            0x20000684     0x1224
                0x20000684                _sbss = .
                0x20000684                __bss_start__ = _sbss
 *(.bss)
 .bss           0x20000684       0x1c c:/program files (x86)/atollic/truestudio for stm32 9.2.0/armtools/bin/../lib/gcc/arm-atollic-eabi/6.3.1/armv7e-m/fpu/crtbegin.o
 *(.bss*)
 .bss.ucMaxSysCallPriority
                0x200006a0        0x1 Middlewares\Third_Party\FreeRTOS\Source\portable\GCC\ARM_CM4F\port.o
 *fill*         0x200006a1        0x3 
 .bss.ulMaxPRIGROUPValue
                0x200006a4        0x4 Middlewares\Third_Party\FreeRTOS\Source\portable\GCC\ARM_CM4F\port.o
 .bss.heapBytesRemaining
                0x200006a8        0x4 Middlewares\Third_Party\FreeRTOS\Source\portable\MemMang\heap_4.o
 .bss.totalBytesProvidedBySBRK
                0x200006ac        0x4 Middlewares\Third_Party\FreeRTOS\Source\portable\MemMang\heap_4.o
 .bss.pxCurrentTCB
                0x200006b0        0x4 Middlewares\Third_Party\FreeRTOS\Source\tasks.o
                0x200006b0                pxCurrentTCB
 .bss.pxReadyTasksLists
                0x200006b4       0x8c Middlewares\Third_Party\FreeRTOS\Source\tasks.o
 .bss.xDelayedTaskList1
                0x20000740       0x14 Middlewares\Third_Party\FreeRTOS\Source\tasks.o
 .bss.xDelayedTaskList2
                0x20000754       0x14 Middlewares\Third_Party\FreeRTOS\Source\tasks.o
 .bss.pxDelayedTaskList
                0x20000768        0x4 Middlewares\Third_Party\FreeRTOS\Source\tasks.o
 .bss.pxOverflowDelayedTaskList
                0x2000076c        0x4 Middlewares\Third_Party\FreeRTOS\Source\tasks.o
 .bss.xPendingReadyList
                0x20000770       0x14 Middlewares\Third_Party\FreeRTOS\Source\tasks.o
 .bss.xTasksWaitingTermination
                0x20000784       0x14 Middlewares\Third_Party\FreeRTOS\Source\tasks.o
 .bss.uxDeletedTasksWaitingCleanUp
                0x20000798        0x4 Middlewares\Third_Party\FreeRTOS\Source\tasks.o
 .bss.xSuspendedTaskList
                0x2000079c       0x14 Middlewares\Third_Party\FreeRTOS\Source\tasks.o
 .bss.uxCurrentNumberOfTasks
                0x200007b0        0x4 Middlewares\Third_Party\FreeRTOS\Source\tasks.o
 .bss.xTickCount
                0x200007b4        0x4 Middlewares\Third_Party\FreeRTOS\Source\tasks.o
 .bss.uxTopReadyPriority
                0x200007b8        0x4 Middlewares\Third_Party\FreeRTOS\Source\tasks.o
 .bss.xSchedulerRunning
                0x200007bc        0x4 Middlewares\Third_Party\FreeRTOS\Source\tasks.o
 .bss.xPendedTicks
                0x200007c0        0x4 Middlewares\Third_Party\FreeRTOS\Source\tasks.o
 .bss.xYieldPending
                0x200007c4        0x4 Middlewares\Third_Party\FreeRTOS\Source\tasks.o
 .bss.xNumOfOverflows
                0x200007c8        0x4 Middlewares\Third_Party\FreeRTOS\Source\tasks.o
 .bss.uxTaskNumber
                0x200007cc        0x4 Middlewares\Third_Party\FreeRTOS\Source\tasks.o
 .bss.xNextTaskUnblockTime
                0x200007d0        0x4 Middlewares\Third_Party\FreeRTOS\Source\tasks.o
 .bss.xIdleTaskHandle
                0x200007d4        0x4 Middlewares\Third_Party\FreeRTOS\Source\tasks.o
 .bss.uxSchedulerSuspended
                0x200007d8        0x4 Middlewares\Third_Party\FreeRTOS\Source\tasks.o
 .bss.timeTablePlanner
                0x200007dc      0x2a1 Src\automationTask.o
                0x200007dc                timeTablePlanner
 *fill*         0x20000a7d        0x3 
 .bss.setupCheckSum
                0x20000a80        0x4 Src\automationTask.o
                0x20000a80                setupCheckSum
 .bss.xIdleTaskTCBBuffer
                0x20000a84       0x54 Src\freertos.o
 .bss.xIdleStack
                0x20000ad8      0x200 Src\freertos.o
 .bss.NextionDisplay_uartRxBuf
                0x20000cd8      0x400 Src\nextionDisplay.o
 .bss.ms.12189  0x200010d8        0x1 Src\nextionDisplay.o
 *fill*         0x200010d9        0x3 
 .bss.startTickTrace.12197
                0x200010dc        0x4 Src\nextionDisplay.o
 .bss.index.12192
                0x200010e0        0x1 Src\nextionDisplay.o
 *fill*         0x200010e1        0x3 
 .bss.parsingBuf.12191
                0x200010e4      0x200 Src\nextionDisplay.o
 .bss.nextionCyclicalTrace.12196
                0x200012e4        0x1 Src\nextionDisplay.o
 .bss.activeSensorBME280
                0x200012e5        0x1 Src\sensorsTask.o
                0x200012e5                activeSensorBME280
 *fill*         0x200012e6        0x2 
 .bss.BME280    0x200012e8       0x8c Src\sensorsTask.o
                0x200012e8                BME280
 .bss.startTickTrace.10823
                0x20001374        0x4 Src\sensorsTask.o
 .bss.tFineValue
                0x20001378       0x1c Src\stm_bme_280.o
                0x20001378                tFineValue
 .bss.__malloc_current_mallinfo
                0x20001394       0x28 c:/program files (x86)/atollic/truestudio for stm32 9.2.0/armtools/bin/../lib/gcc/arm-atollic-eabi/6.3.1/../../../../arm-atollic-eabi/lib/armv7e-m/fpu\libc.a(lib_a-mallocr.o)
                0x20001394                __malloc_current_mallinfo
 .bss.__malloc_max_sbrked_mem
                0x200013bc        0x4 c:/program files (x86)/atollic/truestudio for stm32 9.2.0/armtools/bin/../lib/gcc/arm-atollic-eabi/6.3.1/../../../../arm-atollic-eabi/lib/armv7e-m/fpu\libc.a(lib_a-mallocr.o)
                0x200013bc                __malloc_max_sbrked_mem
 .bss.__malloc_max_total_mem
                0x200013c0        0x4 c:/program files (x86)/atollic/truestudio for stm32 9.2.0/armtools/bin/../lib/gcc/arm-atollic-eabi/6.3.1/../../../../arm-atollic-eabi/lib/armv7e-m/fpu\libc.a(lib_a-mallocr.o)
                0x200013c0                __malloc_max_total_mem
 .bss.__malloc_top_pad
                0x200013c4        0x4 c:/program files (x86)/atollic/truestudio for stm32 9.2.0/armtools/bin/../lib/gcc/arm-atollic-eabi/6.3.1/../../../../arm-atollic-eabi/lib/armv7e-m/fpu\libc.a(lib_a-mallocr.o)
                0x200013c4                __malloc_top_pad
 *(COMMON)
 COMMON         0x200013c8        0x4 Drivers\STM32F4xx_HAL_Driver\Src\stm32f4xx_hal.o
                0x200013c8                uwTick
 COMMON         0x200013cc       0x20 Drivers\STM32F4xx_HAL_Driver\Src\stm32f4xx_hal_flash.o
                0x200013cc                pFlash
 COMMON         0x200013ec        0xc Middlewares\Third_Party\FreeRTOS\Source\portable\MemMang\heap_4.o
                0x200013ec                TotalMallocdBytes
                0x200013f0                TotalHeapSize
                0x200013f4                MallocCallCnt
 COMMON         0x200013f8      0x320 Src\main.o
                0x200013f8                defaultTaskHandle
                0x200013fc                hspi2
                0x20001454                htim8
                0x2000149c                htim4
                0x200014e4                huart3
                0x20001528                hi2c1
                0x2000157c                hcrc
                0x20001584                automationTaskHandle
                0x20001588                sensorsTaskHandle
                0x2000158c                htim3
                0x200015d4                huart5
                0x20001618                hadc1
                0x20001660                huart1
                0x200016a4                htim2
                0x200016ec                nextionDisplayTaskHandle
                0x200016f0                hcan1
 COMMON         0x20001718       0x14 Src\nextionDisplay.o
                0x20001718                RxDataUsart1
                0x2000171c                rxBufferObject
 COMMON         0x2000172c      0x16c Src\stm_bme_280.o
                0x2000172c                CalibData
                0x20001828                BME280_Set
 COMMON         0x20001898        0x9 c:/program files (x86)/atollic/truestudio for stm32 9.2.0/armtools/bin/../lib/gcc/arm-atollic-eabi/6.3.1/../../../../arm-atollic-eabi/lib/armv7e-m/fpu\libc.a(lib_a-lock.o)
                0x20001898                __lock___atexit_recursive_mutex
                0x20001899                __lock___arc4random_mutex
                0x2000189a                __lock___env_recursive_mutex
                0x2000189b                __lock___sinit_recursive_mutex
                0x2000189c                __lock___malloc_recursive_mutex
                0x2000189d                __lock___at_quick_exit_mutex
                0x2000189e                __lock___dd_hash_mutex
                0x2000189f                __lock___tz_mutex
                0x200018a0                __lock___sfp_recursive_mutex
 *fill*         0x200018a1        0x3 
 COMMON         0x200018a4        0x4 c:/program files (x86)/atollic/truestudio for stm32 9.2.0/armtools/bin/../lib/gcc/arm-atollic-eabi/6.3.1/../../../../arm-atollic-eabi/lib/armv7e-m/fpu\libc.a(lib_a-reent.o)
                0x200018a4                errno
                0x200018a8                . = ALIGN (0x4)
                0x200018a8                _ebss = .
                0x200018a8                __bss_end__ = _ebss

._user_heap_stack
                0x200018a8      0xc00
                0x200018a8                . = ALIGN (0x4)
                0x200018a8                PROVIDE (end, .)
                [!provide]                PROVIDE (_end, .)
                0x20001ca8                . = (. + _Min_Heap_Size)
 *fill*         0x200018a8      0x400 
                0x200024a8                . = (. + _Min_Stack_Size)
 *fill*         0x20001ca8      0x800 
                0x200024a8                . = ALIGN (0x4)

/DISCARD/
 libc.a(*)
 libm.a(*)
 libgcc.a(*)

.ARM.attributes
                0x00000000       0x30
 *(.ARM.attributes)
 .ARM.attributes
                0x00000000       0x22 c:/program files (x86)/atollic/truestudio for stm32 9.2.0/armtools/bin/../lib/gcc/arm-atollic-eabi/6.3.1/armv7e-m/fpu/crti.o
 .ARM.attributes
                0x00000022       0x34 c:/program files (x86)/atollic/truestudio for stm32 9.2.0/armtools/bin/../lib/gcc/arm-atollic-eabi/6.3.1/armv7e-m/fpu/crtbegin.o
 .ARM.attributes
                0x00000056       0x39 Drivers\STM32F4xx_HAL_Driver\Src\stm32f4xx_hal.o
 .ARM.attributes
                0x0000008f       0x39 Drivers\STM32F4xx_HAL_Driver\Src\stm32f4xx_hal_adc.o
 .ARM.attributes
                0x000000c8       0x39 Drivers\STM32F4xx_HAL_Driver\Src\stm32f4xx_hal_can.o
 .ARM.attributes
                0x00000101       0x39 Drivers\STM32F4xx_HAL_Driver\Src\stm32f4xx_hal_cortex.o
 .ARM.attributes
                0x0000013a       0x39 Drivers\STM32F4xx_HAL_Driver\Src\stm32f4xx_hal_crc.o
 .ARM.attributes
                0x00000173       0x39 Drivers\STM32F4xx_HAL_Driver\Src\stm32f4xx_hal_dma.o
 .ARM.attributes
                0x000001ac       0x39 Drivers\STM32F4xx_HAL_Driver\Src\stm32f4xx_hal_flash.o
 .ARM.attributes
                0x000001e5       0x39 Drivers\STM32F4xx_HAL_Driver\Src\stm32f4xx_hal_flash_ex.o
 .ARM.attributes
                0x0000021e       0x39 Drivers\STM32F4xx_HAL_Driver\Src\stm32f4xx_hal_gpio.o
 .ARM.attributes
                0x00000257       0x39 Drivers\STM32F4xx_HAL_Driver\Src\stm32f4xx_hal_i2c.o
 .ARM.attributes
                0x00000290       0x39 Drivers\STM32F4xx_HAL_Driver\Src\stm32f4xx_hal_rcc.o
 .ARM.attributes
                0x000002c9       0x39 Drivers\STM32F4xx_HAL_Driver\Src\stm32f4xx_hal_spi.o
 .ARM.attributes
                0x00000302       0x39 Drivers\STM32F4xx_HAL_Driver\Src\stm32f4xx_hal_tim.o
 .ARM.attributes
                0x0000033b       0x39 Drivers\STM32F4xx_HAL_Driver\Src\stm32f4xx_hal_tim_ex.o
 .ARM.attributes
                0x00000374       0x39 Drivers\STM32F4xx_HAL_Driver\Src\stm32f4xx_hal_uart.o
 .ARM.attributes
                0x000003ad       0x39 Middlewares\Third_Party\FreeRTOS\Source\CMSIS_RTOS\cmsis_os.o