main.c:100:5:main	128	static
main.c:198:6:SystemClock_Config	88	static
main.c:243:13:MX_ADC1_Init	24	static
main.c:293:13:MX_CAN1_Init	8	static
main.c:330:13:MX_CRC_Init	8	static
main.c:356:13:MX_I2C1_Init	8	static
main.c:390:13:MX_SPI2_Init	8	static
main.c:428:13:MX_TIM2_Init	48	static
main.c:488:13:MX_TIM3_Init	56	static
main.c:537:13:MX_TIM4_Init	48	static
main.c:590:13:MX_TIM8_Init	32	static
main.c:643:13:MX_UART5_Init	8	static
main.c:676:13:MX_USART1_UART_Init	8	static
main.c:709:13:MX_USART3_UART_Init	8	static
main.c:742:13:MX_GPIO_Init	48	static
main.c:806:6:StartDefaultTask	16	static
main.c:824:6:Error_Handler	4	static
