main.c:96:5:main	104	static
main.c:190:6:SystemClock_Config	88	static
main.c:235:13:MX_ADC1_Init	24	static
main.c:285:13:MX_CAN1_Init	8	static
main.c:322:13:MX_I2C1_Init	8	static
main.c:356:13:MX_SPI2_Init	8	static
main.c:394:13:MX_TIM2_Init	48	static
main.c:454:13:MX_TIM3_Init	56	static
main.c:503:13:MX_TIM4_Init	48	static
main.c:556:13:MX_TIM8_Init	32	static
main.c:609:13:MX_UART5_Init	8	static
main.c:642:13:MX_USART1_UART_Init	8	static
main.c:675:13:MX_USART3_UART_Init	8	static
main.c:708:13:MX_GPIO_Init	48	static
main.c:772:6:StartDefaultTask	16	static
main.c:790:6:Error_Handler	4	static
