stm_bme_280.h:29:24:convert16BitData	16	static
stm_bme_280.h:34:24:convert24BitData	16	static
stm_bme_280.c:27:20:errorHandler	4	static
stm_bme_280.c:38:13:SPIx_CsDown	16	static
stm_bme_280.c:57:13:SPIx_CsUp	8	static
stm_bme_280.c:71:20:SPIx_WriteData	24	static
stm_bme_280.c:91:23:SPIx_ReadData	32	static
stm_bme_280.c:115:13:SPIx_ReadData16	32	static
stm_bme_280.c:138:13:SPIx_ReadData24	40	static
stm_bme_280.c:225:23:BME280_Initial	32	static
stm_bme_280.c:320:7:BME280_ReadTemperature	40	static
stm_bme_280.c:349:7:BME280_ReadPressure	208	static
stm_bme_280.c:395:7:BME280_ReadHumidity	40	static
stm_bme_280.c:431:7:BME280_ReadAltitude	32	static
stm_bme_280.c:442:7:BME280_ReadAltitudeDefSeaLevel	32	static
stm_bme_280.c:453:13:bme280_WriteReg	16	static
stm_bme_280.c:463:16:bme280_ReadReg	24	static
stm_bme_280.c:474:13:bme280_ReadRegPtr	16	static
stm_bme_280.c:486:16:bme280_ReadStatus	16	static
stm_bme_280.c:492:13:bme280_ReadData16	16	static
stm_bme_280.c:502:13:bme280_ReadSignedData16	16	static
stm_bme_280.c:512:13:bme280_ReadSignedData16_Convert	16	static
stm_bme_280.c:525:13:bme280_ReadRegDataConvert24	16	static
stm_bme_280.c:541:13:bme280_ReadCoefficients_Temp	16	static
stm_bme_280.c:548:13:bme280_ReadCoefficients_Pres	16	static
stm_bme_280.c:561:13:bme280_ReadCoefficients_Hum	24	static
stm_bme_280.c:572:13:bme280_ReadCoefficients	16	static
stm_bme_280.c:581:13:bmp280_ReadCoefficients	16	static
stm_bme_280.c:588:13:bme280_SetStandby	24	static
stm_bme_280.c:598:13:bme280_SetFilter	24	static
stm_bme_280.c:608:13:bme280_SetOversamplingTemper	24	static
stm_bme_280.c:618:13:bme280_SetOversamplingPressure	24	static
stm_bme_280.c:628:13:bme280_SetOversamplingHum	24	static
stm_bme_280.c:641:13:bme280_SetMode	24	static
